{
    "cram": {
        "content": [
            [
                
            ]
        ],
        "timestamp": "2023-11-27T11:34:41.251843112"
    },
    "versions": {
        "content": [
            [
                "versions.yml:md5,f4e3de8480e34bd985000ee28a1f2405"
            ]
        ],
        "timestamp": "2023-11-27T11:21:43.019288225"
    },
    "bam": {
        "content": [
            [
                [
                    {
                        "id": "test",
                        "single_end": false
                    },
                    "test.bam:md5,d41d8cd98f00b204e9800998ecf8427e"
                ]
            ]
        ],
        "timestamp": "2023-11-27T11:35:30.625878504"
    }
}