{
    "sarscov2 - genome [gff3] - stub": {
        "content": [
            [
                "test.tsv",
                "versions.yml:md5,1866660991c9d87acc28236b9d026438"
            ]
        ],
        "meta": {
            "nf-test": "0.9.0",
            "nextflow": "24.10.3"
        },
        "timestamp": "2025-01-15T13:13:51.099041"
    },
    "sarscov2 - genome [gff3]": {
        "content": [
            {
                "0": [
                    [
                        {
                            "id": "test"
                        },
                        "test.tsv:md5,8373d2035689d23694f87606116cdccd"
                    ]
                ],
                "1": [
                    "versions.yml:md5,1866660991c9d87acc28236b9d026438"
                ],
                "tsv": [
                    [
                        {
                            "id": "test"
                        },
                        "test.tsv:md5,8373d2035689d23694f87606116cdccd"
                    ]
                ],
                "versions": [
                    "versions.yml:md5,1866660991c9d87acc28236b9d026438"
                ]
            }
        ],
        "meta": {
            "nf-test": "0.9.0",
            "nextflow": "24.10.3"
        },
        "timestamp": "2025-01-15T13:13:44.904263"
    }
}