{
    "sarscov2 - [[vcf1, vcf2], [tbi1, tbi2]]": {
        "content": [
            [
                [
                    {
                        "id": "test"
                    },
                    "test"
                ]
            ],
            [
                "versions.yml:md5,c5b5a1204cf56fec79d17e1913eaca27"
            ]
        ],
        "meta": {
            "nf-test": "0.8.4",
            "nextflow": "24.04.2"
        },
        "timestamp": "2024-06-03T11:43:55.820868944"
    }
}