{
    "homo_sapiens - bam - pairedend -- stub": {
        "content": [
            {
                "circrna": [
                    [
                        {
                            "id": "test",
                            "single_end": false
                        },
                        "test.txt:md5,d41d8cd98f00b204e9800998ecf8427e"
                    ]
                ],
                "error_log": [
                    [
                        {
                            "id": "test",
                            "single_end": false
                        },
                        "CIRIerror.log:md5,d41d8cd98f00b204e9800998ecf8427e"
                    ]
                ],
                "log": [
                    
                ],
                "versions_ciri2": [
                    [
                        "CIRI2",
                        "CIRI2.pl",
                        "2.0.6"
                    ]
                ],
                "versions_samtools": [
                    [
                        "CIRI2",
                        "samtools",
                        "1.24"
                    ]
                ]
            }
        ],
        "timestamp": "2026-08-03T18:15:06.818929725",
        "meta": {
            "nf-test": "0.9.5",
            "nextflow": "26.04.3"
        }
    },
    "homo_sapiens - cram - pairedend": {
        "content": [
            {
                "circrna": [
                    [
                        {
                            "id": "test",
                            "single_end": false
                        },
                        "test.txt"
                    ]
                ],
                "error_log": [
                    [
                        {
                            "id": "test",
                            "single_end": false
                        },
                        "CIRIerror.log"
                    ]
                ],
                "log": [
                    [
                        {
                            "id": "test",
                            "single_end": false
                        },
                        "test.txt.log"
                    ]
                ],
                "versions_ciri2": [
                    [
                        "CIRI2",
                        "CIRI2.pl",
                        "2.0.6"
                    ]
                ],
                "versions_samtools": [
                    [
                        "CIRI2",
                        "samtools",
                        "1.24"
                    ]
                ]
            }
        ],
        "timestamp": "2026-08-03T18:14:55.101125146",
        "meta": {
            "nf-test": "0.9.5",
            "nextflow": "26.04.3"
        }
    },
    "homo_sapiens - bam - pairedend": {
        "content": [
            {
                "circrna": [
                    [
                        {
                            "id": "test",
                            "single_end": false
                        },
                        "test.txt"
                    ]
                ],
                "error_log": [
                    [
                        {
                            "id": "test",
                            "single_end": false
                        },
                        "CIRIerror.log"
                    ]
                ],
                "log": [
                    [
                        {
                            "id": "test",
                            "single_end": false
                        },
                        "test.txt.log"
                    ]
                ],
                "versions_ciri2": [
                    [
                        "CIRI2",
                        "CIRI2.pl",
                        "2.0.6"
                    ]
                ],
                "versions_samtools": [
                    [
                        "CIRI2",
                        "samtools",
                        "1.24"
                    ]
                ]
            }
        ],
        "timestamp": "2026-08-03T18:14:44.425677906",
        "meta": {
            "nf-test": "0.9.5",
            "nextflow": "26.04.3"
        }
    },
    "homo_sapiens - cram - pairedend -- stub": {
        "content": [
            {
                "circrna": [
                    [
                        {
                            "id": "test",
                            "single_end": false
                        },
                        "test.txt:md5,d41d8cd98f00b204e9800998ecf8427e"
                    ]
                ],
                "error_log": [
                    [
                        {
                            "id": "test",
                            "single_end": false
                        },
                        "CIRIerror.log:md5,d41d8cd98f00b204e9800998ecf8427e"
                    ]
                ],
                "log": [
                    
                ],
                "versions_ciri2": [
                    [
                        "CIRI2",
                        "CIRI2.pl",
                        "2.0.6"
                    ]
                ],
                "versions_samtools": [
                    [
                        "CIRI2",
                        "samtools",
                        "1.24"
                    ]
                ]
            }
        ],
        "timestamp": "2026-08-03T18:15:17.970863562",
        "meta": {
            "nf-test": "0.9.5",
            "nextflow": "26.04.3"
        }
    }
}