{
    "test-cnvkit-coverage - bam": {
        "content": [
            {
                "0": [
                    [
                        {
                            "id": "test"
                        },
                        "test.cnn:md5,ba0333487d5ef81622cbf4160c1c53b4"
                    ]
                ],
                "1": [
                    [
                        "CNVKIT_COVERAGE",
                        "cnvkit",
                        "0.9.14"
                    ]
                ],
                "coverage": [
                    [
                        {
                            "id": "test"
                        },
                        "test.cnn:md5,ba0333487d5ef81622cbf4160c1c53b4"
                    ]
                ],
                "versions_cnvkit": [
                    [
                        "CNVKIT_COVERAGE",
                        "cnvkit",
                        "0.9.14"
                    ]
                ]
            }
        ],
        "timestamp": "2026-10-09T12:18:42.3779485",
        "meta": {
            "nf-test": "0.9.5",
            "nextflow": "25.10.4"
        }
    },
    "test-cnvkit-coverage - cram": {
        "content": [
            {
                "0": [
                    [
                        {
                            "id": "test"
                        },
                        "test.cnn:md5,ba0333487d5ef81622cbf4160c1c53b4"
                    ]
                ],
                "1": [
                    [
                        "CNVKIT_COVERAGE",
                        "cnvkit",
                        "0.9.14"
                    ]
                ],
                "coverage": [
                    [
                        {
                            "id": "test"
                        },
                        "test.cnn:md5,ba0333487d5ef81622cbf4160c1c53b4"
                    ]
                ],
                "versions_cnvkit": [
                    [
                        "CNVKIT_COVERAGE",
                        "cnvkit",
                        "0.9.14"
                    ]
                ]
            }
        ],
        "timestamp": "2026-10-09T12:19:03.460526442",
        "meta": {
            "nf-test": "0.9.5",
            "nextflow": "25.10.4"
        }
    },
    "test-cnvkit-coverage - bam - stub": {
        "content": [
            {
                "0": [
                    [
                        {
                            "id": "test"
                        },
                        "test.cnn:md5,d41d8cd98f00b204e9800998ecf8427e"
                    ]
                ],
                "1": [
                    [
                        "CNVKIT_COVERAGE",
                        "cnvkit",
                        "0.9.14"
                    ]
                ],
                "coverage": [
                    [
                        {
                            "id": "test"
                        },
                        "test.cnn:md5,d41d8cd98f00b204e9800998ecf8427e"
                    ]
                ],
                "versions_cnvkit": [
                    [
                        "CNVKIT_COVERAGE",
                        "cnvkit",
                        "0.9.14"
                    ]
                ]
            }
        ],
        "timestamp": "2026-10-09T12:19:14.337133422",
        "meta": {
            "nf-test": "0.9.5",
            "nextflow": "25.10.4"
        }
    },
    "test-cnvkit-coverage - cram - stub": {
        "content": [
            {
                "0": [
                    [
                        {
                            "id": "test"
                        },
                        "test.cnn:md5,d41d8cd98f00b204e9800998ecf8427e"
                    ]
                ],
                "1": [
                    [
                        "CNVKIT_COVERAGE",
                        "cnvkit",
                        "0.9.14"
                    ]
                ],
                "coverage": [
                    [
                        {
                            "id": "test"
                        },
                        "test.cnn:md5,d41d8cd98f00b204e9800998ecf8427e"
                    ]
                ],
                "versions_cnvkit": [
                    [
                        "CNVKIT_COVERAGE",
                        "cnvkit",
                        "0.9.14"
                    ]
                ]
            }
        ],
        "timestamp": "2026-10-09T12:19:26.126595222",
        "meta": {
            "nf-test": "0.9.5",
            "nextflow": "25.10.4"
        }
    }
}