{
    "test-panaroo-run": {
        "content": [
            "core_gene_alignment.aln",
            [
                "versions.yml:md5,e0a516954a67b725275ef96988a264b4"
            ]
        ],
        "meta": {
            "nf-test": "0.8.4",
            "nextflow": "24.04.4"
        },
        "timestamp": "2024-08-29T17:22:25.439512"
    }
}