{
    "sarscov2 - vcf": {
        "content": [
            {
                "icf": [
                    [
                        {
                            "id": "test"
                        },
                        [
                            [
                                [
                                    "9:md5,83785c3669e548f79b2d54ee51634dd6",
                                    "chunk_index:md5,607a5b62831e477869a38a513efc101b"
                                ]
                            ],
                            [
                                [
                                    "9:md5,4ace87a6a9cf552c02d72603c98267a6",
                                    "chunk_index:md5,607a5b62831e477869a38a513efc101b"
                                ]
                            ],
                            [
                                [
                                    "9:md5,501152801839bc915ee10655e70ac0e2",
                                    "chunk_index:md5,607a5b62831e477869a38a513efc101b"
                                ]
                            ],
                            [
                                [
                                    [
                                        "9:md5,36ed18dea10ecbfe355fe51e9078ebf3",
                                        "chunk_index:md5,607a5b62831e477869a38a513efc101b"
                                    ]
                                ],
                                [
                                    [
                                        "9:md5,8f7b8448dcb9e1914e13ef255714f0eb",
                                        "chunk_index:md5,607a5b62831e477869a38a513efc101b"
                                    ]
                                ]
                            ],
                            [
                                [
                                    "9:md5,08969a20adb52a85c174b197b7b20f12",
                                    "chunk_index:md5,607a5b62831e477869a38a513efc101b"
                                ]
                            ],
                            [
                                [
                                    [
                                        "9:md5,5ae70e7178e15e58a5f83672a43c0d33",
                                        "chunk_index:md5,607a5b62831e477869a38a513efc101b"
                                    ]
                                ],
                                [
                                    [
                                        "9:md5,699ad2b69ee5f1fc67a3f2ce1dd59313",
                                        "chunk_index:md5,607a5b62831e477869a38a513efc101b"
                                    ]
                                ],
                                [
                                    [
                                        "9:md5,08969a20adb52a85c174b197b7b20f12",
                                        "chunk_index:md5,607a5b62831e477869a38a513efc101b"
                                    ]
                                ],
                                [
                                    [
                                        "9:md5,5dab5c2a372b12e5279ed67b509d2ab7",
                                        "chunk_index:md5,607a5b62831e477869a38a513efc101b"
                                    ]
                                ],
                                [
                                    [
                                        "9:md5,2fe87d89a405713c0d69e175f6adbe35",
                                        "chunk_index:md5,607a5b62831e477869a38a513efc101b"
                                    ]
                                ],
                                [
                                    [
                                        "9:md5,e642fb6d441c4753fc9cd8eff1e41253",
                                        "chunk_index:md5,607a5b62831e477869a38a513efc101b"
                                    ]
                                ],
                                [
                                    [
                                        "9:md5,c1b325cdf550c76d57c3c2a049ce917a",
                                        "chunk_index:md5,607a5b62831e477869a38a513efc101b"
                                    ]
                                ],
                                [
                                    [
                                        "9:md5,feaf5db4a63d704e2745f4d3445b3737",
                                        "chunk_index:md5,607a5b62831e477869a38a513efc101b"
                                    ]
                                ],
                                [
                                    [
                                        "9:md5,17f78c1dd29e423949c62573fc963a94",
                                        "chunk_index:md5,607a5b62831e477869a38a513efc101b"
                                    ]
                                ],
                                [
                                    [
                                        "9:md5,cd7596df562ab05b3221eb08aff68e30",
                                        "chunk_index:md5,607a5b62831e477869a38a513efc101b"
                                    ]
                                ],
                                [
                                    [
                                        "9:md5,69222ed5a7e641eb5dc073ce0bfa0ced",
                                        "chunk_index:md5,607a5b62831e477869a38a513efc101b"
                                    ]
                                ],
                                [
                                    [
                                        "9:md5,a8bfb1cc4296eafb270efc95d81af513",
                                        "chunk_index:md5,607a5b62831e477869a38a513efc101b"
                                    ]
                                ],
                                [
                                    [
                                        "9:md5,08969a20adb52a85c174b197b7b20f12",
                                        "chunk_index:md5,607a5b62831e477869a38a513efc101b"
                                    ]
                                ],
                                [
                                    [
                                        "9:md5,a7eb5667295cc58dc3721f86877b57b9",
                                        "chunk_index:md5,607a5b62831e477869a38a513efc101b"
                                    ]
                                ],
                                [
                                    [
                                        "9:md5,08969a20adb52a85c174b197b7b20f12",
                                        "chunk_index:md5,607a5b62831e477869a38a513efc101b"
                                    ]
                                ],
                                [
                                    [
                                        "9:md5,8365adcaef3eb14d1da26d5402301dcb",
                                        "chunk_index:md5,607a5b62831e477869a38a513efc101b"
                                    ]
                                ],
                                [
                                    [
                                        "9:md5,23c01d29f94fb9308ab3ad4b39b3b3ea",
                                        "chunk_index:md5,607a5b62831e477869a38a513efc101b"
                                    ]
                                ]
                            ],
                            [
                                [
                                    "9:md5,74e15a60b74f99962965a8252a3dd7ca",
                                    "chunk_index:md5,607a5b62831e477869a38a513efc101b"
                                ]
                            ],
                            [
                                [
                                    "9:md5,f10012cfcca3b189166aa3321241ada6",
                                    "chunk_index:md5,607a5b62831e477869a38a513efc101b"
                                ]
                            ],
                            [
                                [
                                    "9:md5,2b174d2287c5b71188776f752dcc53bb",
                                    "chunk_index:md5,607a5b62831e477869a38a513efc101b"
                                ]
                            ],
                            "header.txt:md5,565cbbb0d930be20fc235604da695623",
                            "metadata.json:md5,92216d95c85e074095a5ed7f819e9bb7",
                            [
                                [
                                    "9:md5,2e507a9ca5e75237ff0fbdc36e6662b0",
                                    "chunk_index:md5,607a5b62831e477869a38a513efc101b"
                                ]
                            ]
                        ]
                    ]
                ],
                "versions_vcf2zarr": [
                    [
                        "BIO2ZARR_VCF2ZARREXPLODE",
                        "vcf2zarr",
                        "0.1.8"
                    ]
                ]
            }
        ],
        "meta": {
            "nf-test": "0.9.3",
            "nextflow": "25.10.4"
        },
        "timestamp": "2026-04-16T13:48:37.944686476"
    },
    "sarscov2 - vcf - stub": {
        "content": [
            {
                "icf": [
                    [
                        {
                            "id": "test"
                        },
                        [
                            
                        ]
                    ]
                ],
                "versions_vcf2zarr": [
                    [
                        "BIO2ZARR_VCF2ZARREXPLODE",
                        "vcf2zarr",
                        "0.1.8"
                    ]
                ]
            }
        ],
        "meta": {
            "nf-test": "0.9.3",
            "nextflow": "25.10.4"
        },
        "timestamp": "2026-04-16T13:49:01.420348889"
    }
}