{
    "amrfinderplus/run - haemophilus_influenzae - genome_fna_gz - stub": {
        "content": [
            {
                "db_version": [
                    "4.2.7"
                ],
                "mutation_report": [
                    
                ],
                "report": [
                    [
                        {
                            "id": "test"
                        },
                        "test.tsv:md5,d41d8cd98f00b204e9800998ecf8427e"
                    ]
                ],
                "tool_version": [
                    "4.2.7"
                ],
                "versions_amrfinderplus": [
                    [
                        "AMRFINDERPLUS_RUN",
                        "amrfinderplus",
                        "4.2.7"
                    ]
                ],
                "versions_amrfinderplus_database": [
                    [
                        "AMRFINDERPLUS_RUN",
                        "amrfinderplus-database",
                        ""
                    ]
                ]
            }
        ],
        "timestamp": "2026-03-12T13:02:47.17699",
        "meta": {
            "nf-test": "0.9.4",
            "nextflow": "25.10.4"
        }
    },
    "amrfinderplus/run - haemophilus_influenzae - genome_fna_gz": {
        "content": [
            {
                "db_version": [
                    "2026-01-21.1"
                ],
                "mutation_report": [
                    
                ],
                "report": [
                    [
                        {
                            "id": "test"
                        },
                        "test.tsv:md5,088eb5007e0254882d44b30c95cd9b02"
                    ]
                ],
                "tool_version": [
                    "4.2.7"
                ],
                "versions_amrfinderplus": [
                    [
                        "AMRFINDERPLUS_RUN",
                        "amrfinderplus",
                        "4.2.7"
                    ]
                ],
                "versions_amrfinderplus_database": [
                    [
                        "AMRFINDERPLUS_RUN",
                        "amrfinderplus-database",
                        "2026-01-21.1"
                    ]
                ]
            }
        ],
        "timestamp": "2026-03-12T12:03:51.578005",
        "meta": {
            "nf-test": "0.9.4",
            "nextflow": "25.10.4"
        }
    }
}