{
    "homo_sapiens-genome_21_fasta-success": {
        "content": [
            {
                "0": [
                    [
                        {
                            "id": "test"
                        },
                        "test.tidk.explore.tsv:md5,f7450552e49b5b58d5b85d268097a73b"
                    ]
                ],
                "1": [
                    [
                        {
                            "id": "test"
                        },
                        "test.top.sequence.txt:md5,583dad19558da6e0e5f0b7e43840ed7c"
                    ]
                ],
                "2": [
                    [
                        "TIDK_EXPLORE",
                        "tidk",
                        "0.2.7"
                    ]
                ],
                "explore_tsv": [
                    [
                        {
                            "id": "test"
                        },
                        "test.tidk.explore.tsv:md5,f7450552e49b5b58d5b85d268097a73b"
                    ]
                ],
                "top_sequence": [
                    [
                        {
                            "id": "test"
                        },
                        "test.top.sequence.txt:md5,583dad19558da6e0e5f0b7e43840ed7c"
                    ]
                ],
                "versions_tidk": [
                    [
                        "TIDK_EXPLORE",
                        "tidk",
                        "0.2.7"
                    ]
                ]
            }
        ],
        "meta": {
            "nf-test": "0.9.3",
            "nextflow": "25.10.0"
        },
        "timestamp": "2026-04-21T11:13:36.965352"
    },
    "stub": {
        "content": [
            {
                "0": [
                    [
                        {
                            "id": "test"
                        },
                        "test.tidk.explore.tsv:md5,d41d8cd98f00b204e9800998ecf8427e"
                    ]
                ],
                "1": [
                    [
                        {
                            "id": "test"
                        },
                        "test.top.sequence.txt:md5,d41d8cd98f00b204e9800998ecf8427e"
                    ]
                ],
                "2": [
                    [
                        "TIDK_EXPLORE",
                        "tidk",
                        "0.2.7"
                    ]
                ],
                "explore_tsv": [
                    [
                        {
                            "id": "test"
                        },
                        "test.tidk.explore.tsv:md5,d41d8cd98f00b204e9800998ecf8427e"
                    ]
                ],
                "top_sequence": [
                    [
                        {
                            "id": "test"
                        },
                        "test.top.sequence.txt:md5,d41d8cd98f00b204e9800998ecf8427e"
                    ]
                ],
                "versions_tidk": [
                    [
                        "TIDK_EXPLORE",
                        "tidk",
                        "0.2.7"
                    ]
                ]
            }
        ],
        "meta": {
            "nf-test": "0.9.3",
            "nextflow": "25.10.0"
        },
        "timestamp": "2026-04-21T11:13:53.098724"
    },
    "homo_sapiens-genome_fasta-no_top_sequence": {
        "content": [
            {
                "0": [
                    [
                        {
                            "id": "test"
                        },
                        "test.tidk.explore.tsv:md5,944f49381b397f9292fba77ac2fde706"
                    ]
                ],
                "1": [
                    
                ],
                "2": [
                    [
                        "TIDK_EXPLORE",
                        "tidk",
                        "0.2.7"
                    ]
                ],
                "explore_tsv": [
                    [
                        {
                            "id": "test"
                        },
                        "test.tidk.explore.tsv:md5,944f49381b397f9292fba77ac2fde706"
                    ]
                ],
                "top_sequence": [
                    
                ],
                "versions_tidk": [
                    [
                        "TIDK_EXPLORE",
                        "tidk",
                        "0.2.7"
                    ]
                ]
            }
        ],
        "meta": {
            "nf-test": "0.9.3",
            "nextflow": "25.10.0"
        },
        "timestamp": "2026-04-21T11:13:42.329908"
    }
}