{
    "wig": {
        "content": [
            [
                [
                    {
                        "id": "test",
                        "single_end": false
                    },
                    "test.wig:md5,7c46b6ef30574acdce0ad854f40126ae"
                ]
            ]
        ],
        "timestamp": "2023-12-22T11:24:06.649602"
    },
    "wig - stub": {
        "content": [
            [
                [
                    {
                        "id": "test",
                        "single_end": false
                    },
                    "test.wig:md5,d41d8cd98f00b204e9800998ecf8427e"
                ]
            ]
        ],
        "timestamp": "2023-12-22T11:30:00.831686"
    },
    "versions": {
        "content": [
            [
                "versions.yml:md5,49dfdb5a33d1c11db488fb02d1c95c5a"
            ]
        ],
        "timestamp": "2023-12-22T11:23:58.227251"
    },
    "cov": {
        "content": [
            [
                [
                    {
                        "id": "test",
                        "single_end": false
                    },
                    "test.bed:md5,caf0742f2d4a6f713ceb85268dd48c14"
                ]
            ]
        ],
        "timestamp": "2023-12-22T11:23:58.220115"
    },
    "versions - stub": {
        "content": [
            [
                "versions.yml:md5,49dfdb5a33d1c11db488fb02d1c95c5a"
            ]
        ],
        "timestamp": "2023-12-22T11:30:00.834854"
    },
    "cov - stub": {
        "content": [
            [
                [
                    {
                        "id": "test",
                        "single_end": false
                    },
                    "test.bed:md5,d41d8cd98f00b204e9800998ecf8427e"
                ]
            ]
        ],
        "timestamp": "2023-12-22T11:30:00.826974"
    }
}