{
    "pe no stats - bam": {
        "content": [
            [
                [
                    {
                        "id": "test",
                        "single_end": true
                    },
                    "test.dedup.bam:md5,f05f85af8c18c1bf0a9d8e982302a179"
                ]
            ]
        ],
        "meta": {
            "nf-test": "0.8.4",
            "nextflow": "24.01.0"
        },
        "timestamp": "2024-03-04T14:46:34.458224"
    },
    "no umi - versions": {
        "content": [
            [
                "versions.yml:md5,e2f5146464c09bf7ae98c85ea5410e50"
            ]
        ],
        "meta": {
            "nf-test": "0.8.4",
            "nextflow": "24.01.0"
        },
        "timestamp": "2024-03-04T14:45:27.879871"
    },
    "no umi - bam": {
        "content": [
            [
                [
                    {
                        "id": "test",
                        "single_end": false
                    },
                    "test.dedup.bam:md5,350e942a0d45e8356fa24bc8c47dc1ed"
                ]
            ]
        ],
        "meta": {
            "nf-test": "0.8.4",
            "nextflow": "24.01.0"
        },
        "timestamp": "2024-03-04T14:45:27.867776"
    },
    "se no stats - bam": {
        "content": [
            [
                [
                    {
                        "id": "test",
                        "single_end": true
                    },
                    "test.dedup.bam:md5,cb1e038bc4d990683fa485d632550b54"
                ]
            ]
        ],
        "meta": {
            "nf-test": "0.8.4",
            "nextflow": "24.01.0"
        },
        "timestamp": "2024-03-04T14:46:03.697919"
    },
    "se no stats - versions": {
        "content": [
            [
                "versions.yml:md5,e2f5146464c09bf7ae98c85ea5410e50"
            ]
        ],
        "meta": {
            "nf-test": "0.8.4",
            "nextflow": "24.01.0"
        },
        "timestamp": "2024-03-04T14:46:03.704912"
    },
    "pe - versions": {
        "content": [
            [
                "versions.yml:md5,e2f5146464c09bf7ae98c85ea5410e50"
            ]
        ],
        "meta": {
            "nf-test": "0.8.4",
            "nextflow": "24.01.0"
        },
        "timestamp": "2024-03-04T14:47:04.349618"
    },
    "pe - bam": {
        "content": [
            [
                [
                    {
                        "id": "test",
                        "single_end": true
                    },
                    "test.dedup.bam:md5,f05f85af8c18c1bf0a9d8e982302a179"
                ]
            ]
        ],
        "meta": {
            "nf-test": "0.8.4",
            "nextflow": "24.01.0"
        },
        "timestamp": "2024-03-04T14:47:04.308965"
    },
    "pe no stats - versions": {
        "content": [
            [
                "versions.yml:md5,e2f5146464c09bf7ae98c85ea5410e50"
            ]
        ],
        "meta": {
            "nf-test": "0.8.4",
            "nextflow": "24.01.0"
        },
        "timestamp": "2024-03-04T14:46:34.463888"
    }
}