{
    "clustervisualization - features and clusters - stub": {
        "content": [
            [
                [
                    {
                        "id": "test"
                    },
                    "test.umap.tsv:md5,d41d8cd98f00b204e9800998ecf8427e"
                ]
            ],
            [
                [
                    {
                        "id": "test"
                    },
                    "test.tsne.tsv:md5,d41d8cd98f00b204e9800998ecf8427e"
                ]
            ],
            [
                [
                    {
                        "id": "test"
                    },
                    "test.umap.png:md5,d41d8cd98f00b204e9800998ecf8427e"
                ]
            ],
            [
                [
                    {
                        "id": "test"
                    },
                    "test.tsne.png:md5,d41d8cd98f00b204e9800998ecf8427e"
                ]
            ],
            [
                "versions.yml:md5,76a5042b303be74c24dee681187d6a1f"
            ],
            {
                "CUSTOM_CLUSTERVISUALIZATION": {
                    "python": "3.12.13",
                    "matplotlib": "3.10.9",
                    "numpy": "2.4.4",
                    "pandas": "3.0.3",
                    "scikit-learn": "1.8.0",
                    "seaborn": "0.13.2",
                    "umap-learn": "0.5.12"
                }
            }
        ],
        "timestamp": "2026-05-14T10:35:02.296231051",
        "meta": {
            "nf-test": "0.9.5",
            "nextflow": "26.04.1"
        }
    },
    "clustervisualization - features and clusters": {
        "content": [
            [
                [
                    {
                        "id": "test"
                    },
                    "test.umap.tsv:md5,7796626109d85349a09afd10e46b1639"
                ]
            ],
            [
                [
                    {
                        "id": "test"
                    },
                    "test.tsne.tsv:md5,982f84681db9c804c70e91a9b366fee4"
                ]
            ],
            [
                "versions.yml:md5,a00bfbb9b1b4145177ec0e8a7406caf9"
            ],
            {
                "CUSTOM_CLUSTERVISUALIZATION": {
                    "python": "3.12.13",
                    "pandas": "3.0.3",
                    "matplotlib": "3.10.9",
                    "seaborn": "0.13.2",
                    "umap-learn": "0.5.12",
                    "scikit-learn": "1.8.0"
                }
            }
        ],
        "timestamp": "2026-05-19T12:32:37.586906899",
        "meta": {
            "nf-test": "0.9.5",
            "nextflow": "25.09.0"
        }
    }
}