{
    "test-ectyper": {
        "content": [
            "ectyper.log",
            [
                [
                    {
                        "id": "test",
                        "single_end": false
                    },
                    "test.tsv:md5,ba923d7c7ee7d1047466aafc9a9df208"
                ]
            ],
            "antigen\tbitscore\tdesc\tgene\tgenome_name\tlength\tname\tpident\tqcovhsp\tqlen\tqseqid\tscore\tsend\tsframe\tsharedallele\tsseq\tsseqid\tsstart\ttype",
            {
                "versions_ectyper": [
                    [
                        "ECTYPER",
                        "ectyper",
                        "1.0.0"
                    ]
                ]
            }
        ],
        "timestamp": "2026-04-29T12:15:27.098414",
        "meta": {
            "nf-test": "0.9.5",
            "nextflow": "25.10.4"
        }
    }
}