{
    "versions": {
        "content": [
            [
                "versions.yml:md5,6ae83ef08ccde17c6dc248b9133c0fb8"
            ]
        ],
        "timestamp": "2023-10-17T16:00:45.692964159"
    },
    "sampled": {
        "content": [
            "chr21\t16749965\t21:16749965:T:A\tT\tA\t.\t.\tRAF=0.000312598;AF=0.001;INFO=0.001;BUF=1\tGT\t0|0"
        ],
        "timestamp": "2023-10-17T16:00:45.81432328"
    }
}