{
    "ultra_align -- stub": {
        "content": [
            {
                "0": [
                    [
                        [

                        ],
                        "[].bam:md5,d41d8cd98f00b204e9800998ecf8427e"
                    ]
                ],
                "1": [
                    "versions.yml:md5,49ee786f03311445a52ddc0e4136de60"
                ],
                "bam": [
                    [
                        [

                        ],
                        "[].bam:md5,d41d8cd98f00b204e9800998ecf8427e"
                    ]
                ],
                "versions": [
                    "versions.yml:md5,49ee786f03311445a52ddc0e4136de60"
                ]
            }
        ],
        "meta": {
            "nf-test": "0.9.2",
            "nextflow": "24.10.4"
        },
        "timestamp": "2025-05-27T21:50:53.30243501"
    },
    "ultra_align": {
        "content": [
            {
                "0": [
                    [
                        {
                            "id": "test"
                        },
                        "test.bam:md5,0da7faa1e7031db749b32b20cbf209ad"
                    ]
                ],
                "1": [
                    "versions.yml:md5,49ee786f03311445a52ddc0e4136de60"
                ],
                "bam": [
                    [
                        {
                            "id": "test"
                        },
                        "test.bam:md5,0da7faa1e7031db749b32b20cbf209ad"
                    ]
                ],
                "versions": [
                    "versions.yml:md5,49ee786f03311445a52ddc0e4136de60"
                ]
            }
        ],
        "meta": {
            "nf-test": "0.9.2",
            "nextflow": "24.10.4"
        },
        "timestamp": "2025-05-27T21:50:46.298616054"
    }
}
