{
    "homo_sapiens - bam bai - hapmap -- stub": {
        "content": [
            {
                "0": [
                    [
                        {
                            "id": "test"
                        },
                        "test.txt:md5,d41d8cd98f00b204e9800998ecf8427e"
                    ]
                ],
                "1": [
                    "versions.yml:md5,3bf0fb169d6ae7f35569cafd1d904f6e",
                    "versions.yml:md5,564bdd3eda2bfc9e585010991e3451f7"
                ],
                "txt": [
                    [
                        {
                            "id": "test"
                        },
                        "test.txt:md5,d41d8cd98f00b204e9800998ecf8427e"
                    ]
                ],
                "versions": [
                    "versions.yml:md5,3bf0fb169d6ae7f35569cafd1d904f6e",
                    "versions.yml:md5,564bdd3eda2bfc9e585010991e3451f7"
                ]
            },
            [
                {
                    "BAM_DOCOUNTS_CONTAMINATION_ANGSD:ANGSD_CONTAMINATION": {
                        "angsd": "0.940-dirty"
                    }
                },
                {
                    "BAM_DOCOUNTS_CONTAMINATION_ANGSD:ANGSD_DOCOUNTS": {
                        "angsd": 0.939
                    }
                }
            ]
        ],
        "meta": {
            "nf-test": "0.9.2",
            "nextflow": "24.10.4"
        },
        "timestamp": "2025-05-17T17:55:48.028325718"
    },
    "homo_sapiens - bam bai - hapmap": {
        "content": [
            {
                "0": [
                    [
                        {
                            "id": "test"
                        },
                        "test.txt:md5,82d1c4540168ebd71f572fb1bfd30dda"
                    ]
                ],
                "1": [
                    "versions.yml:md5,3bf0fb169d6ae7f35569cafd1d904f6e",
                    "versions.yml:md5,564bdd3eda2bfc9e585010991e3451f7"
                ],
                "txt": [
                    [
                        {
                            "id": "test"
                        },
                        "test.txt:md5,82d1c4540168ebd71f572fb1bfd30dda"
                    ]
                ],
                "versions": [
                    "versions.yml:md5,3bf0fb169d6ae7f35569cafd1d904f6e",
                    "versions.yml:md5,564bdd3eda2bfc9e585010991e3451f7"
                ]
            }
        ],
        "meta": {
            "nf-test": "0.9.2",
            "nextflow": "24.10.4"
        },
        "timestamp": "2025-05-18T12:43:19.499327396"
    }
}