{
    "Should run with a different symbol column": {
        "content": [
            {
                "0": [
                    [
                        {
                            "id": "test"
                        },
                        "test_filtered.h5ad:md5,5e4f50b4961a1d67a1091056868f34a0"
                    ]
                ],
                "1": [
                    "versions.yml:md5,dae731033657c4bfd6d6b4fd8b226d89"
                ],
                "2": [

                ],
                "h5ad": [
                    [
                        {
                            "id": "test"
                        },
                        "test_filtered.h5ad:md5,5e4f50b4961a1d67a1091056868f34a0"
                    ]
                ],
                "versions": [
                    "versions.yml:md5,dae731033657c4bfd6d6b4fd8b226d89"
                ],
                "zarr": [

                ]
            },
            {
                "SCANPY_FILTER": {
                    "python": "3.12.11",
                    "scanpy": "1.11.4"
                }
            }
        ],
        "timestamp": "2026-05-24T21:24:19.783236",
        "meta": {
            "nf-test": "0.9.5",
            "nextflow": "26.04.1"
        }
    },
    "Should run without failures - stub": {
        "content": [
            {
                "0": [
                    [
                        {
                            "id": "test"
                        },
                        "test_filtered.h5ad:md5,d41d8cd98f00b204e9800998ecf8427e"
                    ]
                ],
                "1": [
                    "versions.yml:md5,cfc7cd776066a7c0a30603ddfe059923"
                ],
                "2": [

                ],
                "h5ad": [
                    [
                        {
                            "id": "test"
                        },
                        "test_filtered.h5ad:md5,d41d8cd98f00b204e9800998ecf8427e"
                    ]
                ],
                "versions": [
                    "versions.yml:md5,cfc7cd776066a7c0a30603ddfe059923"
                ],
                "zarr": [

                ]
            },
            {
                "SCANPY_FILTER": {
                    "python": "3.12.11",
                    "scanpy": "1.11.4"
                }
            }
        ],
        "timestamp": "2026-05-24T21:24:31.446031",
        "meta": {
            "nf-test": "0.9.5",
            "nextflow": "26.04.1"
        }
    },
    "Should run without failures": {
        "content": [
            {
                "0": [
                    [
                        {
                            "id": "test"
                        },
                        "test_filtered.h5ad:md5,5e4f50b4961a1d67a1091056868f34a0"
                    ]
                ],
                "1": [
                    "versions.yml:md5,dae731033657c4bfd6d6b4fd8b226d89"
                ],
                "2": [

                ],
                "h5ad": [
                    [
                        {
                            "id": "test"
                        },
                        "test_filtered.h5ad:md5,5e4f50b4961a1d67a1091056868f34a0"
                    ]
                ],
                "versions": [
                    "versions.yml:md5,dae731033657c4bfd6d6b4fd8b226d89"
                ],
                "zarr": [

                ]
            },
            {
                "SCANPY_FILTER": {
                    "python": "3.12.11",
                    "scanpy": "1.11.4"
                }
            }
        ],
        "timestamp": "2026-05-24T21:24:11.273634",
        "meta": {
            "nf-test": "0.9.5",
            "nextflow": "26.04.1"
        }
    }
}