{
    "hamronization - bacteroides_fragilis - genome_abricate_tsv": {
        "content": [
            {
                "0": [
                    
                ],
                "1": [
                    [
                        {
                            "id": "test"
                        },
                        "test.tsv:md5,4b1024ba25c116a5312944f65dd40e9b"
                    ]
                ],
                "2": [
                    "versions.yml:md5,c826615ee7b88b615cae5bded792b790"
                ],
                "json": [
                    
                ],
                "tsv": [
                    [
                        {
                            "id": "test"
                        },
                        "test.tsv:md5,4b1024ba25c116a5312944f65dd40e9b"
                    ]
                ],
                "versions": [
                    "versions.yml:md5,c826615ee7b88b615cae5bded792b790"
                ]
            }
        ],
        "meta": {
            "nf-test": "0.8.4",
            "nextflow": "23.10.1"
        },
        "timestamp": "2024-02-05T17:14:28.997386925"
    },
    "hamronization - stub": {
        "content": [
            {
                "0": [
                    
                ],
                "1": [
                    
                ],
                "2": [
                    "versions.yml:md5,c826615ee7b88b615cae5bded792b790"
                ],
                "json": [
                    
                ],
                "tsv": [
                    
                ],
                "versions": [
                    "versions.yml:md5,c826615ee7b88b615cae5bded792b790"
                ]
            }
        ],
        "meta": {
            "nf-test": "0.8.4",
            "nextflow": "23.10.1"
        },
        "timestamp": "2024-02-05T16:49:04.02321309"
    }
}