{
    "versions": {
        "content": [
            [
                "versions.yml:md5,96447a7a742e9ea4f497dd4d19bf5d1b"
            ]
        ],
        "timestamp": "2023-10-19T08:04:24.882463835"
    },
    "miniasm_raw_contigs": {
        "content": [
            [
                [
                    {
                        "id": "test",
                        "single_end": true
                    },
                    "miniasm.fasta:md5,6b8903ba09592df99f43ed05fda488f6"
                ]
            ]
        ],
        "timestamp": "2023-10-19T08:04:24.843252417"
    },
    "miniasm_gfa": {
        "content": [
            [
                [
                    {
                        "id": "test",
                        "single_end": true
                    },
                    "miniasm-unpolished.gfa:md5,40ab03a417eafab0cb4ac2c32bd006e1"
                ]
            ]
        ],
        "timestamp": "2023-10-19T08:04:24.863920486"
    }
}