{
    "sarscov2 - fasta - stub": {
        "content": [
            "test.fmi"
        ],
        "meta": {
            "nf-test": "0.9.0",
            "nextflow": "24.10.2"
        },
        "timestamp": "2024-01-20T16:27:00.670884904"
    },
    "sarscov2 - proteome - fasta": {
        "content": [
            {
                "0": [
                    [
                        {
                            "id": "test",
                            "single_end": true
                        },
                        "test.fmi:md5,54fd89f5e4eab61af30175e8aa389598"
                    ]
                ],
                "1": [
                    
                ],
                "2": [
                    
                ],
                "3": [
                    "versions.yml:md5,3cbd427d0187ffee188347830d33dc12"
                ],
                "bwt": [
                    
                ],
                "fmi": [
                    [
                        {
                            "id": "test",
                            "single_end": true
                        },
                        "test.fmi:md5,54fd89f5e4eab61af30175e8aa389598"
                    ]
                ],
                "sa": [
                    
                ],
                "versions": [
                    "versions.yml:md5,3cbd427d0187ffee188347830d33dc12"
                ]
            }
        ],
        "meta": {
            "nf-test": "0.9.0",
            "nextflow": "24.10.2"
        },
        "timestamp": "2025-01-16T09:29:43.118144301"
    },
    "sarscov2 - proteome - keep intermediates": {
        "content": [
            {
                "0": [
                    [
                        {
                            "id": "test",
                            "single_end": true
                        },
                        "test.fmi:md5,54fd89f5e4eab61af30175e8aa389598"
                    ]
                ],
                "1": [
                    [
                        {
                            "id": "test",
                            "single_end": true
                        },
                        "test.bwt:md5,fe639339371f5b4352017522f54d0c99"
                    ]
                ],
                "2": [
                    [
                        {
                            "id": "test",
                            "single_end": true
                        },
                        "test.sa:md5,7d4a6481ad5ffdc2058bb35331a64d4d"
                    ]
                ],
                "3": [
                    "versions.yml:md5,3cbd427d0187ffee188347830d33dc12"
                ],
                "bwt": [
                    [
                        {
                            "id": "test",
                            "single_end": true
                        },
                        "test.bwt:md5,fe639339371f5b4352017522f54d0c99"
                    ]
                ],
                "fmi": [
                    [
                        {
                            "id": "test",
                            "single_end": true
                        },
                        "test.fmi:md5,54fd89f5e4eab61af30175e8aa389598"
                    ]
                ],
                "sa": [
                    [
                        {
                            "id": "test",
                            "single_end": true
                        },
                        "test.sa:md5,7d4a6481ad5ffdc2058bb35331a64d4d"
                    ]
                ],
                "versions": [
                    "versions.yml:md5,3cbd427d0187ffee188347830d33dc12"
                ]
            }
        ],
        "meta": {
            "nf-test": "0.9.0",
            "nextflow": "24.10.2"
        },
        "timestamp": "2025-01-16T09:29:47.890853152"
    }
}