{
    "run inference with downloaded gguf model": {
        "content": [
            {
                "versions_llama_cpp_python": [
                    [
                        "LLAMACPPPYTHON_RUN",
                        "llama-cpp-python",
                        "0.3.16"
                    ]
                ]
            }
        ],
        "timestamp": "2026-04-08T18:13:43.62132008",
        "meta": {
            "nf-test": "0.9.5",
            "nextflow": "25.10.4"
        }
    },
    "stub - run inference with json prompt": {
        "content": [
            {
                "versions_llama_cpp_python": [
                    [
                        "LLAMACPPPYTHON_RUN",
                        "llama-cpp-python",
                        "0.3.16"
                    ]
                ]
            }
        ],
        "timestamp": "2026-04-08T18:13:50.462201237",
        "meta": {
            "nf-test": "0.9.5",
            "nextflow": "25.10.4"
        }
    }
}