{
    "28s_out": {
        "content": [
            {
                "0": [
                    [
                        {
                            "id": "rank"
                        },
                        "rank.hmmrank.tsv.gz:md5,d07a8a166c4795c2c375435bc30336cd"
                    ]
                ],
                "1": [
                    
                ],
                "2": [
                    "versions.yml:md5,afe27ad9b11150e9c2ff77ff1d63e587"
                ],
                "hmmrank": [
                    [
                        {
                            "id": "rank"
                        },
                        "rank.hmmrank.tsv.gz:md5,d07a8a166c4795c2c375435bc30336cd"
                    ]
                ],
                "seqfastas": [
                    
                ],
                "versions": [
                    "versions.yml:md5,afe27ad9b11150e9c2ff77ff1d63e587"
                ]
            }
        ],
        "timestamp": "2026-05-07T11:57:15.396998",
        "meta": {
            "nf-test": "0.9.5",
            "nextflow": "25.10.4"
        }
    },
    "16s_out": {
        "content": [
            {
                "0": [
                    [
                        {
                            "id": "rank"
                        },
                        "rank.hmmrank.tsv.gz:md5,c9839df4d2ddbef1686ab52ed354ab87"
                    ]
                ],
                "1": [
                    [
                        {
                            "id": "arc16s"
                        },
                        "domain_16s.fnaarc16s.fa.gz:md5,8c00033483c62c0e64b8fc4f958eb117"
                    ],
                    [
                        {
                            "id": "bac16s"
                        },
                        "domain_16s.fnabac16s.fa.gz:md5,3e2e39f8d78a5e3965f0c4dc804dd977"
                    ],
                    [
                        {
                            "id": "euk18s"
                        },
                        "domain_16s.fnaeuk18s.fa.gz:md5,c0117af2379df85b13890efde1bcdda4"
                    ]
                ],
                "2": [
                    "versions.yml:md5,afe27ad9b11150e9c2ff77ff1d63e587"
                ],
                "hmmrank": [
                    [
                        {
                            "id": "rank"
                        },
                        "rank.hmmrank.tsv.gz:md5,c9839df4d2ddbef1686ab52ed354ab87"
                    ]
                ],
                "seqfastas": [
                    [
                        {
                            "id": "arc16s"
                        },
                        "domain_16s.fnaarc16s.fa.gz:md5,8c00033483c62c0e64b8fc4f958eb117"
                    ],
                    [
                        {
                            "id": "bac16s"
                        },
                        "domain_16s.fnabac16s.fa.gz:md5,3e2e39f8d78a5e3965f0c4dc804dd977"
                    ],
                    [
                        {
                            "id": "euk18s"
                        },
                        "domain_16s.fnaeuk18s.fa.gz:md5,c0117af2379df85b13890efde1bcdda4"
                    ]
                ],
                "versions": [
                    "versions.yml:md5,afe27ad9b11150e9c2ff77ff1d63e587"
                ]
            }
        ],
        "timestamp": "2026-05-07T11:57:08.203643",
        "meta": {
            "nf-test": "0.9.5",
            "nextflow": "25.10.4"
        }
    }
}