{
    "test_output_cluster.index": {
        "content": [
            "test_output_cluster.index:md5,38908275cdd5727ae0eb9be017f9ca13"
        ],
        "timestamp": "2023-11-21T15:28:32.839871644"
    },
    "test_output_cluster.0": {
        "content": [
            "test_output_cluster.0:md5,fe0181e97deccd7c807e9c14f81ebdc0"
        ],
        "timestamp": "2023-11-21T15:28:32.805287285"
    },
    "test_output_cluster.dbtype": {
        "content": [
            "test_output_cluster.dbtype:md5,5c879eb8a8613fd4537b919e7d68d089"
        ],
        "timestamp": "2023-11-21T15:28:32.829174852"
    }
}