{
    "homo_sapiens - bam - female - stub": {
        "content": [
            {
                "0": [
                    [
                        {
                            "id": "test"
                        },
                        "/clinical/dev/cgg-rd/modules/.nf-test/tests/820adc46fa7e25ac19d769b80cca2e54/work/8c/d300ac181db82932d1f0bda74cb00e/test.vcf.gz"
                    ]
                ],
                "1": [
                    [
                        {
                            "id": "test"
                        },
                        "test.CoverageAndVariantFrequency.txt:md5,d41d8cd98f00b204e9800998ecf8427e"
                    ]
                ],
                "2": [
                    [
                        "CANVAS_GERMLINE",
                        "canvas",
                        "1.40.0.1613+master"
                    ]
                ],
                "covandvarfreq": [
                    [
                        {
                            "id": "test"
                        },
                        "test.CoverageAndVariantFrequency.txt:md5,d41d8cd98f00b204e9800998ecf8427e"
                    ]
                ],
                "vcf": [
                    [
                        {
                            "id": "test"
                        },
                        "/clinical/dev/cgg-rd/modules/.nf-test/tests/820adc46fa7e25ac19d769b80cca2e54/work/8c/d300ac181db82932d1f0bda74cb00e/test.vcf.gz"
                    ]
                ],
                "versions_canvas": [
                    [
                        "CANVAS_GERMLINE",
                        "canvas",
                        "1.40.0.1613+master"
                    ]
                ]
            }
        ],
        "timestamp": "2026-04-13T14:53:34.946767352",
        "meta": {
            "nf-test": "0.9.5",
            "nextflow": "25.04.5"
        }
    },
    "homo_sapiens - bam - male - stub": {
        "content": [
            {
                "0": [
                    [
                        {
                            "id": "test"
                        },
                        "/clinical/dev/cgg-rd/modules/.nf-test/tests/591e766c5a489e377aa71561be6ee3d8/work/b6/9304d8e0f9bdb837a14f92e1bb670a/test.vcf.gz"
                    ]
                ],
                "1": [
                    [
                        {
                            "id": "test"
                        },
                        "test.CoverageAndVariantFrequency.txt:md5,d41d8cd98f00b204e9800998ecf8427e"
                    ]
                ],
                "2": [
                    [
                        "CANVAS_GERMLINE",
                        "canvas",
                        "1.40.0.1613+master"
                    ]
                ],
                "covandvarfreq": [
                    [
                        {
                            "id": "test"
                        },
                        "test.CoverageAndVariantFrequency.txt:md5,d41d8cd98f00b204e9800998ecf8427e"
                    ]
                ],
                "vcf": [
                    [
                        {
                            "id": "test"
                        },
                        "/clinical/dev/cgg-rd/modules/.nf-test/tests/591e766c5a489e377aa71561be6ee3d8/work/b6/9304d8e0f9bdb837a14f92e1bb670a/test.vcf.gz"
                    ]
                ],
                "versions_canvas": [
                    [
                        "CANVAS_GERMLINE",
                        "canvas",
                        "1.40.0.1613+master"
                    ]
                ]
            }
        ],
        "timestamp": "2026-04-13T14:53:43.737814034",
        "meta": {
            "nf-test": "0.9.5",
            "nextflow": "25.04.5"
        }
    }
}