{
    "test_fq_lint_fail": {
        "content": [
            {
                "0": [
                    
                ],
                "1": [
                    
                ],
                "lint": [
                    
                ],
                "versions": [
                    
                ]
            }
        ],
        "timestamp": "2023-10-17T11:27:49.533776"
    },
    "test_fq_lint_success": {
        "content": [
            {
                "0": [
                    [
                        {
                            "id": "test",
                            "single_end": false
                        },
                        "test.fq_lint.txt:md5,ad97318ef85cf80dcc6312cfa726709c"
                    ]
                ],
                "1": [
                    "versions.yml:md5,10ce0730904e55dc8827a894c7042c8c"
                ],
                "lint": [
                    [
                        {
                            "id": "test",
                            "single_end": false
                        },
                        "test.fq_lint.txt:md5,ad97318ef85cf80dcc6312cfa726709c"
                    ]
                ],
                "versions": [
                    "versions.yml:md5,10ce0730904e55dc8827a894c7042c8c"
                ]
            }
        ],
        "timestamp": "2023-10-17T11:27:38.071998"
    }
}