{
    "test-gatk4-condensdepthevidence": {
        "content": [
            [
                "#Chr\tStart\tEnd\ttestN",
                "chr22\t0\t40001\t5642"
            ],
            "test.rd.txt.gz.tbi",
            [
                "versions.yml:md5,d1d29007b92a10b3e50bdd25335013a8"
            ]
        ],
        "meta": {
            "nf-test": "0.8.4",
            "nextflow": "24.04.4"
        },
        "timestamp": "2024-08-26T12:33:21.910858"
    }
}