{
    "mtDNA - bam - vcf.gz": {
        "content": [
            {
                "fasta": [
                    
                ],
                "raw": [
                    [
                        {
                            "id": "test"
                        },
                        "test.txt:md5,3b376b2b17f1fd5b50bc0d283422ebee"
                    ]
                ],
                "vcf": [
                    [
                        {
                            "id": "test"
                        },
                        "test.vcf.gz:md5,90f9b3b786de24e5d087cfab27e516bb"
                    ]
                ],
                "versions_mutserve": [
                    [
                        "MUTSERVE_CALL",
                        "mutserve",
                        "2.0.3"
                    ]
                ]
            }
        ],
        "timestamp": "2026-09-10T12:33:34.46132",
        "meta": {
            "nf-test": "0.9.5",
            "nextflow": "26.04.6"
        }
    },
    "mtDNA - bam - vcf.gz - stub": {
        "content": [
            {
                "fasta": [
                    [
                        {
                            "id": "test"
                        },
                        "test.fasta:md5,d41d8cd98f00b204e9800998ecf8427e"
                    ]
                ],
                "raw": [
                    [
                        {
                            "id": "test"
                        },
                        "test.txt:md5,d41d8cd98f00b204e9800998ecf8427e"
                    ]
                ],
                "vcf": [
                    [
                        {
                            "id": "test"
                        },
                        "test.vcf.gz:md5,68b329da9893e34099c7d8ad5cb9c940"
                    ]
                ],
                "versions_mutserve": [
                    [
                        "MUTSERVE_CALL",
                        "mutserve",
                        "2.0.3"
                    ]
                ]
            }
        ],
        "timestamp": "2026-09-10T12:37:41.293218",
        "meta": {
            "nf-test": "0.9.5",
            "nextflow": "26.04.6"
        }
    }
}