{
    "orfipy - fastq.gz - stub": {
        "content": [
            [
                [
                    {
                        "id": "test_orfipy"
                    },
                    "test_orfipy.bed:md5,d41d8cd98f00b204e9800998ecf8427e"
                ]
            ],
            {
                "versions_orfipy": [
                    [
                        "ORFIPY",
                        "orfipy",
                        "0.0.4"
                    ]
                ]
            }
        ],
        "meta": {
            "nf-test": "0.9.3",
            "nextflow": "25.10.0"
        },
        "timestamp": "2025-12-08T18:49:04.081109602"
    },
    "orfipy - fastq.gz": {
        "content": [
            [
                [
                    {
                        "id": "test_orfipy"
                    },
                    "test_orfipy.bed:md5,9baad47f93d5467e16982241923f8fd0"
                ]
            ],
            {
                "versions_orfipy": [
                    [
                        "ORFIPY",
                        "orfipy",
                        "0.0.4"
                    ]
                ]
            }
        ],
        "meta": {
            "nf-test": "0.9.3",
            "nextflow": "25.10.0"
        },
        "timestamp": "2025-12-08T18:48:22.288369359"
    }
}