{
    "homo_sapiens - pangenome - pangenome_smoothxg_gfa": {
        "content": [
            {
                "0": [
                    [
                        {
                            "id": "test",
                            "single_end": false
                        },
                        "test.og:md5,91a02c7320969d66bc862cdea317e92e"
                    ]
                ],
                "1": [
                    "versions.yml:md5,721a9406e96a94ccb0ec44dc4f76ed09"
                ],
                "unchopped_graph": [
                    [
                        {
                            "id": "test",
                            "single_end": false
                        },
                        "test.og:md5,91a02c7320969d66bc862cdea317e92e"
                    ]
                ],
                "versions": [
                    "versions.yml:md5,721a9406e96a94ccb0ec44dc4f76ed09"
                ]
            }
        ],
        "timestamp": "2024-01-30T10:40:05.942092101"
    }
}