{
    "sarscov2 - [bam, []], fasta": {
        "content": [
            [
                "MT192765.1\t121\tT\t1\t^].\tA",
                "MT192765.1\t122\tA\t1\t.\tA",
                "MT192765.1\t123\tT\t1\t.\tA",
                "MT192765.1\t124\tA\t1\t.\t/",
                "MT192765.1\t125\tA\t1\t.\tE",
                "MT192765.1\t126\tT\t1\t.\t/",
                "MT192765.1\t127\tT\t1\t.\tE"
            ],
            [
                "versions.yml:md5,f9d81f4de0923d5620a446720a6cae7e"
            ]
        ],
        "timestamp": "2023-12-04T18:26:09.600688952"
    },
    "sarscov2 - [bam, bed], fasta": {
        "content": [
            [
                "MT192765.1\t1255\tA\t1\t^],\tE",
                "MT192765.1\t1256\tC\t1\t,\t/",
                "MT192765.1\t1257\tG\t1\t,\t/",
                "MT192765.1\t1258\tG\t1\tt\t/",
                "MT192765.1\t1259\tG\t1\t,\t/",
                "MT192765.1\t1260\tC\t1\t,\tE",
                "MT192765.1\t1261\tG\t1\t,\t/"
            ],
            [
                "versions.yml:md5,f9d81f4de0923d5620a446720a6cae7e"
            ]
        ],
        "timestamp": "2023-12-04T17:22:15.338792705"
    }
}