{
    "test-angsd-contamination": {
        "content": [
            [
                "Seed value of 0 (zero) will use time as seed",
                "-----------------",
                "[readhap] We now have: 58190 snpSites after filtering based on hapMapfile",
                "[readicnts] fname:test.icnts.gz minDepth:2 maxDepth:200",
                "[readicnts] Has read:1557012 sites,  1517472 sites (after depfilter) from ANGSD icnts file"
            ],
            [
                "versions.yml:md5,b7c2f7a8811fc061f3878b21784efa37"
            ]
        ],
        "meta": {
            "nf-test": "0.9.0",
            "nextflow": "24.04.4"
        },
        "timestamp": "2024-09-06T20:30:19.676866"
    },
    "test-angsd-contamination-stub": {
        "content": [
            {
                "0": [
                    [
                        {
                            "id": "test",
                            "single_end": false
                        },
                        "test.txt:md5,d41d8cd98f00b204e9800998ecf8427e"
                    ]
                ],
                "1": [
                    "versions.yml:md5,b7c2f7a8811fc061f3878b21784efa37"
                ],
                "txt": [
                    [
                        {
                            "id": "test",
                            "single_end": false
                        },
                        "test.txt:md5,d41d8cd98f00b204e9800998ecf8427e"
                    ]
                ],
                "versions": [
                    "versions.yml:md5,b7c2f7a8811fc061f3878b21784efa37"
                ]
            }
        ],
        "meta": {
            "nf-test": "0.9.0",
            "nextflow": "24.04.4"
        },
        "timestamp": "2024-09-06T20:30:36.639047"
    }
}