{
    "sarscov2 - [vcf, tbi], [], [], [] - vcf_gz_index_csi - stub": {
        "content": [
            {
                "0": [
                    [
                        {
                            "id": "out",
                            "single_end": false
                        },
                        "out_vcf.vcf.gz:md5,68b329da9893e34099c7d8ad5cb9c940"
                    ]
                ],
                "1": [
                    
                ],
                "2": [
                    [
                        {
                            "id": "out",
                            "single_end": false
                        },
                        "out_vcf.vcf.gz.csi:md5,d41d8cd98f00b204e9800998ecf8427e"
                    ]
                ],
                "3": [
                    [
                        "BCFTOOLS_PLUGINSETGT",
                        "bcftools",
                        "1.22"
                    ]
                ],
                "csi": [
                    [
                        {
                            "id": "out",
                            "single_end": false
                        },
                        "out_vcf.vcf.gz.csi:md5,d41d8cd98f00b204e9800998ecf8427e"
                    ]
                ],
                "tbi": [
                    
                ],
                "vcf": [
                    [
                        {
                            "id": "out",
                            "single_end": false
                        },
                        "out_vcf.vcf.gz:md5,68b329da9893e34099c7d8ad5cb9c940"
                    ]
                ],
                "versions_bcftools": [
                    [
                        "BCFTOOLS_PLUGINSETGT",
                        "bcftools",
                        "1.22"
                    ]
                ]
            }
        ],
        "meta": {
            "nf-test": "0.9.3",
            "nextflow": "25.10.2"
        },
        "timestamp": "2026-01-20T12:14:37.442607574"
    },
    "sarscov2 - [vcf, tbi], [], [], [] - vcf_gz_index_tbi": {
        "content": [
            [
                [
                    {
                        "id": "out",
                        "single_end": false
                    },
                    "out_vcf.vcf.gz:md5,9fb75c9fdb304b49c3895476666a85bb"
                ]
            ],
            [
                
            ],
            [
                [
                    {
                        "id": "out",
                        "single_end": false
                    },
                    "out_vcf.vcf.gz.tbi"
                ]
            ],
            {
                "versions_bcftools": [
                    [
                        "BCFTOOLS_PLUGINSETGT",
                        "bcftools",
                        "1.22"
                    ]
                ]
            }
        ],
        "meta": {
            "nf-test": "0.9.3",
            "nextflow": "25.10.2"
        },
        "timestamp": "2026-01-20T12:14:06.297712936"
    },
    "sarscov2 - [vcf, tbi], [], []": {
        "content": [
            [
                [
                    {
                        "id": "out",
                        "single_end": false
                    },
                    "out.vcf:md5,9fb75c9fdb304b49c3895476666a85bb"
                ]
            ],
            {
                "versions_bcftools": [
                    [
                        "BCFTOOLS_PLUGINSETGT",
                        "bcftools",
                        "1.22"
                    ]
                ]
            }
        ],
        "meta": {
            "nf-test": "0.9.3",
            "nextflow": "25.10.2"
        },
        "timestamp": "2026-01-20T12:13:42.984688381"
    },
    "sarscov2 - [vcf, tbi], [], [], [] - vcf_gz_index - stub": {
        "content": [
            {
                "0": [
                    [
                        {
                            "id": "out",
                            "single_end": false
                        },
                        "out_vcf.vcf.gz:md5,68b329da9893e34099c7d8ad5cb9c940"
                    ]
                ],
                "1": [
                    
                ],
                "2": [
                    [
                        {
                            "id": "out",
                            "single_end": false
                        },
                        "out_vcf.vcf.gz.csi:md5,d41d8cd98f00b204e9800998ecf8427e"
                    ]
                ],
                "3": [
                    [
                        "BCFTOOLS_PLUGINSETGT",
                        "bcftools",
                        "1.22"
                    ]
                ],
                "csi": [
                    [
                        {
                            "id": "out",
                            "single_end": false
                        },
                        "out_vcf.vcf.gz.csi:md5,d41d8cd98f00b204e9800998ecf8427e"
                    ]
                ],
                "tbi": [
                    
                ],
                "vcf": [
                    [
                        {
                            "id": "out",
                            "single_end": false
                        },
                        "out_vcf.vcf.gz:md5,68b329da9893e34099c7d8ad5cb9c940"
                    ]
                ],
                "versions_bcftools": [
                    [
                        "BCFTOOLS_PLUGINSETGT",
                        "bcftools",
                        "1.22"
                    ]
                ]
            }
        ],
        "meta": {
            "nf-test": "0.9.3",
            "nextflow": "25.10.2"
        },
        "timestamp": "2026-01-20T12:14:30.014429156"
    },
    "sarscov2 - [vcf, tbi], [], [], [] - vcf_gz_index_tbi - stub": {
        "content": [
            {
                "0": [
                    [
                        {
                            "id": "out",
                            "single_end": false
                        },
                        "out_vcf.vcf.gz:md5,68b329da9893e34099c7d8ad5cb9c940"
                    ]
                ],
                "1": [
                    [
                        {
                            "id": "out",
                            "single_end": false
                        },
                        "out_vcf.vcf.gz.tbi:md5,d41d8cd98f00b204e9800998ecf8427e"
                    ]
                ],
                "2": [
                    
                ],
                "3": [
                    [
                        "BCFTOOLS_PLUGINSETGT",
                        "bcftools",
                        "1.22"
                    ]
                ],
                "csi": [
                    
                ],
                "tbi": [
                    [
                        {
                            "id": "out",
                            "single_end": false
                        },
                        "out_vcf.vcf.gz.tbi:md5,d41d8cd98f00b204e9800998ecf8427e"
                    ]
                ],
                "vcf": [
                    [
                        {
                            "id": "out",
                            "single_end": false
                        },
                        "out_vcf.vcf.gz:md5,68b329da9893e34099c7d8ad5cb9c940"
                    ]
                ],
                "versions_bcftools": [
                    [
                        "BCFTOOLS_PLUGINSETGT",
                        "bcftools",
                        "1.22"
                    ]
                ]
            }
        ],
        "meta": {
            "nf-test": "0.9.3",
            "nextflow": "25.10.2"
        },
        "timestamp": "2026-01-20T12:14:45.443617875"
    },
    "sarscov2 - [vcf, tbi], vcf, tsv, []": {
        "content": [
            [
                [
                    {
                        "id": "out",
                        "single_end": false
                    },
                    "out.vcf:md5,55e955c359bf9094bb692660f3c1c677"
                ]
            ],
            {
                "versions_bcftools": [
                    [
                        "BCFTOOLS_PLUGINSETGT",
                        "bcftools",
                        "1.22"
                    ]
                ]
            }
        ],
        "meta": {
            "nf-test": "0.9.3",
            "nextflow": "25.10.2"
        },
        "timestamp": "2026-01-20T12:14:14.614556139"
    },
    "sarscov2 - [vcf, tbi], [], [], [] - stub": {
        "content": [
            "out.vcf",
            {
                "versions_bcftools": [
                    [
                        "BCFTOOLS_PLUGINSETGT",
                        "bcftools",
                        "1.22"
                    ]
                ]
            }
        ],
        "meta": {
            "nf-test": "0.9.3",
            "nextflow": "25.10.2"
        },
        "timestamp": "2026-01-20T12:14:21.981644974"
    },
    "sarscov2 - [vcf, tbi], [], [], [] - vcf_gz_index": {
        "content": [
            [
                [
                    {
                        "id": "out",
                        "single_end": false
                    },
                    "out_vcf.vcf.gz:md5,9fb75c9fdb304b49c3895476666a85bb"
                ]
            ],
            [
                [
                    {
                        "id": "out",
                        "single_end": false
                    },
                    "out_vcf.vcf.gz.csi"
                ]
            ],
            [
                
            ],
            {
                "versions_bcftools": [
                    [
                        "BCFTOOLS_PLUGINSETGT",
                        "bcftools",
                        "1.22"
                    ]
                ]
            }
        ],
        "meta": {
            "nf-test": "0.9.3",
            "nextflow": "25.10.2"
        },
        "timestamp": "2026-01-20T12:13:51.040151596"
    },
    "sarscov2 - [vcf, tbi], [], [], [] - vcf_gz_index_csi": {
        "content": [
            [
                [
                    {
                        "id": "out",
                        "single_end": false
                    },
                    "out_vcf.vcf.gz:md5,9fb75c9fdb304b49c3895476666a85bb"
                ]
            ],
            [
                [
                    {
                        "id": "out",
                        "single_end": false
                    },
                    "out_vcf.vcf.gz.csi"
                ]
            ],
            [
                
            ],
            {
                "versions_bcftools": [
                    [
                        "BCFTOOLS_PLUGINSETGT",
                        "bcftools",
                        "1.22"
                    ]
                ]
            }
        ],
        "meta": {
            "nf-test": "0.9.3",
            "nextflow": "25.10.2"
        },
        "timestamp": "2026-01-20T12:13:58.936771199"
    }
}