{
    "test-picard-fastqtosam-paired-custom-samplename": {
        "content": [
            "e3cfa46b13cc4fc425cccae944f43b10",
            [
                "versions.yml:md5,dc7e9002da65558fb4af9ff41928f518"
            ]
        ],
        "meta": {
            "nf-test": "0.9.2",
            "nextflow": "25.04.7"
        },
        "timestamp": "2025-09-15T10:50:21.411070973"
    },
    "test-picard-fastqtosam-single": {
        "content": [
            "e6a4aa204d980e177a0458596f0a70ac",
            [
                "versions.yml:md5,dc7e9002da65558fb4af9ff41928f518"
            ]
        ],
        "meta": {
            "nf-test": "0.9.2",
            "nextflow": "25.04.7"
        },
        "timestamp": "2025-09-15T10:50:00.668143086"
    },
    "test-picard-fastqtosam-paired": {
        "content": [
            "e3cfa46b13cc4fc425cccae944f43b10",
            [
                "versions.yml:md5,dc7e9002da65558fb4af9ff41928f518"
            ]
        ],
        "meta": {
            "nf-test": "0.9.2",
            "nextflow": "25.04.7"
        },
        "timestamp": "2025-09-15T10:50:11.317333121"
    }
}