{
    "nanomonsv - bam": {
        "content": [
            {
                "bp_info": [
                    [
                        {
                            "id": "control"
                        },
                        "control.bp_info.sorted.bed.gz:md5,0d75244acbc6c8b0844b0637810ae6e5"
                    ]
                ],
                "bp_info_index": [
                    [
                        {
                            "id": "control"
                        },
                        "control.bp_info.sorted.bed.gz.tbi:md5,05c9aec89e603e7aa04685d98a51ad26"
                    ]
                ],
                "deletions": [
                    [
                        {
                            "id": "control"
                        },
                        "control.deletion.sorted.bed.gz:md5,dddc157ca98b44ba82290fadbf53eeb9"
                    ]
                ],
                "deletions_index": [
                    [
                        {
                            "id": "control"
                        },
                        "control.deletion.sorted.bed.gz.tbi:md5,747b8ba8d13759ff90ef9c0f9db9f7c8"
                    ]
                ],
                "insertions": [
                    [
                        {
                            "id": "control"
                        },
                        "control.insertion.sorted.bed.gz:md5,788f8abb858d50680bde7de3dea88182"
                    ]
                ],
                "insertions_index": [
                    [
                        {
                            "id": "control"
                        },
                        "control.insertion.sorted.bed.gz.tbi:md5,043f40f2d9ed3302793c97657db4f146"
                    ]
                ],
                "rearrangements": [
                    [
                        {
                            "id": "control"
                        },
                        "control.rearrangement.sorted.bedpe.gz:md5,e8ee8a395224f9c87e0bf56aec6769b3"
                    ]
                ],
                "rearrangements_index": [
                    [
                        {
                            "id": "control"
                        },
                        "control.rearrangement.sorted.bedpe.gz.tbi:md5,dc648da7c4f70ad329e71be6396410c8"
                    ]
                ],
                "versions_bgzip": [
                    [
                        "NANOMONSV_PARSE",
                        "bgzip",
                        "1.21"
                    ]
                ],
                "versions_mafft": [
                    [
                        "NANOMONSV_PARSE",
                        "mafft",
                        "7.526"
                    ]
                ],
                "versions_nanomonsv": [
                    [
                        "NANOMONSV_PARSE",
                        "nanomonsv",
                        "0.8.0"
                    ]
                ],
                "versions_python": [
                    [
                        "NANOMONSV_PARSE",
                        "python",
                        "3.12.9"
                    ]
                ],
                "versions_racon": [
                    [
                        "NANOMONSV_PARSE",
                        "racon",
                        "1.5.0"
                    ]
                ],
                "versions_tabix": [
                    [
                        "NANOMONSV_PARSE",
                        "tabix",
                        "1.21"
                    ]
                ]
            }
        ],
        "timestamp": "2026-08-03T12:11:37.446758101",
        "meta": {
            "nf-test": "0.9.5",
            "nextflow": "26.04.3"
        }
    },
    "nanomonsv - bam -- stub": {
        "content": [
            {
                "bp_info": [
                    [
                        {
                            "id": "control"
                        },
                        "control.bp_info.sorted.bed.gz:md5,68b329da9893e34099c7d8ad5cb9c940"
                    ]
                ],
                "bp_info_index": [
                    [
                        {
                            "id": "control"
                        },
                        "control.bp_info.sorted.bed.gz.tbi:md5,d41d8cd98f00b204e9800998ecf8427e"
                    ]
                ],
                "deletions": [
                    [
                        {
                            "id": "control"
                        },
                        "control.deletion.sorted.bed.gz:md5,68b329da9893e34099c7d8ad5cb9c940"
                    ]
                ],
                "deletions_index": [
                    [
                        {
                            "id": "control"
                        },
                        "control.deletion.sorted.bed.gz.tbi:md5,d41d8cd98f00b204e9800998ecf8427e"
                    ]
                ],
                "insertions": [
                    [
                        {
                            "id": "control"
                        },
                        "control.insertion.sorted.bed.gz:md5,68b329da9893e34099c7d8ad5cb9c940"
                    ]
                ],
                "insertions_index": [
                    [
                        {
                            "id": "control"
                        },
                        "control.insertion.sorted.bed.gz.tbi:md5,d41d8cd98f00b204e9800998ecf8427e"
                    ]
                ],
                "rearrangements": [
                    [
                        {
                            "id": "control"
                        },
                        "control.rearrangement.sorted.bedpe.gz:md5,68b329da9893e34099c7d8ad5cb9c940"
                    ]
                ],
                "rearrangements_index": [
                    [
                        {
                            "id": "control"
                        },
                        "control.rearrangement.sorted.bedpe.gz.tbi:md5,d41d8cd98f00b204e9800998ecf8427e"
                    ]
                ],
                "versions_bgzip": [
                    [
                        "NANOMONSV_PARSE",
                        "bgzip",
                        "1.21"
                    ]
                ],
                "versions_mafft": [
                    [
                        "NANOMONSV_PARSE",
                        "mafft",
                        "7.526"
                    ]
                ],
                "versions_nanomonsv": [
                    [
                        "NANOMONSV_PARSE",
                        "nanomonsv",
                        "0.8.0"
                    ]
                ],
                "versions_python": [
                    [
                        "NANOMONSV_PARSE",
                        "python",
                        "3.12.9"
                    ]
                ],
                "versions_racon": [
                    [
                        "NANOMONSV_PARSE",
                        "racon",
                        "1.5.0"
                    ]
                ],
                "versions_tabix": [
                    [
                        "NANOMONSV_PARSE",
                        "tabix",
                        "1.21"
                    ]
                ]
            }
        ],
        "timestamp": "2026-08-03T12:11:45.619465593",
        "meta": {
            "nf-test": "0.9.5",
            "nextflow": "26.04.3"
        }
    }
}