{
    "test-bedtools-slop": {
        "content": [
            {
                "0": [
                    [
                        {
                            "id": "test"
                        },
                        "test_out.bed:md5,4f1d8924925fe5d205c9e1981fe290a4"
                    ]
                ],
                "1": [
                    [
                        "BEDTOOLS_SLOP",
                        "bedtools",
                        "2.31.1"
                    ]
                ],
                "bed": [
                    [
                        {
                            "id": "test"
                        },
                        "test_out.bed:md5,4f1d8924925fe5d205c9e1981fe290a4"
                    ]
                ],
                "versions_bedtools": [
                    [
                        "BEDTOOLS_SLOP",
                        "bedtools",
                        "2.31.1"
                    ]
                ]
            }
        ],
        "meta": {
            "nf-test": "0.9.3",
            "nextflow": "25.10.2"
        },
        "timestamp": "2026-01-21T11:43:36.722281618"
    }
}