{
    "cluster_viz - features clusters pca": {
        "content": [
            [
                [
                    {
                        "id": "test"
                    },
                    "test_umap.tsv:md5,feda69a2108d84b70c3937a1cb84e661"
                ]
            ],
            [
                [
                    {
                        "id": "test"
                    },
                    "test_tsne.tsv:md5,fc79b712722096f127cdb80c269380fb"
                ]
            ],
            [
                [
                    {
                        "id": "test"
                    },
                    "test_umap.png:md5,470fab262187541b0ad52a3138bf3734"
                ]
            ],
            [
                [
                    {
                        "id": "test"
                    },
                    "test_tsne.png:md5,aeacfdc6d9e35dd27406e70ae9220715"
                ]
            ],
            [
                [
                    {
                        "id": "test"
                    },
                    "test_pca.png:md5,a659f260b13e0351dd28cbb5163d6a20"
                ]
            ],
            [
                "versions.yml:md5,786af5c4301c54553001db08a8c9db5b"
            ]
        ],
        "timestamp": "2026-04-29T14:56:42.32373645",
        "meta": {
            "nf-test": "0.9.5",
            "nextflow": "25.09.0"
        }
    },
    "cluster_viz - features clusters pca - stub": {
        "content": [
            {
                "0": [
                    [
                        {
                            "id": "test"
                        },
                        "test_umap.tsv:md5,feda69a2108d84b70c3937a1cb84e661"
                    ]
                ],
                "1": [
                    [
                        {
                            "id": "test"
                        },
                        "test_tsne.tsv:md5,fc79b712722096f127cdb80c269380fb"
                    ]
                ],
                "2": [
                    [
                        {
                            "id": "test"
                        },
                        "test_umap.png:md5,470fab262187541b0ad52a3138bf3734"
                    ]
                ],
                "3": [
                    [
                        {
                            "id": "test"
                        },
                        "test_tsne.png:md5,aeacfdc6d9e35dd27406e70ae9220715"
                    ]
                ],
                "4": [
                    [
                        {
                            "id": "test"
                        },
                        "test_pca.png:md5,a659f260b13e0351dd28cbb5163d6a20"
                    ]
                ],
                "5": [
                    "versions.yml:md5,786af5c4301c54553001db08a8c9db5b"
                ],
                "pca_png": [
                    [
                        {
                            "id": "test"
                        },
                        "test_pca.png:md5,a659f260b13e0351dd28cbb5163d6a20"
                    ]
                ],
                "tsne": [
                    [
                        {
                            "id": "test"
                        },
                        "test_tsne.tsv:md5,fc79b712722096f127cdb80c269380fb"
                    ]
                ],
                "tsne_png": [
                    [
                        {
                            "id": "test"
                        },
                        "test_tsne.png:md5,aeacfdc6d9e35dd27406e70ae9220715"
                    ]
                ],
                "umap": [
                    [
                        {
                            "id": "test"
                        },
                        "test_umap.tsv:md5,feda69a2108d84b70c3937a1cb84e661"
                    ]
                ],
                "umap_png": [
                    [
                        {
                            "id": "test"
                        },
                        "test_umap.png:md5,470fab262187541b0ad52a3138bf3734"
                    ]
                ],
                "versions": [
                    "versions.yml:md5,786af5c4301c54553001db08a8c9db5b"
                ]
            }
        ],
        "timestamp": "2026-04-29T14:56:54.120297782",
        "meta": {
            "nf-test": "0.9.5",
            "nextflow": "25.09.0"
        }
    }
}