{
    "sarscov2_fasta_obinary": {
        "content": [
            {
                "0": [
                    [
                        {
                            "id": "test"
                        },
                        "test.obinary:md5,d1be8bbf4539861c63f05e3d43b5963b"
                    ]
                ],
                "1": [
                    "versions.yml:md5,60c3231f07aaa248e5a542642ab59bc8"
                ],
                "converted": [
                    [
                        {
                            "id": "test"
                        },
                        "test.obinary:md5,d1be8bbf4539861c63f05e3d43b5963b"
                    ]
                ],
                "versions": [
                    "versions.yml:md5,60c3231f07aaa248e5a542642ab59bc8"
                ]
            }
        ],
        "timestamp": "2024-02-15T16:38:49.552077"
    },
    "sarscov2_fasta_oascii": {
        "content": [
            {
                "0": [
                    [
                        {
                            "id": "test"
                        },
                        "test.oascii:md5,3df48c3342f5bab2ba85055c896913ea"
                    ]
                ],
                "1": [
                    "versions.yml:md5,60c3231f07aaa248e5a542642ab59bc8"
                ],
                "converted": [
                    [
                        {
                            "id": "test"
                        },
                        "test.oascii:md5,3df48c3342f5bab2ba85055c896913ea"
                    ]
                ],
                "versions": [
                    "versions.yml:md5,60c3231f07aaa248e5a542642ab59bc8"
                ]
            }
        ],
        "timestamp": "2024-02-15T16:39:01.257822"
    },
    "sarscov2_fasta_stub": {
        "content": [
            {
                "0": [
                    [
                        {
                            "id": "test"
                        },
                        "test.ascii:md5,d41d8cd98f00b204e9800998ecf8427e"
                    ]
                ],
                "1": [
                    "versions.yml:md5,60c3231f07aaa248e5a542642ab59bc8"
                ],
                "converted": [
                    [
                        {
                            "id": "test"
                        },
                        "test.ascii:md5,d41d8cd98f00b204e9800998ecf8427e"
                    ]
                ],
                "versions": [
                    "versions.yml:md5,60c3231f07aaa248e5a542642ab59bc8"
                ]
            }
        ],
        "timestamp": "2024-02-15T16:39:12.462293"
    },
    "sarscov2_fasta_binary": {
        "content": [
            {
                "0": [
                    [
                        {
                            "id": "test"
                        },
                        "test.binary:md5,c554ce2f9fd7571ef242de56a2cc257a"
                    ]
                ],
                "1": [
                    "versions.yml:md5,60c3231f07aaa248e5a542642ab59bc8"
                ],
                "converted": [
                    [
                        {
                            "id": "test"
                        },
                        "test.binary:md5,c554ce2f9fd7571ef242de56a2cc257a"
                    ]
                ],
                "versions": [
                    "versions.yml:md5,60c3231f07aaa248e5a542642ab59bc8"
                ]
            }
        ],
        "timestamp": "2024-02-15T16:38:36.865201"
    }
}