{
    "test_fastplong - pacbio": {
        "content": [
            [
                [
                    {
                        "id": "alz.ccs",
                        "single_end": true
                    },
                    "alz.ccs.fastplong.json:md5,5d8fb4ca4a7e1282d843040baae98f43"
                ]
            ],
            [
                [
                    {
                        "id": "alz.ccs",
                        "single_end": true
                    },
                    "alz.ccs.fastplong.fastq.gz:md5,23a6d8f301d0fd4d2da21f86ff0afac6"
                ]
            ],
            [
                
            ],
            {
                "versions_fastplong": [
                    [
                        "FASTPLONG",
                        "fastplong",
                        "0.4.1"
                    ]
                ]
            }
        ],
        "timestamp": "2026-03-08T13:01:02.169298557",
        "meta": {
            "nf-test": "0.9.4",
            "nextflow": "25.10.4"
        }
    },
    "test_fastplong - pacbio - stub": {
        "content": [
            {
                "0": [
                    [
                        {
                            "id": "test",
                            "single_end": true
                        },
                        "test.fastplong.fastq.gz:md5,68b329da9893e34099c7d8ad5cb9c940"
                    ]
                ],
                "1": [
                    [
                        {
                            "id": "test",
                            "single_end": true
                        },
                        "test.fastplong.json:md5,d41d8cd98f00b204e9800998ecf8427e"
                    ]
                ],
                "2": [
                    [
                        {
                            "id": "test",
                            "single_end": true
                        },
                        "test.fastplong.html:md5,d41d8cd98f00b204e9800998ecf8427e"
                    ]
                ],
                "3": [
                    [
                        {
                            "id": "test",
                            "single_end": true
                        },
                        "test.fastplong.log:md5,d41d8cd98f00b204e9800998ecf8427e"
                    ]
                ],
                "4": [
                    
                ],
                "5": [
                    [
                        "FASTPLONG",
                        "fastplong",
                        "0.4.1"
                    ]
                ],
                "html": [
                    [
                        {
                            "id": "test",
                            "single_end": true
                        },
                        "test.fastplong.html:md5,d41d8cd98f00b204e9800998ecf8427e"
                    ]
                ],
                "json": [
                    [
                        {
                            "id": "test",
                            "single_end": true
                        },
                        "test.fastplong.json:md5,d41d8cd98f00b204e9800998ecf8427e"
                    ]
                ],
                "log": [
                    [
                        {
                            "id": "test",
                            "single_end": true
                        },
                        "test.fastplong.log:md5,d41d8cd98f00b204e9800998ecf8427e"
                    ]
                ],
                "reads": [
                    [
                        {
                            "id": "test",
                            "single_end": true
                        },
                        "test.fastplong.fastq.gz:md5,68b329da9893e34099c7d8ad5cb9c940"
                    ]
                ],
                "reads_fail": [
                    
                ],
                "versions_fastplong": [
                    [
                        "FASTPLONG",
                        "fastplong",
                        "0.4.1"
                    ]
                ]
            }
        ],
        "timestamp": "2026-03-08T13:01:08.027237494",
        "meta": {
            "nf-test": "0.9.4",
            "nextflow": "25.10.4"
        }
    }
}