{
    "cram - view, fasta": {
        "content": [
            {
                "bam": [
                    
                ],
                "cram": [
                    
                ],
                "fasta": [
                    [
                        {
                            "id": "test"
                        },
                        [
                            "test_1.fasta.gz",
                            "test_2.fasta.gz",
                            "test_other.fasta.gz",
                            "test_singleton.fasta.gz"
                        ]
                    ]
                ],
                "fasta_interleaved": [
                    
                ],
                "fasta_other": [
                    [
                        {
                            "id": "test"
                        },
                        "test_other.fasta.gz"
                    ]
                ],
                "fasta_pair": [
                    [
                        {
                            "id": "test"
                        },
                        [
                            "test_1.fasta.gz:md5,1ec036ad586c3f7ed822526dcede9a86",
                            "test_2.fasta.gz:md5,2ee17b7f212ade40541b3c74a53786b5"
                        ]
                    ]
                ],
                "fasta_singleton": [
                    [
                        {
                            "id": "test"
                        },
                        "test_singleton.fasta.gz:md5,eb5ffa2e84dd8eff7dc1096e07439ec2"
                    ]
                ],
                "fastq": [
                    
                ],
                "fastq_interleaved": [
                    
                ],
                "fastq_other": [
                    
                ],
                "fastq_pair": [
                    
                ],
                "fastq_singleton": [
                    
                ],
                "index": [
                    
                ],
                "sam": [
                    
                ],
                "versions_samtools": [
                    [
                        "SAMTOOLS_MULTICOMMAND",
                        "samtools",
                        "1.23.1"
                    ]
                ]
            }
        ],
        "timestamp": "2026-09-01T10:47:30.396713",
        "meta": {
            "nf-test": "0.9.5",
            "nextflow": "26.04.6"
        }
    },
    "bam - view, sort - stub": {
        "content": [
            {
                "bam": [
                    [
                        {
                            "id": "test"
                        },
                        "test.bam:md5,d41d8cd98f00b204e9800998ecf8427e"
                    ]
                ],
                "cram": [
                    
                ],
                "fasta": [
                    
                ],
                "fasta_interleaved": [
                    
                ],
                "fasta_other": [
                    
                ],
                "fasta_pair": [
                    
                ],
                "fasta_singleton": [
                    
                ],
                "fastq": [
                    
                ],
                "fastq_interleaved": [
                    
                ],
                "fastq_other": [
                    
                ],
                "fastq_pair": [
                    
                ],
                "fastq_singleton": [
                    
                ],
                "index": [
                    
                ],
                "sam": [
                    
                ],
                "versions_samtools": [
                    [
                        "SAMTOOLS_MULTICOMMAND",
                        "samtools",
                        "1.23.1"
                    ]
                ]
            }
        ],
        "timestamp": "2026-05-07T13:13:20.400143",
        "meta": {
            "nf-test": "0.9.5",
            "nextflow": "25.10.4"
        }
    },
    "cram - view, fasta - stub": {
        "content": [
            {
                "bam": [
                    
                ],
                "cram": [
                    
                ],
                "fasta": [
                    [
                        {
                            "id": "test"
                        },
                        [
                            "test_1.fasta.gz:md5,68b329da9893e34099c7d8ad5cb9c940",
                            "test_2.fasta.gz:md5,68b329da9893e34099c7d8ad5cb9c940",
                            "test_other.fasta.gz:md5,68b329da9893e34099c7d8ad5cb9c940",
                            "test_singleton.fasta.gz:md5,68b329da9893e34099c7d8ad5cb9c940"
                        ]
                    ]
                ],
                "fasta_interleaved": [
                    
                ],
                "fasta_other": [
                    [
                        {
                            "id": "test"
                        },
                        "test_other.fasta.gz:md5,68b329da9893e34099c7d8ad5cb9c940"
                    ]
                ],
                "fasta_pair": [
                    [
                        {
                            "id": "test"
                        },
                        [
                            "test_1.fasta.gz:md5,68b329da9893e34099c7d8ad5cb9c940",
                            "test_2.fasta.gz:md5,68b329da9893e34099c7d8ad5cb9c940"
                        ]
                    ]
                ],
                "fasta_singleton": [
                    [
                        {
                            "id": "test"
                        },
                        "test_singleton.fasta.gz:md5,68b329da9893e34099c7d8ad5cb9c940"
                    ]
                ],
                "fastq": [
                    
                ],
                "fastq_interleaved": [
                    
                ],
                "fastq_other": [
                    
                ],
                "fastq_pair": [
                    
                ],
                "fastq_singleton": [
                    
                ],
                "index": [
                    
                ],
                "sam": [
                    
                ],
                "versions_samtools": [
                    [
                        "SAMTOOLS_MULTICOMMAND",
                        "samtools",
                        "1.23.1"
                    ]
                ]
            }
        ],
        "timestamp": "2026-05-07T13:13:30.82469",
        "meta": {
            "nf-test": "0.9.5",
            "nextflow": "25.10.4"
        }
    },
    "bam - view, sort - to cram - stub": {
        "content": [
            {
                "bam": [
                    
                ],
                "cram": [
                    [
                        {
                            "id": "test"
                        },
                        "test.cram:md5,d41d8cd98f00b204e9800998ecf8427e"
                    ]
                ],
                "fasta": [
                    
                ],
                "fasta_interleaved": [
                    
                ],
                "fasta_other": [
                    
                ],
                "fasta_pair": [
                    
                ],
                "fasta_singleton": [
                    
                ],
                "fastq": [
                    
                ],
                "fastq_interleaved": [
                    
                ],
                "fastq_other": [
                    
                ],
                "fastq_pair": [
                    
                ],
                "fastq_singleton": [
                    
                ],
                "index": [
                    
                ],
                "sam": [
                    
                ],
                "versions_samtools": [
                    [
                        "SAMTOOLS_MULTICOMMAND",
                        "samtools",
                        "1.23.1"
                    ]
                ]
            }
        ],
        "timestamp": "2026-05-07T13:13:25.789164",
        "meta": {
            "nf-test": "0.9.5",
            "nextflow": "25.10.4"
        }
    },
    "bam - view, sort - to cram": {
        "content": [
            {
                "bam": [
                    
                ],
                "cram": [
                    [
                        {
                            "id": "test"
                        },
                        "test.cram"
                    ]
                ],
                "fasta": [
                    
                ],
                "fasta_interleaved": [
                    
                ],
                "fasta_other": [
                    
                ],
                "fasta_pair": [
                    
                ],
                "fasta_singleton": [
                    
                ],
                "fastq": [
                    
                ],
                "fastq_interleaved": [
                    
                ],
                "fastq_other": [
                    
                ],
                "fastq_pair": [
                    
                ],
                "fastq_singleton": [
                    
                ],
                "index": [
                    
                ],
                "sam": [
                    
                ],
                "versions_samtools": [
                    [
                        "SAMTOOLS_MULTICOMMAND",
                        "samtools",
                        "1.23.1"
                    ]
                ]
            }
        ],
        "timestamp": "2026-09-01T10:43:13.326133",
        "meta": {
            "nf-test": "0.9.5",
            "nextflow": "26.04.6"
        }
    },
    "bam - view, fastq": {
        "content": [
            {
                "bam": [
                    
                ],
                "cram": [
                    
                ],
                "fasta": [
                    
                ],
                "fasta_interleaved": [
                    
                ],
                "fasta_other": [
                    
                ],
                "fasta_pair": [
                    
                ],
                "fasta_singleton": [
                    
                ],
                "fastq": [
                    [
                        {
                            "id": "test"
                        },
                        [
                            "test_1.fastq.gz",
                            "test_2.fastq.gz",
                            "test_other.fastq.gz",
                            "test_singleton.fastq.gz"
                        ]
                    ]
                ],
                "fastq_interleaved": [
                    
                ],
                "fastq_other": [
                    [
                        {
                            "id": "test"
                        },
                        "test_other.fastq.gz"
                    ]
                ],
                "fastq_pair": [
                    [
                        {
                            "id": "test"
                        },
                        [
                            "test_1.fastq.gz:md5,2e2acd63fb4131ae8163f392bf86af2f",
                            "test_2.fastq.gz:md5,11084b768584abf68c3cae2526b38cc8"
                        ]
                    ]
                ],
                "fastq_singleton": [
                    [
                        {
                            "id": "test"
                        },
                        "test_singleton.fastq.gz:md5,ebb49252f643a3de5bff4747a3876dc0"
                    ]
                ],
                "index": [
                    
                ],
                "sam": [
                    
                ],
                "versions_samtools": [
                    [
                        "SAMTOOLS_MULTICOMMAND",
                        "samtools",
                        "1.23.1"
                    ]
                ]
            }
        ],
        "timestamp": "2026-09-01T10:47:26.03618",
        "meta": {
            "nf-test": "0.9.5",
            "nextflow": "26.04.6"
        }
    },
    "bam - cat, view, sort": {
        "content": [
            {
                "bam": [
                    [
                        {
                            "id": "test"
                        },
                        "test.bam"
                    ]
                ],
                "cram": [
                    
                ],
                "fasta": [
                    
                ],
                "fasta_interleaved": [
                    
                ],
                "fasta_other": [
                    
                ],
                "fasta_pair": [
                    
                ],
                "fasta_singleton": [
                    
                ],
                "fastq": [
                    
                ],
                "fastq_interleaved": [
                    
                ],
                "fastq_other": [
                    
                ],
                "fastq_pair": [
                    
                ],
                "fastq_singleton": [
                    
                ],
                "index": [
                    
                ],
                "sam": [
                    
                ],
                "versions_samtools": [
                    [
                        "SAMTOOLS_MULTICOMMAND",
                        "samtools",
                        "1.23.1"
                    ]
                ]
            }
        ],
        "timestamp": "2026-09-01T10:47:34.816093",
        "meta": {
            "nf-test": "0.9.5",
            "nextflow": "26.04.6"
        }
    },
    "bam - view, sort": {
        "content": [
            {
                "bam": [
                    [
                        {
                            "id": "test"
                        },
                        "test.bam"
                    ]
                ],
                "cram": [
                    
                ],
                "fasta": [
                    
                ],
                "fasta_interleaved": [
                    
                ],
                "fasta_other": [
                    
                ],
                "fasta_pair": [
                    
                ],
                "fasta_singleton": [
                    
                ],
                "fastq": [
                    
                ],
                "fastq_interleaved": [
                    
                ],
                "fastq_other": [
                    
                ],
                "fastq_pair": [
                    
                ],
                "fastq_singleton": [
                    
                ],
                "index": [
                    [
                        {
                            "id": "test"
                        },
                        "test.bam.csi"
                    ]
                ],
                "sam": [
                    
                ],
                "versions_samtools": [
                    [
                        "SAMTOOLS_MULTICOMMAND",
                        "samtools",
                        "1.23.1"
                    ]
                ]
            }
        ],
        "timestamp": "2026-09-01T10:43:08.581913",
        "meta": {
            "nf-test": "0.9.5",
            "nextflow": "26.04.6"
        }
    },
    "bam - view, fastq - stub": {
        "content": [
            {
                "bam": [
                    
                ],
                "cram": [
                    
                ],
                "fasta": [
                    
                ],
                "fasta_interleaved": [
                    
                ],
                "fasta_other": [
                    
                ],
                "fasta_pair": [
                    
                ],
                "fasta_singleton": [
                    
                ],
                "fastq": [
                    [
                        {
                            "id": "test"
                        },
                        [
                            "test_1.fastq.gz:md5,68b329da9893e34099c7d8ad5cb9c940",
                            "test_2.fastq.gz:md5,68b329da9893e34099c7d8ad5cb9c940",
                            "test_other.fastq.gz:md5,68b329da9893e34099c7d8ad5cb9c940",
                            "test_singleton.fastq.gz:md5,68b329da9893e34099c7d8ad5cb9c940"
                        ]
                    ]
                ],
                "fastq_interleaved": [
                    
                ],
                "fastq_other": [
                    [
                        {
                            "id": "test"
                        },
                        "test_other.fastq.gz:md5,68b329da9893e34099c7d8ad5cb9c940"
                    ]
                ],
                "fastq_pair": [
                    [
                        {
                            "id": "test"
                        },
                        [
                            "test_1.fastq.gz:md5,68b329da9893e34099c7d8ad5cb9c940",
                            "test_2.fastq.gz:md5,68b329da9893e34099c7d8ad5cb9c940"
                        ]
                    ]
                ],
                "fastq_singleton": [
                    [
                        {
                            "id": "test"
                        },
                        "test_singleton.fastq.gz:md5,68b329da9893e34099c7d8ad5cb9c940"
                    ]
                ],
                "index": [
                    
                ],
                "sam": [
                    
                ],
                "versions_samtools": [
                    [
                        "SAMTOOLS_MULTICOMMAND",
                        "samtools",
                        "1.23.1"
                    ]
                ]
            }
        ],
        "timestamp": "2026-05-07T13:13:35.285053",
        "meta": {
            "nf-test": "0.9.5",
            "nextflow": "25.10.4"
        }
    }
}