{
    "Should run without failures": {
        "content": [
            {
                "0": [
                    [
                        {
                            "id": "test_summary"
                        },
                        "test_summary.txt:md5,a4ec7010e75404ce3a1033f0c4b4a7f9"
                    ]
                ],
                "1": [
                    "versions.yml:md5,1fadc3c51127e35186a8f1d4ec21ea07"
                ],
                "report": [
                    [
                        {
                            "id": "test_summary"
                        },
                        "test_summary.txt:md5,a4ec7010e75404ce3a1033f0c4b4a7f9"
                    ]
                ],
                "versions": [
                    "versions.yml:md5,1fadc3c51127e35186a8f1d4ec21ea07"
                ]
            }
        ],
        "timestamp": "2023-10-15T10:55:48.065653059"
    }
}