{
    "proteomics - pdb": {
        "content": [
            {
                "aln": [
                    [
                        {
                            "id": "test_search"
                        },
                        "test_search.m8"
                    ]
                ],
                "versions_foldseek": [
                    [
                        "FOLDSEEK_EASYSEARCH",
                        "foldseek",
                        "9.427df8a"
                    ]
                ]
            }
        ],
        "timestamp": "2026-05-05T09:08:40.92350917",
        "meta": {
            "nf-test": "0.9.5",
            "nextflow": "26.04.0"
        }
    },
    "proteomics - pdb -stub": {
        "content": [
            {
                "aln": [
                    [
                        {
                            "id": "test_search"
                        },
                        "test_search.m8:md5,d41d8cd98f00b204e9800998ecf8427e"
                    ]
                ],
                "versions_foldseek": [
                    [
                        "FOLDSEEK_EASYSEARCH",
                        "foldseek",
                        "9.427df8a"
                    ]
                ]
            }
        ],
        "timestamp": "2026-05-05T08:51:09.186646723",
        "meta": {
            "nf-test": "0.9.5",
            "nextflow": "26.04.0"
        }
    }
}