{
    "sarscov2 paired-end [fastq] | skip_fastqc": {
        "content": [
            [
                [
                    {
                        "id": "test",
                        "single_end": false
                    },
                    [
                        "test_1.fastp.fastq.gz:md5,67b2bbae47f073e05a97a9c2edce23c7",
                        "test_2.fastp.fastq.gz:md5,25cbdca08e2083dbd4f0502de6b62f39"
                    ]
                ]
            ],
            [
                [
                    {
                        "id": "test",
                        "single_end": false
                    },
                    "test.fastp.json:md5,1e0f8e27e71728e2b63fc64086be95cd"
                ]
            ],
            [
                
            ],
            [
                
            ],
            [
                "versions.yml:md5,54e38ebe354c705a56c06a11c0ccf68e"
            ]
        ],
        "meta": {
            "nf-test": "0.9.2",
            "nextflow": "24.10.5"
        },
        "timestamp": "2025-03-26T10:23:32.892094642"
    },
    "sarscov2 paired-end [fastq]": {
        "content": [
            [
                [
                    {
                        "id": "test",
                        "single_end": false
                    },
                    [
                        "test_1.fastp.fastq.gz:md5,67b2bbae47f073e05a97a9c2edce23c7",
                        "test_2.fastp.fastq.gz:md5,25cbdca08e2083dbd4f0502de6b62f39"
                    ]
                ]
            ],
            [
                [
                    {
                        "id": "test",
                        "single_end": false
                    },
                    "test.fastp.json:md5,1e0f8e27e71728e2b63fc64086be95cd"
                ]
            ],
            [
                
            ],
            [
                
            ],
            [
                "versions.yml:md5,1e855cf2085cdb306be0f1e4f44ae30e",
                "versions.yml:md5,54e38ebe354c705a56c06a11c0ccf68e",
                "versions.yml:md5,f0b47642f44ee5f9130525d38cc3a448"
            ]
        ],
        "meta": {
            "nf-test": "0.9.2",
            "nextflow": "24.10.5"
        },
        "timestamp": "2025-03-26T10:23:09.879779396"
    }
}