{
    "fastq_ngscheckmate": {
        "content": [
            [
                [
                    {
                        "id": "snp_pt"
                    },
                    "output_corr_matrix.txt:md5,31c79c250bd22ef458b9a614c5fff66d"
                ]
            ],
            [
                [
                    {
                        "id": "snp_pt"
                    },
                    "snp_pt_matched.txt:md5,60d6159595026c2365acce3dbaa9677e"
                ]
            ],
            [
                [
                    {
                        "id": "snp_pt"
                    },
                    "snp_pt_all.txt:md5,9c4de0f90192f410df70076b48659d51"
                ]
            ],
            [
                [
                    {
                        "id": "test1"
                    },
                    "test1.vaf:md5,a2d18480c8bb7045c39c063faef7e1e4"
                ],
                [
                    {
                        "id": "test2"
                    },
                    "test2.vaf:md5,a2d18480c8bb7045c39c063faef7e1e4"
                ],
                [
                    {
                        "id": "test3"
                    },
                    "test3.vaf:md5,ac2723aba980112e818ca0772f80a979"
                ]
            ],
            "snp_pt.pdf"
        ],
        "meta": {
            "nf-test": "0.9.3",
            "nextflow": "25.10.2"
        },
        "timestamp": "2025-12-21T14:42:39.361000999"
    },
    "fastq_ngscheckmate - stub": {
        "content": [
            {
                "0": [
                    [
                        {
                            "id": "sarscov2"
                        },
                        "sarscov2_corr_matrix.txt:md5,d41d8cd98f00b204e9800998ecf8427e"
                    ]
                ],
                "1": [
                    [
                        {
                            "id": "sarscov2"
                        },
                        "sarscov2_matched.txt:md5,d41d8cd98f00b204e9800998ecf8427e"
                    ]
                ],
                "2": [
                    [
                        {
                            "id": "sarscov2"
                        },
                        "sarscov2_all.txt:md5,d41d8cd98f00b204e9800998ecf8427e"
                    ]
                ],
                "3": [
                    [
                        {
                            "id": "test1"
                        },
                        "test1.vaf:md5,d41d8cd98f00b204e9800998ecf8427e"
                    ],
                    [
                        {
                            "id": "test2"
                        },
                        "test2.vaf:md5,d41d8cd98f00b204e9800998ecf8427e"
                    ],
                    [
                        {
                            "id": "test3"
                        },
                        "test3.vaf:md5,d41d8cd98f00b204e9800998ecf8427e"
                    ]
                ],
                "4": [
                    [
                        {
                            "id": "sarscov2"
                        },
                        "sarscov2.pdf:md5,d41d8cd98f00b204e9800998ecf8427e"
                    ]
                ],
                "all": [
                    [
                        {
                            "id": "sarscov2"
                        },
                        "sarscov2_all.txt:md5,d41d8cd98f00b204e9800998ecf8427e"
                    ]
                ],
                "corr_matrix": [
                    [
                        {
                            "id": "sarscov2"
                        },
                        "sarscov2_corr_matrix.txt:md5,d41d8cd98f00b204e9800998ecf8427e"
                    ]
                ],
                "matched": [
                    [
                        {
                            "id": "sarscov2"
                        },
                        "sarscov2_matched.txt:md5,d41d8cd98f00b204e9800998ecf8427e"
                    ]
                ],
                "pdf": [
                    [
                        {
                            "id": "sarscov2"
                        },
                        "sarscov2.pdf:md5,d41d8cd98f00b204e9800998ecf8427e"
                    ]
                ],
                "vaf": [
                    [
                        {
                            "id": "test1"
                        },
                        "test1.vaf:md5,d41d8cd98f00b204e9800998ecf8427e"
                    ],
                    [
                        {
                            "id": "test2"
                        },
                        "test2.vaf:md5,d41d8cd98f00b204e9800998ecf8427e"
                    ],
                    [
                        {
                            "id": "test3"
                        },
                        "test3.vaf:md5,d41d8cd98f00b204e9800998ecf8427e"
                    ]
                ]
            }
        ],
        "meta": {
            "nf-test": "0.9.3",
            "nextflow": "25.10.2"
        },
        "timestamp": "2025-12-21T14:42:49.457638854"
    }
}