{
    "test-qcat": {
        "content": [
            [
                [
                    {
                        "id": "test"
                    },
                    [
                        "barcode06.fastq.gz:md5,f02509a0edada5bde143a2155969eaaa",
                        "barcode12.fastq.gz:md5,e3dda1db83ad2895ff95b3612b9f4348",
                        "none.fastq.gz:md5,36ed3f5964a59532b75a7f0c5975ecc6"
                    ]
                ]
            ],
            [
                "versions.yml:md5,78ca985d3d7741b521d87af6eb190f30"
            ],
            "qcat: 1.1.0"
        ],
        "meta": {
            "nf-test": "0.8.4",
            "nextflow": "24.04.4"
        },
        "timestamp": "2024-08-29T12:36:04.213621"
    },
    "test-qcat-stub": {
        "content": [
            {
                "0": [
                    [
                        {
                            "id": "test"
                        },
                        [
                            "barcode00.fastq.gz:md5,d41d8cd98f00b204e9800998ecf8427e",
                            "none.fastq.gz:md5,d41d8cd98f00b204e9800998ecf8427e"
                        ]
                    ]
                ],
                "1": [
                    "versions.yml:md5,78ca985d3d7741b521d87af6eb190f30"
                ],
                "reads": [
                    [
                        {
                            "id": "test"
                        },
                        [
                            "barcode00.fastq.gz:md5,d41d8cd98f00b204e9800998ecf8427e",
                            "none.fastq.gz:md5,d41d8cd98f00b204e9800998ecf8427e"
                        ]
                    ]
                ],
                "versions": [
                    "versions.yml:md5,78ca985d3d7741b521d87af6eb190f30"
                ]
            }
        ],
        "meta": {
            "nf-test": "0.8.4",
            "nextflow": "24.04.4"
        },
        "timestamp": "2024-08-29T12:34:55.736959"
    }
}