{
    "vcontact3_prepare_databases - latest_version - stub": {
        "content": [
            {
                "database": [
                    [
                        {
                            "id": "test"
                        },
                        [
                            "stub_database.db:md5,d41d8cd98f00b204e9800998ecf8427e",
                            "version.json:md5,d41d8cd98f00b204e9800998ecf8427e"
                        ]
                    ]
                ],
                "versions_vcontact3": [
                    [
                        "VCONTACT3_PREPAREDDATABASES",
                        "vcontact3",
                        "3.1.6"
                    ]
                ]
            }
        ],
        "timestamp": "2026-07-09T11:26:34.283033662",
        "meta": {
            "nf-test": "0.9.5",
            "nextflow": "26.04.4"
        }
    },
    "vcontact3_prepare_databases - latest_version": {
        "content": [
            {
                "database": [
                    [
                        {
                            "id": "test"
                        },
                        "test"
                    ]
                ],
                "versions_vcontact3": [
                    [
                        "VCONTACT3_PREPAREDDATABASES",
                        "vcontact3",
                        "3.1.6"
                    ]
                ]
            }
        ],
        "timestamp": "2026-07-09T11:26:24.571933924",
        "meta": {
            "nf-test": "0.9.5",
            "nextflow": "26.04.4"
        }
    }
}