{
    "homo_sapiens - sv_vcf, sv_tbi, snv_vcf, annotations - stub": {
        "content": [
            {
                "0": [
                    [
                        {
                            "id": "test"
                        },
                        [
                            "test.tsv:md5,d41d8cd98f00b204e9800998ecf8427e",
                            "test.unannotated.tsv:md5,d41d8cd98f00b204e9800998ecf8427e"
                        ]
                    ]
                ],
                "1": [
                    [
                        {
                            "id": "test"
                        },
                        "test.unannotated.tsv:md5,d41d8cd98f00b204e9800998ecf8427e"
                    ]
                ],
                "2": [
                    [
                        {
                            "id": "test"
                        },
                        "test.vcf:md5,d41d8cd98f00b204e9800998ecf8427e"
                    ]
                ],
                "3": [
                    "versions.yml:md5,21e6c75c29cc9aae39ee9b2fb4da2070"
                ],
                "tsv": [
                    [
                        {
                            "id": "test"
                        },
                        [
                            "test.tsv:md5,d41d8cd98f00b204e9800998ecf8427e",
                            "test.unannotated.tsv:md5,d41d8cd98f00b204e9800998ecf8427e"
                        ]
                    ]
                ],
                "unannotated_tsv": [
                    [
                        {
                            "id": "test"
                        },
                        "test.unannotated.tsv:md5,d41d8cd98f00b204e9800998ecf8427e"
                    ]
                ],
                "vcf": [
                    [
                        {
                            "id": "test"
                        },
                        "test.vcf:md5,d41d8cd98f00b204e9800998ecf8427e"
                    ]
                ],
                "versions": [
                    "versions.yml:md5,21e6c75c29cc9aae39ee9b2fb4da2070"
                ]
            }
        ],
        "meta": {
            "nf-test": "0.9.2",
            "nextflow": "25.04.7"
        },
        "timestamp": "2025-09-16T14:21:14.191475094"
    }
}