{
    "test_checkm2_databasedownload": {
        "content": [
            [
                "versions.yml:md5,6201d5ac7aca6e32b98daf4f8656aa2a"
            ]
        ],
        "meta": {
            "nf-test": "0.9.2",
            "nextflow": "24.10.5"
        },
        "timestamp": "2025-03-13T12:35:51.427786978"
    },
    "test_checkm2_databasedownload - stub": {
        "content": [
            [
                "versions.yml:md5,6201d5ac7aca6e32b98daf4f8656aa2a"
            ]
        ],
        "meta": {
            "nf-test": "0.9.2",
            "nextflow": "24.10.5"
        },
        "timestamp": "2025-03-13T15:45:40.781574607"
    }
}
