{
    "human - modelsegments - stub": {
        "content": [
            {
                "0": [
                    [
                        {
                            "id": "test",
                            "single_end": false
                        },
                        "test.modelFinal.seg:md5,d41d8cd98f00b204e9800998ecf8427e"
                    ]
                ],
                "1": [
                    [
                        "GATK4_MODELSEGMENTS",
                        "gatk4",
                        "4.7.0.0"
                    ]
                ],
                "segmented": [
                    [
                        {
                            "id": "test",
                            "single_end": false
                        },
                        "test.modelFinal.seg:md5,d41d8cd98f00b204e9800998ecf8427e"
                    ]
                ],
                "versions_gatk4": [
                    [
                        "GATK4_MODELSEGMENTS",
                        "gatk4",
                        "4.7.0.0"
                    ]
                ]
            }
        ],
        "timestamp": "2026-08-18T12:36:16.275191",
        "meta": {
            "nf-test": "0.9.5",
            "nextflow": "26.04.6"
        }
    },
    "human - modelsegments": {
        "content": [
            {
                "0": [
                    [
                        {
                            "id": "test",
                            "single_end": false
                        },
                        "test.modelFinal.seg:md5,d4854bf6442d7169c5cf204a3c5e095d"
                    ]
                ],
                "1": [
                    [
                        "GATK4_MODELSEGMENTS",
                        "gatk4",
                        "4.7.0.0"
                    ]
                ],
                "segmented": [
                    [
                        {
                            "id": "test",
                            "single_end": false
                        },
                        "test.modelFinal.seg:md5,d4854bf6442d7169c5cf204a3c5e095d"
                    ]
                ],
                "versions_gatk4": [
                    [
                        "GATK4_MODELSEGMENTS",
                        "gatk4",
                        "4.7.0.0"
                    ]
                ]
            }
        ],
        "timestamp": "2026-08-18T12:35:42.072439",
        "meta": {
            "nf-test": "0.9.5",
            "nextflow": "26.04.6"
        }
    }
}