{
    "trio vcf": {
        "content": [
            [
                "versions.yml:md5,eb612bd8bfede6a67171aa49e1820c64"
            ]
        ],
        "meta": {
            "nf-test": "0.9.3",
            "nextflow": "25.04.6"
        },
        "timestamp": "2026-03-06T12:56:48.624583198"
    },
    "trio vcf - stub": {
        "content": [
            [
                "versions.yml:md5,eb612bd8bfede6a67171aa49e1820c64"
            ]
        ],
        "meta": {
            "nf-test": "0.9.3",
            "nextflow": "25.04.6"
        },
        "timestamp": "2026-03-06T12:57:20.843473395"
    }
}