{
    "test_fastp_single_end": {
        "content": [
            [
                "@ERR5069949.2151832 NS500628:121:HK3MMAFX2:2:21208:10793:15304/1",
                "TCATAAACCAAAGCACTCACAGTGTCAACAATTTCAGCAGGACAACGCCGACAAGTTCCGAGGAACATGTCTGGACCTATAGTTTTCATAAGTCTACACACTGAATTGAAATATTCTGGTTCTAGTGTGCCCTTAGTTAGCAATGTGCGT",
                "+",
                "AAAAAAEEEEEEEEEEEEEEEEEEEEEEEEEEEEEEEEEEEEEEEEEAAEEEEAEEEEEEEEEEEEEEEEEEEEEEEEEEEEEEEEEEEEEEEEEEEEEEEEEEEEEAAEEEEE<EEAAAEEEEEEEEEAAAAEAEEEAEEEEEE<AAAA",
                "@ERR5069949.576388 NS500628:121:HK3MMAFX2:4:11501:11167:14939/1",
                "ACTGTTTTCTTTGTAGAAAACATCCGTAATAGGACCTTTGTATTCTGAGGACTTTGTAAGTAAAGCACCGTCTATGC",
                "+"
            ]
        ],
        "timestamp": "2023-10-16T13:43:39.197120928"
    }
}