{
    "fcsgx-test-data - test-manifest - stub": {
        "content": [
            {
                "0": [
                    "gxdb_test-only:md5,d41d8cd98f00b204e9800998ecf8427e"
                ],
                "1": [
                    "versions.yml:md5,1b79858ddba6906ca2fa80e251bb372e"
                ],
                "database": [
                    "gxdb_test-only:md5,d41d8cd98f00b204e9800998ecf8427e"
                ],
                "versions": [
                    "versions.yml:md5,1b79858ddba6906ca2fa80e251bb372e"
                ]
            },
            {
                "FCSGX_FETCHDB": {
                    "fcsgx": "0.5.5"
                }
            }
        ],
        "meta": {
            "nf-test": "0.9.2",
            "nextflow": "25.04.3"
        },
        "timestamp": "2025-06-09T11:08:51.168515341"
    },
    "fcsgx-test-data - test-manifest": {
        "content": [
            [
                "test-only.blast_div.tsv.gz",
                "test-only.gxi",
                "test-only.gxs",
                "test-only.manifest",
                "test-only.meta.jsonl",
                "test-only.seq_info.tsv.gz",
                "test-only.taxa.tsv"
            ],
            [
                "versions.yml:md5,1b79858ddba6906ca2fa80e251bb372e"
            ],
            {
                "FCSGX_FETCHDB": {
                    "fcsgx": "0.5.5"
                }
            }
        ],
        "meta": {
            "nf-test": "0.9.2",
            "nextflow": "25.04.3"
        },
        "timestamp": "2025-06-09T11:08:40.564848364"
    }
}