{
    "LINKS - stub": {
        "content": [
            {
                "0": [
                    [
                        {
                            "id": "test"
                        },
                        "test.log:md5,d41d8cd98f00b204e9800998ecf8427e"
                    ]
                ],
                "1": [
                    [
                        {
                            "id": "test"
                        },
                        "test.pairing_distribution.csv:md5,d41d8cd98f00b204e9800998ecf8427e"
                    ]
                ],
                "10": [
                    "versions.yml:md5,f58863e433b849b1ef0dfc19cb57656b"
                ],
                "2": [
                    [
                        {
                            "id": "test"
                        },
                        "test.pairing_issues:md5,d41d8cd98f00b204e9800998ecf8427e"
                    ]
                ],
                "3": [
                    [
                        {
                            "id": "test"
                        },
                        "test.scaffolds:md5,d41d8cd98f00b204e9800998ecf8427e"
                    ]
                ],
                "4": [
                    [
                        {
                            "id": "test"
                        },
                        "test.scaffolds.fa:md5,d41d8cd98f00b204e9800998ecf8427e"
                    ]
                ],
                "5": [
                    [
                        {
                            "id": "test"
                        },
                        "test.bloom:md5,d41d8cd98f00b204e9800998ecf8427e"
                    ]
                ],
                "6": [
                    [
                        {
                            "id": "test"
                        },
                        "test.gv:md5,d41d8cd98f00b204e9800998ecf8427e"
                    ]
                ],
                "7": [
                    [
                        {
                            "id": "test"
                        },
                        "test.assembly_correspondence.tsv:md5,d41d8cd98f00b204e9800998ecf8427e"
                    ]
                ],
                "8": [
                    [
                        {
                            "id": "test"
                        },
                        "test.simplepair_checkpoint.tsv:md5,d41d8cd98f00b204e9800998ecf8427e"
                    ]
                ],
                "9": [
                    [
                        {
                            "id": "test"
                        },
                        "test.tigpair_checkpoint.tsv:md5,d41d8cd98f00b204e9800998ecf8427e"
                    ]
                ],
                "assembly_correspondence": [
                    [
                        {
                            "id": "test"
                        },
                        "test.assembly_correspondence.tsv:md5,d41d8cd98f00b204e9800998ecf8427e"
                    ]
                ],
                "bloom": [
                    [
                        {
                            "id": "test"
                        },
                        "test.bloom:md5,d41d8cd98f00b204e9800998ecf8427e"
                    ]
                ],
                "log": [
                    [
                        {
                            "id": "test"
                        },
                        "test.log:md5,d41d8cd98f00b204e9800998ecf8427e"
                    ]
                ],
                "pairing_distribution": [
                    [
                        {
                            "id": "test"
                        },
                        "test.pairing_distribution.csv:md5,d41d8cd98f00b204e9800998ecf8427e"
                    ]
                ],
                "pairing_issues": [
                    [
                        {
                            "id": "test"
                        },
                        "test.pairing_issues:md5,d41d8cd98f00b204e9800998ecf8427e"
                    ]
                ],
                "scaffolds_csv": [
                    [
                        {
                            "id": "test"
                        },
                        "test.scaffolds:md5,d41d8cd98f00b204e9800998ecf8427e"
                    ]
                ],
                "scaffolds_fasta": [
                    [
                        {
                            "id": "test"
                        },
                        "test.scaffolds.fa:md5,d41d8cd98f00b204e9800998ecf8427e"
                    ]
                ],
                "scaffolds_graph": [
                    [
                        {
                            "id": "test"
                        },
                        "test.gv:md5,d41d8cd98f00b204e9800998ecf8427e"
                    ]
                ],
                "simplepair_checkpoint": [
                    [
                        {
                            "id": "test"
                        },
                        "test.simplepair_checkpoint.tsv:md5,d41d8cd98f00b204e9800998ecf8427e"
                    ]
                ],
                "tigpair_checkpoint": [
                    [
                        {
                            "id": "test"
                        },
                        "test.tigpair_checkpoint.tsv:md5,d41d8cd98f00b204e9800998ecf8427e"
                    ]
                ],
                "versions": [
                    "versions.yml:md5,f58863e433b849b1ef0dfc19cb57656b"
                ]
            }
        ],
        "meta": {
            "nf-test": "0.9.2",
            "nextflow": "24.10.3"
        },
        "timestamp": "2025-04-11T11:49:53.947870525"
    },
    "LINKS - longstitch test data 1": {
        "content": [
            "test.log",
            "test.pairing_issues",
            [
                [
                    {
                        "id": "test"
                    },
                    "test.scaffolds:md5,e12db5e5e6a1b5e26d2b50b6256c960d"
                ]
            ],
            [
                [
                    {
                        "id": "test"
                    },
                    "test.scaffolds.fa:md5,afe56607a3d2c3b1e2d605bdf7ca545f"
                ]
            ],
            [
                [
                    {
                        "id": "test"
                    },
                    "test.bloom:md5,b912b31cfadaf81e722f5441ac639f60"
                ]
            ],
            "test.gv",
            "test.assembly_correspondence.tsv",
            "test.tigpair_checkpoint.tsv",
            [
                "versions.yml:md5,f58863e433b849b1ef0dfc19cb57656b"
            ]
        ],
        "meta": {
            "nf-test": "0.9.2",
            "nextflow": "24.10.3"
        },
        "timestamp": "2025-04-11T13:39:00.252899964"
    },
    "LINKS - longstitch test data 2": {
        "content": [
            "test.log",
            "test.pairing_issues",
            [
                [
                    {
                        "id": "test"
                    },
                    "test.scaffolds:md5,00a943691b987adebe0ab40efced9c7e"
                ]
            ],
            [
                [
                    {
                        "id": "test"
                    },
                    "test.scaffolds.fa:md5,ed43c629e8d440e3cf6fb8b21742557c"
                ]
            ],
            [
                [
                    {
                        "id": "test"
                    },
                    "test.bloom:md5,695262bb4beda52665d2f7ec476a4e7b"
                ]
            ],
            "test.gv",
            "test.assembly_correspondence.tsv",
            "test.tigpair_checkpoint.tsv",
            [
                "versions.yml:md5,f58863e433b849b1ef0dfc19cb57656b"
            ]
        ],
        "meta": {
            "nf-test": "0.9.2",
            "nextflow": "24.10.3"
        },
        "timestamp": "2025-04-11T13:39:36.483298325"
    },
    "LINKS - LINKS test data": {
        "content": [
            "test.log",
            [
                [
                    {
                        "id": "test"
                    },
                    "test.pairing_issues:md5,eb8b04b4ec170a319b40d2ee16a5cf96"
                ]
            ],
            [
                [
                    {
                        "id": "test"
                    },
                    "test.scaffolds:md5,afe5339405b830e97095058080550064"
                ]
            ],
            [
                [
                    {
                        "id": "test"
                    },
                    "test.scaffolds.fa:md5,4aa442ee4b05e1608daf7b5b033a4203"
                ]
            ],
            [
                [
                    {
                        "id": "test"
                    },
                    "test.bloom:md5,96f54f577d1c589251ea0cfe624b898d"
                ]
            ],
            "test.gv",
            [
                [
                    {
                        "id": "test"
                    },
                    "test.assembly_correspondence.tsv:md5,0efc40db474ba8d5b334ad48add4bd9d"
                ]
            ],
            [
                [
                    {
                        "id": "test"
                    },
                    "test.tigpair_checkpoint.tsv:md5,9208c8fe686b5989eaec1485a74cf44e"
                ]
            ],
            [
                "versions.yml:md5,f58863e433b849b1ef0dfc19cb57656b"
            ]
        ],
        "meta": {
            "nf-test": "0.9.2",
            "nextflow": "24.10.3"
        },
        "timestamp": "2025-04-11T11:30:01.790074303"
    }
}