{
    "pacbio - bam - notphased": {
        "content": [
            {
                "combined_bed": [
                    [
                        {
                            "id": "test"
                        },
                        "test.combined.bed.gz:md5,bacdb71f8eec683930c6103f020277cd"
                    ]
                ],
                "combined_bed_index": [
                    [
                        {
                            "id": "test"
                        },
                        "test.combined.bed.gz.tbi:md5,9ca5efde7981fec4e6a79b0b08999186"
                    ]
                ],
                "combined_bigwig": [
                    [
                        {
                            "id": "test"
                        },
                        "test.combined.bw:md5,77a572a00645df6743459805bd397cb9"
                    ]
                ],
                "hap1_bed": [
                    
                ],
                "hap1_bed_index": [
                    
                ],
                "hap1_bigwig": [
                    
                ],
                "hap2_bed": [
                    
                ],
                "hap2_bed_index": [
                    
                ],
                "hap2_bigwig": [
                    
                ],
                "versions_pbcpgtools": [
                    [
                        "PBCPGTOOLS_ALIGNEDBAMTOCPGSCORES",
                        "pbcpgtools",
                        "3.0.0"
                    ]
                ]
            }
        ],
        "meta": {
            "nf-test": "0.9.3",
            "nextflow": "25.10.4"
        },
        "timestamp": "2026-03-20T10:20:28.670247825"
    },
    "pacbio - bam - phased": {
        "content": [
            {
                "combined_bed": [
                    [
                        {
                            "id": "test"
                        },
                        "test.combined.bed.gz:md5,861084b58d048a2a957a86068ec39bcf"
                    ]
                ],
                "combined_bed_index": [
                    [
                        {
                            "id": "test"
                        },
                        "test.combined.bed.gz.tbi:md5,4325f78aeb593d00de8b56cffbc77712"
                    ]
                ],
                "combined_bigwig": [
                    [
                        {
                            "id": "test"
                        },
                        "test.combined.bw:md5,77a572a00645df6743459805bd397cb9"
                    ]
                ],
                "hap1_bed": [
                    [
                        {
                            "id": "test"
                        },
                        "test.hap1.bed.gz:md5,db37b440b02203f38c0d7c20b3dd62f3"
                    ]
                ],
                "hap1_bed_index": [
                    [
                        {
                            "id": "test"
                        },
                        "test.hap1.bed.gz.tbi:md5,b9813e40b7d3365fb312ad35ac117bab"
                    ]
                ],
                "hap1_bigwig": [
                    [
                        {
                            "id": "test"
                        },
                        "test.hap1.bw:md5,df389b5415312c1da05a762177f7b50e"
                    ]
                ],
                "hap2_bed": [
                    [
                        {
                            "id": "test"
                        },
                        "test.hap2.bed.gz:md5,b5b7a4539d3906bd938010644b779196"
                    ]
                ],
                "hap2_bed_index": [
                    [
                        {
                            "id": "test"
                        },
                        "test.hap2.bed.gz.tbi:md5,0213f587a323929cd2180862b01e8044"
                    ]
                ],
                "hap2_bigwig": [
                    [
                        {
                            "id": "test"
                        },
                        "test.hap2.bw:md5,b87e364ef8cf80790ddef4963fa5e55c"
                    ]
                ],
                "versions_pbcpgtools": [
                    [
                        "PBCPGTOOLS_ALIGNEDBAMTOCPGSCORES",
                        "pbcpgtools",
                        "3.0.0"
                    ]
                ]
            }
        ],
        "meta": {
            "nf-test": "0.9.3",
            "nextflow": "25.10.4"
        },
        "timestamp": "2026-03-20T10:20:35.435658685"
    },
    "pacbio - bam - phased - stub": {
        "content": [
            {
                "combined_bed": [
                    [
                        {
                            "id": "test"
                        },
                        "test.combined.bed.gz:md5,68b329da9893e34099c7d8ad5cb9c940"
                    ]
                ],
                "combined_bed_index": [
                    [
                        {
                            "id": "test"
                        },
                        "test.combined.bed.gz.tbi:md5,d41d8cd98f00b204e9800998ecf8427e"
                    ]
                ],
                "combined_bigwig": [
                    [
                        {
                            "id": "test"
                        },
                        "test.combined.bw:md5,d41d8cd98f00b204e9800998ecf8427e"
                    ]
                ],
                "hap1_bed": [
                    [
                        {
                            "id": "test"
                        },
                        "test.hap1.bed.gz:md5,68b329da9893e34099c7d8ad5cb9c940"
                    ]
                ],
                "hap1_bed_index": [
                    [
                        {
                            "id": "test"
                        },
                        "test.hap1.bed.gz.tbi:md5,d41d8cd98f00b204e9800998ecf8427e"
                    ]
                ],
                "hap1_bigwig": [
                    [
                        {
                            "id": "test"
                        },
                        "test.hap1.bw:md5,d41d8cd98f00b204e9800998ecf8427e"
                    ]
                ],
                "hap2_bed": [
                    [
                        {
                            "id": "test"
                        },
                        "test.hap2.bed.gz:md5,68b329da9893e34099c7d8ad5cb9c940"
                    ]
                ],
                "hap2_bed_index": [
                    [
                        {
                            "id": "test"
                        },
                        "test.hap2.bed.gz.tbi:md5,d41d8cd98f00b204e9800998ecf8427e"
                    ]
                ],
                "hap2_bigwig": [
                    [
                        {
                            "id": "test"
                        },
                        "test.hap2.bw:md5,d41d8cd98f00b204e9800998ecf8427e"
                    ]
                ],
                "versions_pbcpgtools": [
                    [
                        "PBCPGTOOLS_ALIGNEDBAMTOCPGSCORES",
                        "pbcpgtools",
                        "3.0.0"
                    ]
                ]
            }
        ],
        "meta": {
            "nf-test": "0.9.3",
            "nextflow": "25.10.4"
        },
        "timestamp": "2026-03-20T10:20:42.808703098"
    }
}