{
    "sarscov2 - bam - stub": {
        "content": [
            [
                
            ]
        ],
        "meta": {
            "nf-test": "0.8.4",
            "nextflow": "23.04.4"
        },
        "timestamp": "2024-03-26T04:02:37.323794"
    },
    "homo_sapiens - sarscov2 -  fasta": {
        "content": [
            [
                
            ]
        ],
        "meta": {
            "nf-test": "0.8.4",
            "nextflow": "23.04.4"
        },
        "timestamp": "2024-03-26T04:02:29.584766"
    }
}