{
    "join - csv - tsv output - stub": {
        "content": [
            {
                "csv": [
                    [
                        {
                            "id": "test"
                        },
                        "test.tsv:md5,d41d8cd98f00b204e9800998ecf8427e"
                    ]
                ],
                "versions_csvtk": [
                    [
                        "CSVTK_JOIN",
                        "csvtk",
                        "0.37.0"
                    ]
                ]
            }
        ],
        "timestamp": "2026-08-11T14:42:24.737063208",
        "meta": {
            "nf-test": "0.9.5",
            "nextflow": "26.07.0"
        }
    },
    "join - csv": {
        "content": [
            {
                "csv": [
                    [
                        {
                            "id": "test"
                        },
                        "test.csv:md5,0ab28b22412f9d4bfb0cf7de262746cb"
                    ]
                ],
                "versions_csvtk": [
                    [
                        "CSVTK_JOIN",
                        "csvtk",
                        "0.37.0"
                    ]
                ]
            }
        ],
        "timestamp": "2026-08-11T14:45:53.056869167",
        "meta": {
            "nf-test": "0.9.5",
            "nextflow": "26.07.0"
        }
    },
    "join - csv - stub": {
        "content": [
            {
                "csv": [
                    [
                        {
                            "id": "test"
                        },
                        "test.csv:md5,d41d8cd98f00b204e9800998ecf8427e"
                    ]
                ],
                "versions_csvtk": [
                    [
                        "CSVTK_JOIN",
                        "csvtk",
                        "0.37.0"
                    ]
                ]
            }
        ],
        "timestamp": "2026-04-30T14:26:09.818285",
        "meta": {
            "nf-test": "0.9.4",
            "nextflow": "26.04.0"
        }
    }
}