{
    "hgvs variants - json": {
        "content": [
            {
                "0": [
                    [
                        {
                            "id": "test"
                        },
                        "test.json:md5,eb780fa5e799e8a8cdb54b9eafa7ca30"
                    ]
                ],
                "1": [
                    [
                        "FERROHGVS_PARSE",
                        "ferrohgvs",
                        "0.6.0"
                    ]
                ],
                "parsed": [
                    [
                        {
                            "id": "test"
                        },
                        "test.json:md5,eb780fa5e799e8a8cdb54b9eafa7ca30"
                    ]
                ],
                "versions_ferrohgvs": [
                    [
                        "FERROHGVS_PARSE",
                        "ferrohgvs",
                        "0.6.0"
                    ]
                ]
            }
        ],
        "timestamp": "2026-06-26T11:01:58.797581",
        "meta": {
            "nf-test": "0.9.5",
            "nextflow": "25.10.4"
        }
    },
    "hgvs variants - stub": {
        "content": [
            {
                "0": [
                    [
                        {
                            "id": "test"
                        },
                        "test.txt:md5,d41d8cd98f00b204e9800998ecf8427e"
                    ]
                ],
                "1": [
                    [
                        "FERROHGVS_PARSE",
                        "ferrohgvs",
                        "0.6.0"
                    ]
                ],
                "parsed": [
                    [
                        {
                            "id": "test"
                        },
                        "test.txt:md5,d41d8cd98f00b204e9800998ecf8427e"
                    ]
                ],
                "versions_ferrohgvs": [
                    [
                        "FERROHGVS_PARSE",
                        "ferrohgvs",
                        "0.6.0"
                    ]
                ]
            }
        ],
        "timestamp": "2026-06-26T11:02:03.524285",
        "meta": {
            "nf-test": "0.9.5",
            "nextflow": "25.10.4"
        }
    },
    "hgvs variants - text": {
        "content": [
            {
                "0": [
                    [
                        {
                            "id": "test"
                        },
                        "test.txt:md5,fa02b24267a453c660532747fc69b83d"
                    ]
                ],
                "1": [
                    [
                        "FERROHGVS_PARSE",
                        "ferrohgvs",
                        "0.6.0"
                    ]
                ],
                "parsed": [
                    [
                        {
                            "id": "test"
                        },
                        "test.txt:md5,fa02b24267a453c660532747fc69b83d"
                    ]
                ],
                "versions_ferrohgvs": [
                    [
                        "FERROHGVS_PARSE",
                        "ferrohgvs",
                        "0.6.0"
                    ]
                ]
            }
        ],
        "timestamp": "2026-06-26T11:01:55.300222",
        "meta": {
            "nf-test": "0.9.5",
            "nextflow": "25.10.4"
        }
    }
}