{
    "10x example file": {
        "content": [
            [
                "versions.yml:md5,0d99b1cd733a51d67540d796e6b1e1f6"
            ],
            [
                "filtered_feature_bc_matrix.h5:md5,530804f5b2fdc9d262b4b6d32bde8b7b",
                "features.tsv.gz:md5,9f93621be0bede2b75596ad255607633",
                "matrix.mtx.gz:md5,925a0f46932cba157c44cb94e0c06314",
                "metrics_summary.csv:md5,14a544ef1204f4f9d128bc15febb94cf",
                "molecule_info.h5:md5,ac30e998aae699f09978be60d548635c",
                "raw_feature_bc_matrix.h5:md5,803d3ffa688dccd898c073b300c23ff9",
                "features.tsv.gz:md5,9f93621be0bede2b75596ad255607633",
                "matrix.mtx.gz:md5,a030e644e8b57df71142e9e26c306b5e",
                "possorted_genome_bam_samlines:14b70a2253bcaf40b1c6428e5b66f7a0"
            ]
        ],
        "meta": {
            "nf-test": "0.9.3",
            "nextflow": "25.04.0"
        },
        "timestamp": "2025-11-17T20:10:26.403736028"
    },
    "10x example file - stub": {
        "content": [
            {
                "0": [
                    [
                        {
                            "id": "test_10x",
                            "single_end": false,
                            "strandedness": "auto"
                        },
                        "fake_file.txt:md5,0d98223c768861fd6af96f00148dbb8d"
                    ]
                ],
                "1": [
                    "versions.yml:md5,292b87e293f0fc9ee9456bf43a359dbd"
                ],
                "outs": [
                    [
                        {
                            "id": "test_10x",
                            "single_end": false,
                            "strandedness": "auto"
                        },
                        "fake_file.txt:md5,0d98223c768861fd6af96f00148dbb8d"
                    ]
                ],
                "versions": [
                    "versions.yml:md5,292b87e293f0fc9ee9456bf43a359dbd"
                ]
            }
        ],
        "meta": {
            "nf-test": "0.9.3",
            "nextflow": "25.04.0"
        },
        "timestamp": "2025-11-17T15:58:11.185264005"
    }
}