{
    "semibin_data - bam - gpu": {
        "content": [
            {
                "csv": [
                    [
                        {
                            "id": "test"
                        },
                        [
                            "data.csv",
                            "data_cov.csv",
                            "data_split.csv",
                            "data_split_cov.csv",
                            "data.csv",
                            "data_cov.csv",
                            "data_split.csv",
                            "data_split_cov.csv",
                            "data.csv",
                            "data_cov.csv",
                            "data_split.csv",
                            "data_split_cov.csv",
                            "data.csv",
                            "data_cov.csv",
                            "data_split.csv",
                            "data_split_cov.csv",
                            "data.csv",
                            "data_cov.csv",
                            "data_split.csv",
                            "data_split_cov.csv",
                            "data.csv",
                            "data_cov.csv",
                            "data_split.csv",
                            "data_split_cov.csv",
                            "data.csv",
                            "data_cov.csv",
                            "data_split.csv",
                            "data_split_cov.csv",
                            "data.csv",
                            "data_cov.csv",
                            "data_split.csv",
                            "data_split_cov.csv",
                            "data.csv",
                            "data_cov.csv",
                            "data_split.csv",
                            "data_split_cov.csv",
                            "data.csv",
                            "data_cov.csv",
                            "data_split.csv",
                            "data_split_cov.csv"
                        ]
                    ]
                ],
                "log": [
                    [
                        {
                            "id": "test"
                        },
                        "SemiBinRun.log"
                    ]
                ],
                "tsv": [
                    [
                        {
                            "id": "test"
                        },
                        [
                            "contig_bins.tsv",
                            "recluster_bins_info.tsv",
                            "contig_bins.tsv",
                            "recluster_bins_info.tsv",
                            "contig_bins.tsv",
                            "recluster_bins_info.tsv",
                            "contig_bins.tsv",
                            "recluster_bins_info.tsv",
                            "contig_bins.tsv",
                            "recluster_bins_info.tsv",
                            "contig_bins.tsv",
                            "recluster_bins_info.tsv",
                            "contig_bins.tsv",
                            "recluster_bins_info.tsv",
                            "contig_bins.tsv",
                            "recluster_bins_info.tsv",
                            "contig_bins.tsv",
                            "recluster_bins_info.tsv",
                            "contig_bins.tsv",
                            "recluster_bins_info.tsv"
                        ]
                    ]
                ],
                "versions_cuda": [
                    [
                        "SEMIBIN_MULTIEASYBIN",
                        "cuda",
                        "12.9"
                    ]
                ],
                "versions_semibin": [
                    [
                        "SEMIBIN_MULTIEASYBIN",
                        "SemiBin",
                        "2.4.1"
                    ]
                ]
            }
        ],
        "timestamp": "2026-09-01T16:35:22.228383058",
        "meta": {
            "nf-test": "0.9.5",
            "nextflow": "26.04.6"
        }
    }
}