{
    "human - bam - stub": {
        "content": [
            {
                "0": [
                    [
                        {
                            "id": "test"
                        },
                        "test.vcf.gz:md5,68b329da9893e34099c7d8ad5cb9c940"
                    ]
                ],
                "1": [
                    [
                        {
                            "id": "test"
                        },
                        "test.vcf.gz.tbi:md5,d41d8cd98f00b204e9800998ecf8427e"
                    ]
                ],
                "2": [
                    "versions.yml:md5,ddbe347bc4b92dfcc7d5ed32c89df46c"
                ],
                "tbi": [
                    [
                        {
                            "id": "test"
                        },
                        "test.vcf.gz.tbi:md5,d41d8cd98f00b204e9800998ecf8427e"
                    ]
                ],
                "vcf": [
                    [
                        {
                            "id": "test"
                        },
                        "test.vcf.gz:md5,68b329da9893e34099c7d8ad5cb9c940"
                    ]
                ],
                "versions": [
                    "versions.yml:md5,ddbe347bc4b92dfcc7d5ed32c89df46c"
                ]
            }
        ],
        "meta": {
            "nf-test": "0.8.4",
            "nextflow": "24.04.2"
        },
        "timestamp": "2024-06-21T16:24:48.172666"
    },
    "human - bam": {
        "content": [
            {
                "0": [
                    [
                        {
                            "id": "test"
                        },
                        "test.vcf.gz:md5,d41d8cd98f00b204e9800998ecf8427e"
                    ]
                ],
                "1": [
                    [
                        {
                            "id": "test"
                        },
                        "test.vcf.gz.tbi:md5,e7180bb953d2bd657c420a5f76a7164d"
                    ]
                ],
                "2": [
                    "versions.yml:md5,ddbe347bc4b92dfcc7d5ed32c89df46c"
                ],
                "tbi": [
                    [
                        {
                            "id": "test"
                        },
                        "test.vcf.gz.tbi:md5,e7180bb953d2bd657c420a5f76a7164d"
                    ]
                ],
                "vcf": [
                    [
                        {
                            "id": "test"
                        },
                        "test.vcf.gz:md5,d41d8cd98f00b204e9800998ecf8427e"
                    ]
                ],
                "versions": [
                    "versions.yml:md5,ddbe347bc4b92dfcc7d5ed32c89df46c"
                ]
            }
        ],
        "meta": {
            "nf-test": "0.8.4",
            "nextflow": "24.04.2"
        },
        "timestamp": "2024-06-21T16:24:23.848962"
    },
    "human - cram": {
        "content": [
            {
                "0": [
                    [
                        {
                            "id": "test"
                        },
                        "test.vcf.gz:md5,d41d8cd98f00b204e9800998ecf8427e"
                    ]
                ],
                "1": [
                    [
                        {
                            "id": "test"
                        },
                        "test.vcf.gz.tbi:md5,e7180bb953d2bd657c420a5f76a7164d"
                    ]
                ],
                "2": [
                    "versions.yml:md5,ddbe347bc4b92dfcc7d5ed32c89df46c"
                ],
                "tbi": [
                    [
                        {
                            "id": "test"
                        },
                        "test.vcf.gz.tbi:md5,e7180bb953d2bd657c420a5f76a7164d"
                    ]
                ],
                "vcf": [
                    [
                        {
                            "id": "test"
                        },
                        "test.vcf.gz:md5,d41d8cd98f00b204e9800998ecf8427e"
                    ]
                ],
                "versions": [
                    "versions.yml:md5,ddbe347bc4b92dfcc7d5ed32c89df46c"
                ]
            }
        ],
        "meta": {
            "nf-test": "0.8.4",
            "nextflow": "24.04.2"
        },
        "timestamp": "2024-06-21T16:24:34.585757"
    }
}