{
    "test-gatk4-revertsam": {
        "content": [
            "e3cfa46b13cc4fc425cccae944f43b10",
            [
                "versions.yml:md5,ef0c48b3a3499410f2ed092a3e9814b4"
            ]
        ],
        "meta": {
            "nf-test": "0.9.1",
            "nextflow": "24.10.0"
        },
        "timestamp": "2024-10-31T11:58:52.167057245"
    },
    "test-gatk4-revertsam-stubs": {
        "content": [
            {
                "0": [
                    [
                        {
                            "id": "test"
                        },
                        "test.reverted.bam:md5,d41d8cd98f00b204e9800998ecf8427e"
                    ]
                ],
                "1": [
                    "versions.yml:md5,ef0c48b3a3499410f2ed092a3e9814b4"
                ],
                "bam": [
                    [
                        {
                            "id": "test"
                        },
                        "test.reverted.bam:md5,d41d8cd98f00b204e9800998ecf8427e"
                    ]
                ],
                "versions": [
                    "versions.yml:md5,ef0c48b3a3499410f2ed092a3e9814b4"
                ]
            }
        ],
        "meta": {
            "nf-test": "0.9.1",
            "nextflow": "24.10.0"
        },
        "timestamp": "2024-10-31T11:59:02.762117999"
    }
}