{
    "sarscov2 - bam - stub": {
        "content": [
            {
                "0": [
                    [
                        {
                            "id": "test",
                            "single_end": false
                        },
                        "test.spp.out:md5,d41d8cd98f00b204e9800998ecf8427e"
                    ]
                ],
                "1": [
                    [
                        {
                            "id": "test",
                            "single_end": false
                        },
                        "test.spp.pdf:md5,d41d8cd98f00b204e9800998ecf8427e"
                    ]
                ],
                "2": [
                    [
                        {
                            "id": "test",
                            "single_end": false
                        },
                        "test.spp.Rdata:md5,d41d8cd98f00b204e9800998ecf8427e"
                    ]
                ],
                "3": [
                    [
                        "PHANTOMPEAKQUALTOOLS",
                        "R",
                        "4.3.3"
                    ]
                ],
                "4": [
                    [
                        "PHANTOMPEAKQUALTOOLS",
                        "phantompeakqualtools",
                        "1.2.2"
                    ]
                ],
                "pdf": [
                    [
                        {
                            "id": "test",
                            "single_end": false
                        },
                        "test.spp.pdf:md5,d41d8cd98f00b204e9800998ecf8427e"
                    ]
                ],
                "rdata": [
                    [
                        {
                            "id": "test",
                            "single_end": false
                        },
                        "test.spp.Rdata:md5,d41d8cd98f00b204e9800998ecf8427e"
                    ]
                ],
                "spp": [
                    [
                        {
                            "id": "test",
                            "single_end": false
                        },
                        "test.spp.out:md5,d41d8cd98f00b204e9800998ecf8427e"
                    ]
                ],
                "versions_phantompeakqualtools": [
                    [
                        "PHANTOMPEAKQUALTOOLS",
                        "phantompeakqualtools",
                        "1.2.2"
                    ]
                ],
                "versions_r": [
                    [
                        "PHANTOMPEAKQUALTOOLS",
                        "R",
                        "4.3.3"
                    ]
                ]
            }
        ],
        "timestamp": "2026-07-23T12:47:39.578742",
        "meta": {
            "nf-test": "0.9.5",
            "nextflow": "26.04.0"
        }
    },
    "sarscov2 - bam - single_end": {
        "content": [
            [
                [
                    {
                        "id": "test",
                        "single_end": true
                    },
                    "test.spp.out:md5,b01d976506b6fe45b66c821b1e8a1d15"
                ]
            ],
            "test.spp.pdf",
            "test.spp.Rdata",
            {
                "versions_phantompeakqualtools": [
                    [
                        "PHANTOMPEAKQUALTOOLS",
                        "phantompeakqualtools",
                        "1.2.2"
                    ]
                ],
                "versions_r": [
                    [
                        "PHANTOMPEAKQUALTOOLS",
                        "R",
                        "4.3.3"
                    ]
                ]
            }
        ],
        "timestamp": "2026-07-23T12:47:30.186506",
        "meta": {
            "nf-test": "0.9.5",
            "nextflow": "26.04.0"
        }
    },
    "sarscov2 - bam - paired_end": {
        "content": [
            [
                [
                    {
                        "id": "test",
                        "single_end": true
                    },
                    "test.spp.out:md5,eed46e75eab119224f397a7a8b5924e6"
                ]
            ],
            "test.spp.pdf",
            "test.spp.Rdata",
            {
                "versions_phantompeakqualtools": [
                    [
                        "PHANTOMPEAKQUALTOOLS",
                        "phantompeakqualtools",
                        "1.2.2"
                    ]
                ],
                "versions_r": [
                    [
                        "PHANTOMPEAKQUALTOOLS",
                        "R",
                        "4.3.3"
                    ]
                ]
            }
        ],
        "timestamp": "2026-07-23T12:47:35.333687",
        "meta": {
            "nf-test": "0.9.5",
            "nextflow": "26.04.0"
        }
    }
}