{
    "all_fa_config": {
        "content": [
            [
                [
                    {
                        "id": "test"
                    },
                    "test_rnaseq_1.fasta:md5,125963c9ee39a49b3a680903e28e7c9d"
                ]
            ]
        ],
        "meta": {
            "nf-test": "0.9.0",
            "nextflow": "24.04.4"
        },
        "timestamp": "2024-09-10T18:35:10.022991825"
    },
    "all_fa": {
        "content": [
            [
                [
                    {
                        "id": "test",
                        "single_end": false
                    },
                    "test_rnaseq_1.fasta:md5,0181296141177654088bbc2a96b29560"
                ]
            ]
        ],
        "meta": {
            "nf-test": "0.9.0",
            "nextflow": "24.04.4"
        },
        "timestamp": "2024-09-10T18:33:02.971744888"
    },
    "versions": {
        "content": [
            [
                "versions.yml:md5,b50529beb497fc9882232140b636d9ce"
            ]
        ],
        "meta": {
            "nf-test": "0.9.0",
            "nextflow": "24.04.4"
        },
        "timestamp": "2024-09-02T14:00:50.712738593"
    },
    "tsv_config": {
        "content": [
            [
                [
                    {
                        "id": "test"
                    },
                    [
                        "mirtrace-stats-contamination_basic.tsv:md5,ac69ca6d2a709854f1048b635d06e927",
                        "mirtrace-stats-contamination_detailed.tsv:md5,ef80997ac12662c64cbcf5fe9851e786",
                        "mirtrace-stats-length.tsv:md5,630b3a845953321ae4cf2fc4a4943ab5",
                        "mirtrace-stats-mirna-complexity.tsv:md5,ab2a7600a2daa5c1797eea13d0abc2f0",
                        "mirtrace-stats-phred.tsv:md5,44eaeae26ec629e71fb31e56bfb5a548",
                        "mirtrace-stats-qcstatus.tsv:md5,623cf3a0c5e363488966844feb0dd978",
                        "mirtrace-stats-rnatype.tsv:md5,ed8d3a76247a1432a365def87c3f4c67"
                    ]
                ]
            ]
        ],
        "meta": {
            "nf-test": "0.9.0",
            "nextflow": "24.04.4"
        },
        "timestamp": "2024-09-10T18:35:09.99291948"
    },
    "tsv": {
        "content": [
            [
                [
                    {
                        "id": "test",
                        "single_end": false
                    },
                    [
                        "mirtrace-stats-contamination_basic.tsv:md5,ac69ca6d2a709854f1048b635d06e927",
                        "mirtrace-stats-contamination_detailed.tsv:md5,ef80997ac12662c64cbcf5fe9851e786",
                        "mirtrace-stats-length.tsv:md5,54ecc0698e8e83d5b1c979b2ee3b1512",
                        "mirtrace-stats-mirna-complexity.tsv:md5,ab2a7600a2daa5c1797eea13d0abc2f0",
                        "mirtrace-stats-phred.tsv:md5,44eaeae26ec629e71fb31e56bfb5a548",
                        "mirtrace-stats-qcstatus.tsv:md5,623cf3a0c5e363488966844feb0dd978",
                        "mirtrace-stats-rnatype.tsv:md5,ed8d3a76247a1432a365def87c3f4c67"
                    ]
                ]
            ]
        ],
        "meta": {
            "nf-test": "0.9.0",
            "nextflow": "24.04.4"
        },
        "timestamp": "2024-09-10T18:33:02.856967195"
    },
    "rnatype_unknown_fa_config": {
        "content": [
            [
                [
                    {
                        "id": "test"
                    },
                    "test_rnaseq_1.fasta:md5,125963c9ee39a49b3a680903e28e7c9d"
                ]
            ]
        ],
        "meta": {
            "nf-test": "0.9.0",
            "nextflow": "24.04.4"
        },
        "timestamp": "2024-09-10T18:35:10.010723637"
    },
    "human - fastq - stub": {
        "content": [
            {
                "0": [
                    [
                        {
                            "id": "test",
                            "single_end": false
                        },
                        "test.html:md5,d41d8cd98f00b204e9800998ecf8427e"
                    ]
                ],
                "1": [
                    [
                        {
                            "id": "test",
                            "single_end": false
                        },
                        "test.json:md5,d41d8cd98f00b204e9800998ecf8427e"
                    ]
                ],
                "2": [
                    [
                        {
                            "id": "test",
                            "single_end": false
                        },
                        "test.tsv:md5,d41d8cd98f00b204e9800998ecf8427e"
                    ]
                ],
                "3": [
                    [
                        {
                            "id": "test",
                            "single_end": false
                        },
                        "test.fa:md5,d41d8cd98f00b204e9800998ecf8427e"
                    ]
                ],
                "4": [
                    [
                        {
                            "id": "test",
                            "single_end": false
                        },
                        "test.fa:md5,d41d8cd98f00b204e9800998ecf8427e"
                    ]
                ],
                "5": [
                    "versions.yml:md5,b50529beb497fc9882232140b636d9ce"
                ],
                "all_fa": [
                    [
                        {
                            "id": "test",
                            "single_end": false
                        },
                        "test.fa:md5,d41d8cd98f00b204e9800998ecf8427e"
                    ]
                ],
                "html": [
                    [
                        {
                            "id": "test",
                            "single_end": false
                        },
                        "test.html:md5,d41d8cd98f00b204e9800998ecf8427e"
                    ]
                ],
                "json": [
                    [
                        {
                            "id": "test",
                            "single_end": false
                        },
                        "test.json:md5,d41d8cd98f00b204e9800998ecf8427e"
                    ]
                ],
                "rnatype_unknown_fa": [
                    [
                        {
                            "id": "test",
                            "single_end": false
                        },
                        "test.fa:md5,d41d8cd98f00b204e9800998ecf8427e"
                    ]
                ],
                "tsv": [
                    [
                        {
                            "id": "test",
                            "single_end": false
                        },
                        "test.tsv:md5,d41d8cd98f00b204e9800998ecf8427e"
                    ]
                ],
                "versions": [
                    "versions.yml:md5,b50529beb497fc9882232140b636d9ce"
                ]
            }
        ],
        "meta": {
            "nf-test": "0.9.0",
            "nextflow": "24.04.4"
        },
        "timestamp": "2024-09-02T13:43:42.209949119"
    },
    "rnatype_unknown_fa": {
        "content": [
            [
                [
                    {
                        "id": "test",
                        "single_end": false
                    },
                    "test_rnaseq_1.fasta:md5,0181296141177654088bbc2a96b29560"
                ]
            ]
        ],
        "meta": {
            "nf-test": "0.9.0",
            "nextflow": "24.04.4"
        },
        "timestamp": "2024-09-10T18:33:02.917439516"
    }
}