{
    "homo_sapiens - pangenome - odgi - pangenome_og": {
        "content": [
            {
                "0": [
                    [
                        {
                            "id": "test",
                            "single_end": false
                        },
                        "test.og:md5,91a02c7320969d66bc862cdea317e92e"
                    ]
                ],
                "1": [
                    "versions.yml:md5,ee7ed77636f98e98a3e40a915c22ed64"
                ],
                "graph": [
                    [
                        {
                            "id": "test",
                            "single_end": false
                        },
                        "test.og:md5,91a02c7320969d66bc862cdea317e92e"
                    ]
                ],
                "versions": [
                    "versions.yml:md5,ee7ed77636f98e98a3e40a915c22ed64"
                ]
            }
        ],
        "timestamp": "2024-01-30T10:48:02.189347916"
    }
}