{
    "sarscov2 - fasta - stub": {
        "content": [
            {
                "0": [
                    [
                        {
                            "id": "test",
                            "single_end": true
                        },
                        "test.gz:md5,68b329da9893e34099c7d8ad5cb9c940"
                    ]
                ],
                "1": [
                    [
                        "KMCP_SEARCH",
                        "kmcp",
                        "0.9.4"
                    ]
                ],
                "result": [
                    [
                        {
                            "id": "test",
                            "single_end": true
                        },
                        "test.gz:md5,68b329da9893e34099c7d8ad5cb9c940"
                    ]
                ],
                "versions_kmcp": [
                    [
                        "KMCP_SEARCH",
                        "kmcp",
                        "0.9.4"
                    ]
                ]
            }
        ],
        "timestamp": "2026-04-21T05:46:27.024188282",
        "meta": {
            "nf-test": "0.9.5",
            "nextflow": "24.10.3"
        }
    },
    "sarscov2 - fasta": {
        "content": [
            {
                "0": [
                    [
                        {
                            "id": "test",
                            "single_end": true
                        },
                        "test.gz:md5,84953d3d517f65722d43a2c3fdd04935"
                    ]
                ],
                "1": [
                    [
                        "KMCP_SEARCH",
                        "kmcp",
                        "0.9.4"
                    ]
                ],
                "result": [
                    [
                        {
                            "id": "test",
                            "single_end": true
                        },
                        "test.gz:md5,84953d3d517f65722d43a2c3fdd04935"
                    ]
                ],
                "versions_kmcp": [
                    [
                        "KMCP_SEARCH",
                        "kmcp",
                        "0.9.4"
                    ]
                ]
            }
        ],
        "timestamp": "2026-04-21T05:46:19.244505942",
        "meta": {
            "nf-test": "0.9.5",
            "nextflow": "24.10.3"
        }
    }
}