{
    "plot - png - stub": {
        "content": [
            {
                "plot": [
                    [
                        {
                            "id": "test"
                        },
                        "test.saltshaker.png:md5,d41d8cd98f00b204e9800998ecf8427e"
                    ]
                ],
                "versions_saltshaker": [
                    [
                        "SALTSHAKER_PLOT",
                        "saltshaker",
                        "1.0.0"
                    ]
                ]
            }
        ],
        "timestamp": "2026-03-17T14:57:52.937691",
        "meta": {
            "nf-test": "0.9.4",
            "nextflow": "25.10.0"
        }
    },
    "plot - png": {
        "content": [
            {
                "plot": [
                    [
                        {
                            "id": "test"
                        },
                        "test.saltshaker.png:md5,0f1bc977074892cc1329a0aa88e0beef"
                    ]
                ],
                "versions_saltshaker": [
                    [
                        "SALTSHAKER_PLOT",
                        "saltshaker",
                        "1.0.0"
                    ]
                ]
            }
        ],
        "timestamp": "2026-06-01T14:10:57.220151",
        "meta": {
            "nf-test": "0.9.5",
            "nextflow": "26.04.3"
        }
    }
}