{
    "MAPAD index": {
        "content": [
            {
                "index": [
                    [
                        {
                            "id": "test"
                        },
                        [
                            "genome.fasta:md5,6e9fe4042a72f2345f644f239272b7e6",
                            "genome.fasta.tbw:md5,d6d6bd50c6a2712f0007653013f916ef",
                            "genome.fasta.tle:md5,e6bd3f4ef87e4cb1e67af862b7524b0f",
                            "genome.fasta.toc:md5,2138b712577c41d366f8c073ce62f2a5",
                            "genome.fasta.tos:md5,91f1bf104bd616a6a2c3e3d22ba5a63c",
                            "genome.fasta.tpi:md5,51ae9cef3d93f356dc3fda6bf75908e9",
                            "genome.fasta.trt:md5,2694982473d5ec590031e85ba38f02fe",
                            "genome.fasta.tsa:md5,ed4a24c80100f08dd06846cefa80f510"
                        ]
                    ]
                ],
                "versions_mapad": [
                    [
                        "MAPAD_INDEX",
                        "mapad",
                        "0.45.0"
                    ]
                ]
            }
        ],
        "timestamp": "2026-06-23T14:05:53.884406727",
        "meta": {
            "nf-test": "0.9.5",
            "nextflow": "26.04.3"
        }
    },
    "MAPAD index -- stub": {
        "content": [
            {
                "index": [
                    [
                        {
                            "id": "test"
                        },
                        [
                            "genome.fasta:md5,6e9fe4042a72f2345f644f239272b7e6",
                            "genome.fasta.tbw:md5,d41d8cd98f00b204e9800998ecf8427e",
                            "genome.fasta.tle:md5,d41d8cd98f00b204e9800998ecf8427e",
                            "genome.fasta.toc:md5,d41d8cd98f00b204e9800998ecf8427e",
                            "genome.fasta.tos:md5,d41d8cd98f00b204e9800998ecf8427e",
                            "genome.fasta.tpi:md5,d41d8cd98f00b204e9800998ecf8427e",
                            "genome.fasta.trt:md5,d41d8cd98f00b204e9800998ecf8427e",
                            "genome.fasta.tsa:md5,d41d8cd98f00b204e9800998ecf8427e"
                        ]
                    ]
                ],
                "versions_mapad": [
                    [
                        "MAPAD_INDEX",
                        "mapad",
                        "0.45.0"
                    ]
                ]
            }
        ],
        "timestamp": "2026-06-23T14:28:07.810625246",
        "meta": {
            "nf-test": "0.9.5",
            "nextflow": "26.04.3"
        }
    }
}