{
    "test-seroba-run-stub": {
        "content": [
            {
                "tsv": [
                    [
                        {
                            "id": "test",
                            "single_end": false
                        },
                        "test.tsv:md5,d41d8cd98f00b204e9800998ecf8427e"
                    ]
                ],
                "txt": [
                    
                ],
                "versions_seroba": [
                    [
                        "SEROBA_RUN",
                        "seroba",
                        "1.0.2"
                    ]
                ]
            }
        ],
        "timestamp": "2026-08-15T19:37:58.567902087",
        "meta": {
            "nf-test": "0.9.5",
            "nextflow": "26.04.6"
        }
    },
    "test-seroba-run": {
        "content": [
            {
                "tsv": [
                    [
                        {
                            "id": "test",
                            "single_end": false
                        },
                        "test.tsv:md5,28b2ce33df270172e6a39db4429e684b"
                    ]
                ],
                "txt": [
                    
                ],
                "versions_seroba": [
                    [
                        "SEROBA_RUN",
                        "seroba",
                        "1.0.2"
                    ]
                ]
            }
        ],
        "timestamp": "2026-08-15T19:37:48.32218331",
        "meta": {
            "nf-test": "0.9.5",
            "nextflow": "26.04.6"
        }
    }
}