{
    "proteomics - mzML statistics": {
        "content": [
            [
                [
                    {
                        "id": "test_sample"
                    },
                    "RD139_Narrow_UPS1_0_1fmol_inj1_ms_info.parquet"
                ]
            ],
            [
                [
                    {
                        "id": "test_sample"
                    },
                    "RD139_Narrow_UPS1_0_1fmol_inj1_mzml_statistics.log"
                ]
            ],
            [
                "versions.yml:md5,9d65ff83bdd9510e1a30d23e318d58aa"
            ]
        ],
        "timestamp": "2026-02-16T21:10:35.972041481",
        "meta": {
            "nf-test": "0.9.4",
            "nextflow": "25.10.4"
        }
    },
    "proteomics - mzML statistics - stub": {
        "content": [
            {
                "feature_statistics": [
                    [
                        {
                            "id": "test_sample"
                        },
                        "test_sample_feature_info.parquet:md5,d41d8cd98f00b204e9800998ecf8427e"
                    ]
                ],
                "log": [
                    [
                        {
                            "id": "test_sample"
                        },
                        "RD139_Narrow_UPS1_0_1fmol_inj1_mzml_statistics.log:md5,d41d8cd98f00b204e9800998ecf8427e"
                    ]
                ],
                "ms2_statistics": [
                    [
                        {
                            "id": "test_sample"
                        },
                        "test_sample_ms2_info.parquet:md5,d41d8cd98f00b204e9800998ecf8427e"
                    ]
                ],
                "ms_statistics": [
                    [
                        {
                            "id": "test_sample"
                        },
                        "test_sample_ms_info.parquet:md5,d41d8cd98f00b204e9800998ecf8427e"
                    ]
                ],
                "versions": [
                    "versions.yml:md5,9d65ff83bdd9510e1a30d23e318d58aa"
                ]
            }
        ],
        "timestamp": "2026-02-16T21:07:44.765483601",
        "meta": {
            "nf-test": "0.9.4",
            "nextflow": "25.10.4"
        }
    }
}