{
    "homo_sapiens popgen - chunked quantitative plink1 with covariates": {
        "content": [
            {
                "predictions": [
                    [
                        {
                            "id": "plink_simulated"
                        },
                        "plink_simulated_pred.list"
                    ]
                ],
                "loco": [
                    [
                        {
                            "id": "plink_simulated"
                        },
                        "plink_simulated_1.loco.gz"
                    ]
                ],
                "logs": [
                    [
                        {
                            "id": "plink_simulated"
                        },
                        "plink_simulated.log"
                    ],
                    [
                        {
                            "id": "plink_simulated"
                        },
                        "plink_simulated.log"
                    ],
                    [
                        {
                            "id": "plink_simulated"
                        },
                        "plink_simulated_job1.log"
                    ],
                    [
                        {
                            "id": "plink_simulated"
                        },
                        "plink_simulated_job2.log"
                    ]
                ],
                "versions": [
                    
                ]
            }
        ],
        "meta": {
            "nf-test": "0.9.3",
            "nextflow": "25.10.4"
        },
        "timestamp": "2026-06-09T18:15:16.391666605"
    },
    "homo_sapiens popgen - standard plink1 - stub": {
        "content": [
            {
                "predictions": [
                    [
                        {
                            "id": "plink_simulated"
                        },
                        "plink_simulated_pred.list"
                    ]
                ],
                "loco": [
                    [
                        {
                            "id": "plink_simulated"
                        },
                        "plink_simulated_1.loco.gz"
                    ]
                ],
                "logs": [
                    [
                        {
                            "id": "plink_simulated"
                        },
                        "plink_simulated.log"
                    ]
                ],
                "versions": [
                    
                ]
            }
        ],
        "meta": {
            "nf-test": "0.9.3",
            "nextflow": "25.10.4"
        },
        "timestamp": "2026-06-09T18:15:26.589742926"
    },
    "homo_sapiens popgen - standard quantitative plink2 without covariates": {
        "content": [
            {
                "predictions": [
                    [
                        {
                            "id": "plink_simulated"
                        },
                        "plink_simulated_pred.list"
                    ]
                ],
                "loco": [
                    [
                        {
                            "id": "plink_simulated"
                        },
                        "plink_simulated_1.loco.gz"
                    ]
                ],
                "logs": [
                    [
                        {
                            "id": "plink_simulated"
                        },
                        "plink_simulated.log"
                    ]
                ],
                "versions": [
                    
                ]
            }
        ],
        "meta": {
            "nf-test": "0.9.3",
            "nextflow": "25.10.4"
        },
        "timestamp": "2026-06-09T18:15:21.502142966"
    },
    "homo_sapiens popgen - chunked plink1 - stub": {
        "content": [
            {
                "predictions": [
                    [
                        {
                            "id": "plink_simulated"
                        },
                        "plink_simulated_pred.list"
                    ]
                ],
                "loco": [
                    [
                        {
                            "id": "plink_simulated"
                        },
                        "plink_simulated_1.loco.gz"
                    ]
                ],
                "logs": [
                    [
                        {
                            "id": "plink_simulated"
                        },
                        "plink_simulated.log"
                    ],
                    [
                        {
                            "id": "plink_simulated"
                        },
                        "plink_simulated.log"
                    ],
                    [
                        {
                            "id": "plink_simulated"
                        },
                        "plink_simulated_job1.log"
                    ],
                    [
                        {
                            "id": "plink_simulated"
                        },
                        "plink_simulated_job2.log"
                    ]
                ],
                "versions": [
                    
                ]
            }
        ],
        "meta": {
            "nf-test": "0.9.3",
            "nextflow": "25.10.4"
        },
        "timestamp": "2026-06-09T18:15:33.035665725"
    },
    "homo_sapiens popgen - standard quantitative plink1 with covariates": {
        "content": [
            {
                "predictions": [
                    [
                        {
                            "id": "plink_simulated"
                        },
                        "plink_simulated_pred.list"
                    ]
                ],
                "loco": [
                    [
                        {
                            "id": "plink_simulated"
                        },
                        "plink_simulated_1.loco.gz"
                    ]
                ],
                "logs": [
                    [
                        {
                            "id": "plink_simulated"
                        },
                        "plink_simulated.log"
                    ]
                ],
                "versions": [
                    
                ]
            }
        ],
        "meta": {
            "nf-test": "0.9.3",
            "nextflow": "25.10.4"
        },
        "timestamp": "2026-06-09T18:15:10.02065748"
    }
}