{
    "sarscov2 - illumina paired end [fastq]": {
        "content": [
            [
                "Leptospira alexanderi [ref_mOTU_v31_00001]\t0.0000000000",
                "Leptospira weilii [ref_mOTU_v31_00002]\t0.0000000000",
                "Chryseobacterium sp. [ref_mOTU_v31_00004]\t0.0000000000",
                "Chryseobacterium gallinarum [ref_mOTU_v31_00005]\t0.0000000000",
                "Chryseobacterium indologenes [ref_mOTU_v31_00006]\t0.0000000000",
                "Chryseobacterium artocarpi/ureilyticum [ref_mOTU_v31_00007]\t0.0000000000",
                "Chryseobacterium jejuense [ref_mOTU_v31_00008]\t0.0000000000",
                "Chryseobacterium sp. G972 [ref_mOTU_v31_00009]\t0.0000000000"
            ],
            false,
            [
                "versions.yml:md5,0119e45bb894d3205c32fffc0c895d3c"
            ]
        ],
        "meta": {
            "nf-test": "0.8.4",
            "nextflow": "23.04.1"
        },
        "timestamp": "2024-09-04T12:54:13.029947"
    },
    "sarscov2 - illumina paired end [fastq] - stub": {
        "content": [
            {
                "0": [
                    [
                        {
                            "id": "test",
                            "single_end": false
                        },
                        "test.out:md5,d41d8cd98f00b204e9800998ecf8427e"
                    ]
                ],
                "1": [
                    
                ],
                "2": [
                    
                ],
                "3": [
                    [
                        {
                            "id": "test",
                            "single_end": false
                        },
                        "test.log:md5,d41d8cd98f00b204e9800998ecf8427e"
                    ]
                ],
                "4": [
                    "versions.yml:md5,361e07d24e9faf2fc49f5c3f4e718517"
                ],
                "bam": [
                    
                ],
                "log": [
                    [
                        {
                            "id": "test",
                            "single_end": false
                        },
                        "test.log:md5,d41d8cd98f00b204e9800998ecf8427e"
                    ]
                ],
                "mgc": [
                    
                ],
                "out": [
                    [
                        {
                            "id": "test",
                            "single_end": false
                        },
                        "test.out:md5,d41d8cd98f00b204e9800998ecf8427e"
                    ]
                ],
                "versions": [
                    "versions.yml:md5,361e07d24e9faf2fc49f5c3f4e718517"
                ]
            }
        ],
        "meta": {
            "nf-test": "0.9.0",
            "nextflow": "24.04.4"
        },
        "timestamp": "2024-09-04T07:44:34.702236603"
    },
    "sarscov2 - illumina paired end [bam]": {
        "content": [
            [
                "Leptospira alexanderi [ref_mOTU_v31_00001]\t0.0000000000",
                "Leptospira weilii [ref_mOTU_v31_00002]\t0.0000000000",
                "Chryseobacterium sp. [ref_mOTU_v31_00004]\t0.0000000000",
                "Chryseobacterium gallinarum [ref_mOTU_v31_00005]\t0.0000000000",
                "Chryseobacterium indologenes [ref_mOTU_v31_00006]\t0.0000000000",
                "Chryseobacterium artocarpi/ureilyticum [ref_mOTU_v31_00007]\t0.0000000000",
                "Chryseobacterium jejuense [ref_mOTU_v31_00008]\t0.0000000000",
                "Chryseobacterium sp. G972 [ref_mOTU_v31_00009]\t0.0000000000"
            ],
            false,
            [
                "versions.yml:md5,0119e45bb894d3205c32fffc0c895d3c"
            ]
        ],
        "meta": {
            "nf-test": "0.8.4",
            "nextflow": "23.04.1"
        },
        "timestamp": "2024-09-04T12:56:30.49163"
    },
    "sarscov2 - illumina single end [fastq] - stub": {
        "content": [
            {
                "0": [
                    [
                        {
                            "id": "test",
                            "single_end": true
                        },
                        "test.out:md5,d41d8cd98f00b204e9800998ecf8427e"
                    ]
                ],
                "1": [
                    
                ],
                "2": [
                    
                ],
                "3": [
                    [
                        {
                            "id": "test",
                            "single_end": true
                        },
                        "test.log:md5,d41d8cd98f00b204e9800998ecf8427e"
                    ]
                ],
                "4": [
                    "versions.yml:md5,361e07d24e9faf2fc49f5c3f4e718517"
                ],
                "bam": [
                    
                ],
                "log": [
                    [
                        {
                            "id": "test",
                            "single_end": true
                        },
                        "test.log:md5,d41d8cd98f00b204e9800998ecf8427e"
                    ]
                ],
                "mgc": [
                    
                ],
                "out": [
                    [
                        {
                            "id": "test",
                            "single_end": true
                        },
                        "test.out:md5,d41d8cd98f00b204e9800998ecf8427e"
                    ]
                ],
                "versions": [
                    "versions.yml:md5,361e07d24e9faf2fc49f5c3f4e718517"
                ]
            }
        ],
        "meta": {
            "nf-test": "0.9.0",
            "nextflow": "24.04.4"
        },
        "timestamp": "2024-09-04T07:44:23.635734599"
    },
    "sarscov2 - illumina paired end [bam] - stub": {
        "content": [
            {
                "0": [
                    [
                        {
                            "id": "test",
                            "single_end": false
                        },
                        "test.out:md5,d41d8cd98f00b204e9800998ecf8427e"
                    ]
                ],
                "1": [
                    
                ],
                "2": [
                    
                ],
                "3": [
                    [
                        {
                            "id": "test",
                            "single_end": false
                        },
                        "test.log:md5,d41d8cd98f00b204e9800998ecf8427e"
                    ]
                ],
                "4": [
                    "versions.yml:md5,361e07d24e9faf2fc49f5c3f4e718517"
                ],
                "bam": [
                    
                ],
                "log": [
                    [
                        {
                            "id": "test",
                            "single_end": false
                        },
                        "test.log:md5,d41d8cd98f00b204e9800998ecf8427e"
                    ]
                ],
                "mgc": [
                    
                ],
                "out": [
                    [
                        {
                            "id": "test",
                            "single_end": false
                        },
                        "test.out:md5,d41d8cd98f00b204e9800998ecf8427e"
                    ]
                ],
                "versions": [
                    "versions.yml:md5,361e07d24e9faf2fc49f5c3f4e718517"
                ]
            }
        ],
        "meta": {
            "nf-test": "0.9.0",
            "nextflow": "24.04.4"
        },
        "timestamp": "2024-09-04T07:44:44.53280646"
    }
}