{
    "sarscov2 - pfal - list - stub": {
        "content": [
            {
                "0": [
                    
                ],
                "1": [
                    
                ],
                "2": [
                    
                ],
                "3": [
                    
                ],
                "4": [
                    
                ],
                "cluster_files": [
                    
                ],
                "cluster_list": [
                    
                ],
                "distances": [
                    
                ],
                "dot": [
                    
                ],
                "versions": [
                    
                ]
            }
        ],
        "meta": {
            "nf-test": "0.9.2",
            "nextflow": "24.10.3"
        },
        "timestamp": "2025-02-06T11:12:06.481928"
    },
    "sarscov2 - pfal - skf - stub": {
        "content": [
            {
                "0": [
                    
                ],
                "1": [
                    
                ],
                "2": [
                    
                ],
                "3": [
                    
                ],
                "4": [
                    
                ],
                "cluster_files": [
                    
                ],
                "cluster_list": [
                    
                ],
                "distances": [
                    
                ],
                "dot": [
                    
                ],
                "versions": [
                    
                ]
            }
        ],
        "meta": {
            "nf-test": "0.9.2",
            "nextflow": "24.10.3"
        },
        "timestamp": "2025-02-06T11:12:02.343424"
    },
    "sarscov2 - pfal - skf": {
        "content": [
            {
                "0": [
                    [
                        {
                            "id": "test"
                        },
                        "test.distances.tsv:md5,6d93b46b8c366259de3d0395ebb3b99d"
                    ]
                ],
                "1": [
                    [
                        {
                            "id": "test"
                        },
                        "test.clusters.tsv:md5,b98887394f86f586988f57a982944b17"
                    ]
                ],
                "2": [
                    
                ],
                "3": [
                    [
                        {
                            "id": "test"
                        },
                        "test.dot:md5,19e7c8d6cb8bf58a33356afd020ef71c"
                    ]
                ],
                "4": [
                    "versions.yml:md5,914078627d4223f14da56bb9dd72a667"
                ],
                "cluster_files": [
                    
                ],
                "cluster_list": [
                    [
                        {
                            "id": "test"
                        },
                        "test.clusters.tsv:md5,b98887394f86f586988f57a982944b17"
                    ]
                ],
                "distances": [
                    [
                        {
                            "id": "test"
                        },
                        "test.distances.tsv:md5,6d93b46b8c366259de3d0395ebb3b99d"
                    ]
                ],
                "dot": [
                    [
                        {
                            "id": "test"
                        },
                        "test.dot:md5,19e7c8d6cb8bf58a33356afd020ef71c"
                    ]
                ],
                "versions": [
                    "versions.yml:md5,914078627d4223f14da56bb9dd72a667"
                ]
            }
        ],
        "meta": {
            "nf-test": "0.9.2",
            "nextflow": "24.10.3"
        },
        "timestamp": "2025-02-05T15:10:11.678177"
    }
}