{
    "homo_sapiens - fasta - fasta": {
        "content": [
            {
                "codon": [
                    [
                        {
                            "id": "test"
                        },
                        "test.codon.fas:md5,6eed1f7651d7ba82171cb02014884e5f"
                    ]
                ],
                "faa": [
                    [
                        {
                            "id": "test"
                        },
                        "test.fas:md5,99e9062723af0b474c21de91a4f5dab0"
                    ]
                ],
                "gff": [
                    [
                        {
                            "id": "test"
                        },
                        "test.gff:md5,be171e6f1e1e546909ad540ff0a9ffe4"
                    ]
                ],
                "tsv": [
                    [
                        {
                            "id": "test"
                        },
                        "test.headersMap.tsv:md5,b3628c76d7385d326bd8a7931d974cff"
                    ]
                ],
                "versions_metaeuk": [
                    [
                        "METAEUK_EASYPREDICT",
                        "metaeuk",
                        "6.a5d39d9"
                    ]
                ]
            }
        ],
        "timestamp": "2026-07-06T11:59:33.006714287",
        "meta": {
            "nf-test": "0.9.5",
            "nextflow": "26.04.3"
        }
    },
    "homo_sapiens - fasta - fasta -- stub": {
        "content": [
            {
                "codon": [
                    [
                        {
                            "id": "test"
                        },
                        "test.codon.fas:md5,d41d8cd98f00b204e9800998ecf8427e"
                    ]
                ],
                "faa": [
                    [
                        {
                            "id": "test"
                        },
                        "test.fas:md5,d41d8cd98f00b204e9800998ecf8427e"
                    ]
                ],
                "gff": [
                    [
                        {
                            "id": "test"
                        },
                        "test.gff:md5,d41d8cd98f00b204e9800998ecf8427e"
                    ]
                ],
                "tsv": [
                    [
                        {
                            "id": "test"
                        },
                        "test.headersMap.tsv:md5,d41d8cd98f00b204e9800998ecf8427e"
                    ]
                ],
                "versions_metaeuk": [
                    [
                        "METAEUK_EASYPREDICT",
                        "metaeuk",
                        "6.a5d39d9"
                    ]
                ]
            }
        ],
        "timestamp": "2026-07-06T12:05:17.62816854",
        "meta": {
            "nf-test": "0.9.5",
            "nextflow": "26.04.3"
        }
    },
    "homo_sapiens - fasta - mmseqs db": {
        "content": [
            {
                "codon": [
                    [
                        {
                            "id": "test"
                        },
                        "test.codon.fas"
                    ]
                ],
                "faa": [
                    [
                        {
                            "id": "test"
                        },
                        "test.fas"
                    ]
                ],
                "gff": [
                    [
                        {
                            "id": "test"
                        },
                        "test.gff"
                    ]
                ],
                "tsv": [
                    [
                        {
                            "id": "test"
                        },
                        "test.headersMap.tsv"
                    ]
                ],
                "versions_metaeuk": [
                    [
                        "METAEUK_EASYPREDICT",
                        "metaeuk",
                        "6.a5d39d9"
                    ]
                ]
            }
        ],
        "timestamp": "2026-07-06T12:15:19.012017775",
        "meta": {
            "nf-test": "0.9.5",
            "nextflow": "26.04.3"
        }
    }
}