{
    "A. thaliana Col-0 test data - ragtag - patch - stub": {
        "content": [
            {
                "0": [
                    [
                        {
                            "id": "Col-0_2MB"
                        },
                        "Col-0_2MB.patched.fasta:md5,d41d8cd98f00b204e9800998ecf8427e"
                    ]
                ],
                "1": [
                    [
                        {
                            "id": "Col-0_2MB"
                        },
                        "Col-0_2MB.patched.agp:md5,d41d8cd98f00b204e9800998ecf8427e"
                    ]
                ],
                "2": [
                    [
                        {
                            "id": "Col-0_2MB"
                        },
                        "Col-0_2MB.comps.fasta:md5,d41d8cd98f00b204e9800998ecf8427e"
                    ]
                ],
                "3": [
                    [
                        {
                            "id": "Col-0_2MB"
                        },
                        "Col-0_2MB.ctg.agp:md5,d41d8cd98f00b204e9800998ecf8427e"
                    ]
                ],
                "4": [
                    [
                        {
                            "id": "Col-0_2MB"
                        },
                        "Col-0_2MB.ctg.fasta:md5,d41d8cd98f00b204e9800998ecf8427e"
                    ]
                ],
                "5": [
                    [
                        {
                            "id": "Col-0_2MB"
                        },
                        "Col-0_2MB.rename.agp:md5,d41d8cd98f00b204e9800998ecf8427e"
                    ]
                ],
                "6": [
                    [
                        {
                            "id": "Col-0_2MB"
                        },
                        "Col-0_2MB.rename.fasta:md5,d41d8cd98f00b204e9800998ecf8427e"
                    ]
                ],
                "7": [
                    "versions.yml:md5,b320ed53f76283176063e83c029c5712"
                ],
                "patch_components_fasta": [
                    [
                        {
                            "id": "Col-0_2MB"
                        },
                        "Col-0_2MB.comps.fasta:md5,d41d8cd98f00b204e9800998ecf8427e"
                    ]
                ],
                "patched_agp": [
                    [
                        {
                            "id": "Col-0_2MB"
                        },
                        "Col-0_2MB.patched.agp:md5,d41d8cd98f00b204e9800998ecf8427e"
                    ]
                ],
                "patched_fasta": [
                    [
                        {
                            "id": "Col-0_2MB"
                        },
                        "Col-0_2MB.patched.fasta:md5,d41d8cd98f00b204e9800998ecf8427e"
                    ]
                ],
                "qry_rename_agp": [
                    [
                        {
                            "id": "Col-0_2MB"
                        },
                        "Col-0_2MB.rename.agp:md5,d41d8cd98f00b204e9800998ecf8427e"
                    ]
                ],
                "qry_rename_fasta": [
                    [
                        {
                            "id": "Col-0_2MB"
                        },
                        "Col-0_2MB.rename.fasta:md5,d41d8cd98f00b204e9800998ecf8427e"
                    ]
                ],
                "target_splits_agp": [
                    [
                        {
                            "id": "Col-0_2MB"
                        },
                        "Col-0_2MB.ctg.agp:md5,d41d8cd98f00b204e9800998ecf8427e"
                    ]
                ],
                "target_splits_fasta": [
                    [
                        {
                            "id": "Col-0_2MB"
                        },
                        "Col-0_2MB.ctg.fasta:md5,d41d8cd98f00b204e9800998ecf8427e"
                    ]
                ],
                "versions": [
                    "versions.yml:md5,b320ed53f76283176063e83c029c5712"
                ]
            }
        ],
        "meta": {
            "nf-test": "0.9.2",
            "nextflow": "24.10.3"
        },
        "timestamp": "2025-04-02T19:28:35.866211292"
    },
    "A. thaliana Col-0 test data - ragtag - patch": {
        "content": [
            {
                "0": [
                    [
                        {
                            "id": "Col-0_2MB"
                        },
                        "Col-0_2MB.patched.fasta:md5,be9ae438971855ffb64577effd28c189"
                    ]
                ],
                "1": [
                    [
                        {
                            "id": "Col-0_2MB"
                        },
                        "Col-0_2MB.patched.agp:md5,3b92419dc2ff873a8c54979ad282c1cb"
                    ]
                ],
                "2": [
                    [
                        {
                            "id": "Col-0_2MB"
                        },
                        "Col-0_2MB.comps.fasta:md5,7411e572c4c4da4ace13f8fb17e1eaa7"
                    ]
                ],
                "3": [
                    [
                        {
                            "id": "Col-0_2MB"
                        },
                        "Col-0_2MB.ctg.agp:md5,67bf911a45d68951987c6186c8e6d617"
                    ]
                ],
                "4": [
                    [
                        {
                            "id": "Col-0_2MB"
                        },
                        "Col-0_2MB.ctg.fasta:md5,be9ae438971855ffb64577effd28c189"
                    ]
                ],
                "5": [
                    [
                        {
                            "id": "Col-0_2MB"
                        },
                        "Col-0_2MB.rename.agp:md5,c5d7f3364e73f6477a6dff54d3dc89de"
                    ]
                ],
                "6": [
                    [
                        {
                            "id": "Col-0_2MB"
                        },
                        "Col-0_2MB.rename.fasta:md5,149cca7d1d5c51bfb9edc324868c10ae"
                    ]
                ],
                "7": [
                    "versions.yml:md5,b320ed53f76283176063e83c029c5712"
                ],
                "patch_components_fasta": [
                    [
                        {
                            "id": "Col-0_2MB"
                        },
                        "Col-0_2MB.comps.fasta:md5,7411e572c4c4da4ace13f8fb17e1eaa7"
                    ]
                ],
                "patched_agp": [
                    [
                        {
                            "id": "Col-0_2MB"
                        },
                        "Col-0_2MB.patched.agp:md5,3b92419dc2ff873a8c54979ad282c1cb"
                    ]
                ],
                "patched_fasta": [
                    [
                        {
                            "id": "Col-0_2MB"
                        },
                        "Col-0_2MB.patched.fasta:md5,be9ae438971855ffb64577effd28c189"
                    ]
                ],
                "qry_rename_agp": [
                    [
                        {
                            "id": "Col-0_2MB"
                        },
                        "Col-0_2MB.rename.agp:md5,c5d7f3364e73f6477a6dff54d3dc89de"
                    ]
                ],
                "qry_rename_fasta": [
                    [
                        {
                            "id": "Col-0_2MB"
                        },
                        "Col-0_2MB.rename.fasta:md5,149cca7d1d5c51bfb9edc324868c10ae"
                    ]
                ],
                "target_splits_agp": [
                    [
                        {
                            "id": "Col-0_2MB"
                        },
                        "Col-0_2MB.ctg.agp:md5,67bf911a45d68951987c6186c8e6d617"
                    ]
                ],
                "target_splits_fasta": [
                    [
                        {
                            "id": "Col-0_2MB"
                        },
                        "Col-0_2MB.ctg.fasta:md5,be9ae438971855ffb64577effd28c189"
                    ]
                ],
                "versions": [
                    "versions.yml:md5,b320ed53f76283176063e83c029c5712"
                ]
            }
        ],
        "meta": {
            "nf-test": "0.9.2",
            "nextflow": "24.10.3"
        },
        "timestamp": "2025-04-02T19:25:05.254766356"
    }
}