{
    "A. thaliana Col-0 test data - ragtag - patch - stub": {
        "content": [
            {
                "0": [
                    [
                        {
                            "id": "test"
                        },
                        "test.patch.fasta:md5,d41d8cd98f00b204e9800998ecf8427e"
                    ]
                ],
                "1": [
                    [
                        {
                            "id": "test"
                        },
                        "test.patch.agp:md5,d41d8cd98f00b204e9800998ecf8427e"
                    ]
                ],
                "2": [
                    [
                        {
                            "id": "test"
                        },
                        "test.comps.fasta:md5,d41d8cd98f00b204e9800998ecf8427e"
                    ]
                ],
                "3": [
                    [
                        {
                            "id": "test"
                        },
                        "test.ragtag.patch.asm.1:md5,d41d8cd98f00b204e9800998ecf8427e"
                    ]
                ],
                "4": [
                    [
                        {
                            "id": "test"
                        },
                        "test.ctg.agp:md5,d41d8cd98f00b204e9800998ecf8427e"
                    ]
                ],
                "5": [
                    [
                        {
                            "id": "test"
                        },
                        "test.ctg.fasta:md5,d41d8cd98f00b204e9800998ecf8427e"
                    ]
                ],
                "6": [
                    [
                        {
                            "id": "test"
                        },
                        "test.rename.agp:md5,d41d8cd98f00b204e9800998ecf8427e"
                    ]
                ],
                "7": [
                    [
                        {
                            "id": "test"
                        },
                        "test.rename.fasta:md5,d41d8cd98f00b204e9800998ecf8427e"
                    ]
                ],
                "8": [
                    [
                        {
                            "id": "test"
                        },
                        "test.patch.err:md5,d41d8cd98f00b204e9800998ecf8427e"
                    ]
                ],
                "9": [
                    "versions.yml:md5,cecbb39907d607affa6522e395b78a1f"
                ],
                "assembly_alignments": [
                    [
                        {
                            "id": "test"
                        },
                        "test.ragtag.patch.asm.1:md5,d41d8cd98f00b204e9800998ecf8427e"
                    ]
                ],
                "patch_agp": [
                    [
                        {
                            "id": "test"
                        },
                        "test.patch.agp:md5,d41d8cd98f00b204e9800998ecf8427e"
                    ]
                ],
                "patch_components_fasta": [
                    [
                        {
                            "id": "test"
                        },
                        "test.comps.fasta:md5,d41d8cd98f00b204e9800998ecf8427e"
                    ]
                ],
                "patch_fasta": [
                    [
                        {
                            "id": "test"
                        },
                        "test.patch.fasta:md5,d41d8cd98f00b204e9800998ecf8427e"
                    ]
                ],
                "qry_rename_agp": [
                    [
                        {
                            "id": "test"
                        },
                        "test.rename.agp:md5,d41d8cd98f00b204e9800998ecf8427e"
                    ]
                ],
                "qry_rename_fasta": [
                    [
                        {
                            "id": "test"
                        },
                        "test.rename.fasta:md5,d41d8cd98f00b204e9800998ecf8427e"
                    ]
                ],
                "stderr": [
                    [
                        {
                            "id": "test"
                        },
                        "test.patch.err:md5,d41d8cd98f00b204e9800998ecf8427e"
                    ]
                ],
                "target_splits_agp": [
                    [
                        {
                            "id": "test"
                        },
                        "test.ctg.agp:md5,d41d8cd98f00b204e9800998ecf8427e"
                    ]
                ],
                "target_splits_fasta": [
                    [
                        {
                            "id": "test"
                        },
                        "test.ctg.fasta:md5,d41d8cd98f00b204e9800998ecf8427e"
                    ]
                ],
                "versions": [
                    "versions.yml:md5,cecbb39907d607affa6522e395b78a1f"
                ]
            }
        ],
        "meta": {
            "nf-test": "0.9.2",
            "nextflow": "24.10.3"
        },
        "timestamp": "2025-04-04T14:10:01.648597527"
    },
    "A. thaliana Col-0 test data - ragtag - patch": {
        "content": [
            [
                [
                    {
                        "id": "test"
                    },
                    "test.patch.fasta:md5,5cf615df690061ab15e4fee62abf3ebc"
                ]
            ],
            [
                [
                    {
                        "id": "test"
                    },
                    "test.patch.agp:md5,7878fd4e42ecb2bfccd7565d5ed6b625"
                ]
            ],
            [
                [
                    {
                        "id": "test"
                    },
                    "test.comps.fasta:md5,65bd2563dfc2564d5edf0e8d24257032"
                ]
            ],
            [
                [
                    {
                        "id": "test"
                    },
                    "test.ctg.agp:md5,ac3460a377daaf3e3ce37f499e561968"
                ]
            ],
            [
                [
                    {
                        "id": "test"
                    },
                    "test.ctg.fasta:md5,5cf615df690061ab15e4fee62abf3ebc"
                ]
            ],
            [
                "versions.yml:md5,4c0992a27edf294209711ce4f181eb5a"
            ]
        ],
        "meta": {
            "nf-test": "0.9.2",
            "nextflow": "24.10.3"
        },
        "timestamp": "2025-04-04T14:25:42.121285998"
    }
}