{
    "ultraplex - incorrect barcodes": {
        "content": [
            [
                [
                    {
                        "id": "test"
                    },
                    [
                        "ultraplex_demux_Sample2_Fwd_matched.fastq.gz:md5,4451dd878b7d12ff8ceb05fce2ebfa89",
                        "ultraplex_demux_Sample2_Rev_matched.fastq.gz:md5,f1c6ca8d7f8407b5bb0b6e8906fe41ad"
                    ]
                ]
            ],
            [
                
            ],
            [
                "versions.yml:md5,916995657ca9c5fd70171d69c3aba409"
            ]
        ],
        "meta": {
            "nf-test": "0.8.4",
            "nextflow": "24.04.2"
        },
        "timestamp": "2024-06-05T06:08:12.106448378"
    },
    "ultraplex - stub": {
        "content": [
            {
                "0": [
                    [
                        {
                            "id": "test"
                        },
                        [
                            "ultraplex_demux_Sample1_matched.fastq.gz:md5,68b329da9893e34099c7d8ad5cb9c940",
                            "ultraplex_demux_Sample2_matched.fastq.gz:md5,68b329da9893e34099c7d8ad5cb9c940"
                        ]
                    ]
                ],
                "1": [
                    [
                        {
                            "id": "test"
                        },
                        [
                            "ultraplex_demux_Sample1_no_match.fastq.gz:md5,68b329da9893e34099c7d8ad5cb9c940",
                            "ultraplex_demux_Sample2_no_match.fastq.gz:md5,68b329da9893e34099c7d8ad5cb9c940"
                        ]
                    ]
                ],
                "2": [
                    "ultraplex.log:md5,d41d8cd98f00b204e9800998ecf8427e"
                ],
                "3": [
                    "versions.yml:md5,916995657ca9c5fd70171d69c3aba409"
                ],
                "fastq": [
                    [
                        {
                            "id": "test"
                        },
                        [
                            "ultraplex_demux_Sample1_matched.fastq.gz:md5,68b329da9893e34099c7d8ad5cb9c940",
                            "ultraplex_demux_Sample2_matched.fastq.gz:md5,68b329da9893e34099c7d8ad5cb9c940"
                        ]
                    ]
                ],
                "no_match_fastq": [
                    [
                        {
                            "id": "test"
                        },
                        [
                            "ultraplex_demux_Sample1_no_match.fastq.gz:md5,68b329da9893e34099c7d8ad5cb9c940",
                            "ultraplex_demux_Sample2_no_match.fastq.gz:md5,68b329da9893e34099c7d8ad5cb9c940"
                        ]
                    ]
                ],
                "report": [
                    "ultraplex.log:md5,d41d8cd98f00b204e9800998ecf8427e"
                ],
                "versions": [
                    "versions.yml:md5,916995657ca9c5fd70171d69c3aba409"
                ]
            }
        ],
        "meta": {
            "nf-test": "0.8.4",
            "nextflow": "24.04.2"
        },
        "timestamp": "2024-06-05T05:52:36.211334997"
    },
    "ultraplex - adaptor": {
        "content": [
            [
                [
                    {
                        "id": "test"
                    },
                    [
                        "ultraplex_demux_Sample1_matched.fastq.gz:md5,77870ddf54ed3e474d4bb63fea65fc08",
                        "ultraplex_demux_Sample2_matched.fastq.gz:md5,f3960ec2757672915538923ecb3539f8"
                    ]
                ]
            ],
            [
                
            ],
            [
                "versions.yml:md5,916995657ca9c5fd70171d69c3aba409"
            ]
        ],
        "meta": {
            "nf-test": "0.8.4",
            "nextflow": "24.04.2"
        },
        "timestamp": "2024-06-05T05:54:27.606493007"
    },
    "ultraplex": {
        "content": [
            [
                [
                    {
                        "id": "test"
                    },
                    [
                        "ultraplex_demux_Sample1_matched.fastq.gz:md5,77870ddf54ed3e474d4bb63fea65fc08",
                        "ultraplex_demux_Sample2_matched.fastq.gz:md5,f3960ec2757672915538923ecb3539f8"
                    ]
                ]
            ],
            [
                
            ],
            [
                "versions.yml:md5,916995657ca9c5fd70171d69c3aba409"
            ]
        ],
        "meta": {
            "nf-test": "0.8.4",
            "nextflow": "24.04.2"
        },
        "timestamp": "2024-06-05T05:54:11.263761896"
    },
    "ultraplex - pairedend": {
        "content": [
            [
                [
                    {
                        "id": "test"
                    },
                    [
                        "ultraplex_demux_Sample1_Fwd_matched.fastq.gz:md5,6b516012c4b19bb0d2109881e3a36102",
                        "ultraplex_demux_Sample1_Rev_matched.fastq.gz:md5,79637dfeca38bc9314cc5bde37373b5f",
                        "ultraplex_demux_Sample2_Fwd_matched.fastq.gz:md5,1f17530c291f74a6b29c63ebaba15c96",
                        "ultraplex_demux_Sample2_Rev_matched.fastq.gz:md5,81ea922ee9842b8f6fe9654406b4f479"
                    ]
                ]
            ],
            [
                
            ],
            [
                "versions.yml:md5,916995657ca9c5fd70171d69c3aba409"
            ]
        ],
        "meta": {
            "nf-test": "0.8.4",
            "nextflow": "24.04.2"
        },
        "timestamp": "2024-06-05T05:54:44.157822884"
    }
}