{
    "decoupler_test": {
        "content": [
            {
                "0": [
                    [
                        {
                            "id": "test"
                        },
                        [
                            "mlm_estimate__decoupler.tsv:md5,ce7ce3c710fe188035b6706512ffbf54",
                            "ulm_estimate__decoupler.tsv:md5,14773953134037a208fe3c95c893acae",
                            "wsum_estimate__decoupler.tsv:md5,2488716cfe85c1306cb76cf117808d97"
                        ]
                    ]
                ],
                "1": [
                    [
                        {
                            "id": "test"
                        },
                        [
                            "mlm_pvals__decoupler.tsv:md5,016a15c3dcf688fcdf3ccbd40e06d64f",
                            "ulm_pvals__decoupler.tsv:md5,531a3ed641bf3c1b0b105cfaee5864cd",
                            "wsum_pvals__decoupler.tsv:md5,fac9e18b9495ca8a9ae92a015eed3043"
                        ]
                    ]
                ],
                "2": [
                    "versions.yml:md5,351409b5c6ab19cc0ce0d2ac277cf031"
                ],
                "dc_estimate": [
                    [
                        {
                            "id": "test"
                        },
                        [
                            "mlm_estimate__decoupler.tsv:md5,ce7ce3c710fe188035b6706512ffbf54",
                            "ulm_estimate__decoupler.tsv:md5,14773953134037a208fe3c95c893acae",
                            "wsum_estimate__decoupler.tsv:md5,2488716cfe85c1306cb76cf117808d97"
                        ]
                    ]
                ],
                "dc_pvals": [
                    [
                        {
                            "id": "test"
                        },
                        [
                            "mlm_pvals__decoupler.tsv:md5,016a15c3dcf688fcdf3ccbd40e06d64f",
                            "ulm_pvals__decoupler.tsv:md5,531a3ed641bf3c1b0b105cfaee5864cd",
                            "wsum_pvals__decoupler.tsv:md5,fac9e18b9495ca8a9ae92a015eed3043"
                        ]
                    ]
                ],
                "versions": [
                    "versions.yml:md5,351409b5c6ab19cc0ce0d2ac277cf031"
                ]
            }
        ],
        "meta": {
            "nf-test": "0.8.4",
            "nextflow": "23.10.1"
        },
        "timestamp": "2024-03-20T11:52:16.271877624"
    }
}