{
    "svdb query": {
        "content": [
            "7927413f05ab6c7e3af43e166a9091e0",
            {
                "versions_svdb": [
                    [
                        "SVDB_QUERY",
                        "svdb",
                        "2.12.0"
                    ]
                ]
            }
        ],
        "timestamp": "2026-09-11T10:04:34.732771649",
        "meta": {
            "nf-test": "0.9.5",
            "nextflow": "26.04.6"
        }
    }
}