{
    "streptomyces_coelicolor - bigscape - cluster - stub": {
        "content": [
            {
                "0": [
                    [
                        {
                            "id": "test_gbk"
                        },
                        [
                            [
                                "index.html:md5,d41d8cd98f00b204e9800998ecf8427e"
                            ],
                            [
                                "mix.network:md5,d41d8cd98f00b204e9800998ecf8427e"
                            ]
                        ]
                    ]
                ],
                "1": [
                    [
                        "BIGSCAPE_BIGSCAPE",
                        "bigscape",
                        "2.0.3"
                    ]
                ],
                "output": [
                    [
                        {
                            "id": "test_gbk"
                        },
                        [
                            [
                                "index.html:md5,d41d8cd98f00b204e9800998ecf8427e"
                            ],
                            [
                                "mix.network:md5,d41d8cd98f00b204e9800998ecf8427e"
                            ]
                        ]
                    ]
                ],
                "versions_bigscape": [
                    [
                        "BIGSCAPE_BIGSCAPE",
                        "bigscape",
                        "2.0.3"
                    ]
                ]
            },
            {
                "versions_bigscape": [
                    [
                        "BIGSCAPE_BIGSCAPE",
                        "bigscape",
                        "2.0.3"
                    ]
                ]
            }
        ],
        "timestamp": "2026-08-15T11:04:34.160801631",
        "meta": {
            "nf-test": "0.9.5",
            "nextflow": "26.04.6"
        }
    },
    "streptomyces_coelicolor - bigscape - cluster": {
        "content": [
            {
                "versions_bigscape": [
                    [
                        "BIGSCAPE_BIGSCAPE",
                        "bigscape",
                        "2.0.3"
                    ]
                ]
            }
        ],
        "timestamp": "2026-08-15T11:11:18.656489347",
        "meta": {
            "nf-test": "0.9.5",
            "nextflow": "26.04.6"
        }
    }
}