{
    " bam - PE - stub": {
        "content": [
            {
                "0": [
                    [
                        "SAMTOOLS_QUICKCHECK",
                        "samtools",
                        "1.23"
                    ]
                ],
                "versions_samtools": [
                    [
                        "SAMTOOLS_QUICKCHECK",
                        "samtools",
                        "1.23"
                    ]
                ]
            }
        ],
        "meta": {
            "nf-test": "0.9.3",
            "nextflow": "25.10.2"
        },
        "timestamp": "2026-01-16T09:55:10.054944367"
    },
    " bam - SE ": {
        "content": [
            {
                "0": [
                    [
                        "SAMTOOLS_QUICKCHECK",
                        "samtools",
                        "1.23"
                    ]
                ],
                "versions_samtools": [
                    [
                        "SAMTOOLS_QUICKCHECK",
                        "samtools",
                        "1.23"
                    ]
                ]
            }
        ],
        "meta": {
            "nf-test": "0.9.3",
            "nextflow": "25.10.2"
        },
        "timestamp": "2026-01-16T09:54:59.025848497"
    },
    " bam - PE ": {
        "content": [
            {
                "0": [
                    [
                        "SAMTOOLS_QUICKCHECK",
                        "samtools",
                        "1.23"
                    ]
                ],
                "versions_samtools": [
                    [
                        "SAMTOOLS_QUICKCHECK",
                        "samtools",
                        "1.23"
                    ]
                ]
            }
        ],
        "meta": {
            "nf-test": "0.9.3",
            "nextflow": "25.10.2"
        },
        "timestamp": "2026-01-16T09:54:49.251427523"
    }
}