{
    "sarscov2 - fastq - stub": {
        "content": [
            {
                "0": [
                    [
                        {
                            "id": "test",
                            "single_end": true
                        },
                        "test.tre:md5,d41d8cd98f00b204e9800998ecf8427e"
                    ]
                ],
                "1": [
                    [
                        {
                            "id": "test",
                            "single_end": true
                        },
                        "test.rep:md5,d41d8cd98f00b204e9800998ecf8427e"
                    ]
                ],
                "2": [
                    [
                        {
                            "id": "test",
                            "single_end": true
                        },
                        "test.one:md5,d41d8cd98f00b204e9800998ecf8427e"
                    ]
                ],
                "3": [
                    [
                        {
                            "id": "test",
                            "single_end": true
                        },
                        "test.all:md5,d41d8cd98f00b204e9800998ecf8427e"
                    ]
                ],
                "4": [
                    [
                        {
                            "id": "test",
                            "single_end": true
                        },
                        "test.unc:md5,d41d8cd98f00b204e9800998ecf8427e"
                    ]
                ],
                "5": [
                    [
                        {
                            "id": "test",
                            "single_end": true
                        },
                        "test.log:md5,d41d8cd98f00b204e9800998ecf8427e"
                    ]
                ],
                "6": [
                    "versions.yml:md5,7c113ab3c2c1ea32c9f27ceef48db17a"
                ],
                "all": [
                    [
                        {
                            "id": "test",
                            "single_end": true
                        },
                        "test.all:md5,d41d8cd98f00b204e9800998ecf8427e"
                    ]
                ],
                "log": [
                    [
                        {
                            "id": "test",
                            "single_end": true
                        },
                        "test.log:md5,d41d8cd98f00b204e9800998ecf8427e"
                    ]
                ],
                "one": [
                    [
                        {
                            "id": "test",
                            "single_end": true
                        },
                        "test.one:md5,d41d8cd98f00b204e9800998ecf8427e"
                    ]
                ],
                "report": [
                    [
                        {
                            "id": "test",
                            "single_end": true
                        },
                        "test.rep:md5,d41d8cd98f00b204e9800998ecf8427e"
                    ]
                ],
                "tre": [
                    [
                        {
                            "id": "test",
                            "single_end": true
                        },
                        "test.tre:md5,d41d8cd98f00b204e9800998ecf8427e"
                    ]
                ],
                "unc": [
                    [
                        {
                            "id": "test",
                            "single_end": true
                        },
                        "test.unc:md5,d41d8cd98f00b204e9800998ecf8427e"
                    ]
                ],
                "versions": [
                    "versions.yml:md5,7c113ab3c2c1ea32c9f27ceef48db17a"
                ]
            }
        ],
        "meta": {
            "nf-test": "0.9.0",
            "nextflow": "24.04.4"
        },
        "timestamp": "2024-10-07T17:06:22.835846753"
    },
    "sarscov2 paired-end [fastq]": {
        "content": [
            [
                [
                    {
                        "id": "test",
                        "single_end": false
                    },
                    "test.tre:md5,66c0b9ed247989682fe3bae842d37a76"
                ]
            ],
            [
                [
                    {
                        "id": "test",
                        "single_end": false
                    },
                    "test.rep:md5,757e5cbf7a978913277401285d743336"
                ]
            ],
            [
                "versions.yml:md5,7c113ab3c2c1ea32c9f27ceef48db17a"
            ]
        ],
        "meta": {
            "nf-test": "0.9.0",
            "nextflow": "24.04.4"
        },
        "timestamp": "2024-10-07T19:26:16.339673954"
    },
    "sarscov2 single-end [fastq]": {
        "content": [
            [
                [
                    {
                        "id": "test",
                        "single_end": true
                    },
                    "test.tre:md5,3d2ef6fe0571d7aa7324539407a59630"
                ]
            ],
            [
                [
                    {
                        "id": "test",
                        "single_end": true
                    },
                    "test.rep:md5,9b5f8051aa459a80a678e36259a15746"
                ]
            ],
            [
                "versions.yml:md5,7c113ab3c2c1ea32c9f27ceef48db17a"
            ]
        ],
        "meta": {
            "nf-test": "0.9.0",
            "nextflow": "24.04.4"
        },
        "timestamp": "2024-10-07T19:25:41.074523387"
    }
}