{
    "test-vt-normalize-no-fai": {
        "content": [
            "cdd99bce7ca89d001a65d448be3b4bae",
            [
                [
                    {
                        "id": "test",
                        "single_end": false
                    },
                    "genome.fasta.fai:md5,3520cd30e1b100e55f578db9c855f685"
                ]
            ],
            [
                "versions.yml:md5,c7002a4481d81613508e04c3e6710671"
            ]
        ],
        "meta": {
            "nf-test": "0.8.4",
            "nextflow": "24.04.4"
        },
        "timestamp": "2024-08-29T13:15:37.649865"
    },
    "test-vt-normalize": {
        "content": [
            "cdd99bce7ca89d001a65d448be3b4bae",
            [
                [
                    {
                        "id": "test",
                        "single_end": false
                    },
                    "genome.fasta.fai:md5,3520cd30e1b100e55f578db9c855f685"
                ]
            ],
            [
                "versions.yml:md5,c7002a4481d81613508e04c3e6710671"
            ]
        ],
        "meta": {
            "nf-test": "0.8.4",
            "nextflow": "24.04.4"
        },
        "timestamp": "2024-08-29T13:15:26.506146"
    },
    "test-vt-normalize-intervals": {
        "content": [
            "VcfFile [chromosomes=[], sampleCount=1, variantCount=0, phased=true, phasedAutodetect=true]",
            [
                [
                    {
                        "id": "test",
                        "single_end": false
                    },
                    "genome.fasta.fai:md5,3520cd30e1b100e55f578db9c855f685"
                ]
            ],
            [
                "versions.yml:md5,c7002a4481d81613508e04c3e6710671"
            ]
        ],
        "meta": {
            "nf-test": "0.8.4",
            "nextflow": "24.04.4"
        },
        "timestamp": "2024-08-29T13:19:37.439664"
    },
    "test-vt-normalize-no-fai-stub": {
        "content": [
            {
                "0": [
                    [
                        {
                            "id": "test",
                            "single_end": false
                        },
                        "normalize.vcf.gz:md5,68b329da9893e34099c7d8ad5cb9c940"
                    ]
                ],
                "1": [
                    
                ],
                "2": [
                    "versions.yml:md5,c7002a4481d81613508e04c3e6710671"
                ],
                "fai": [
                    
                ],
                "vcf": [
                    [
                        {
                            "id": "test",
                            "single_end": false
                        },
                        "normalize.vcf.gz:md5,68b329da9893e34099c7d8ad5cb9c940"
                    ]
                ],
                "versions": [
                    "versions.yml:md5,c7002a4481d81613508e04c3e6710671"
                ]
            }
        ],
        "meta": {
            "nf-test": "0.8.4",
            "nextflow": "24.04.4"
        },
        "timestamp": "2024-08-29T13:17:33.804499"
    }
}