{
    "human - bam - pon - stub": {
        "content": [
            {
                "0": [
                    [
                        {
                            "id": "test",
                            "tumor_id": "tumour"
                        },
                        [
                            "test.vcf.gz:md5,68b329da9893e34099c7d8ad5cb9c940",
                            "test_annotated.vcf.gz:md5,68b329da9893e34099c7d8ad5cb9c940"
                        ]
                    ]
                ],
                "1": [
                    [
                        {
                            "id": "test",
                            "tumor_id": "tumour"
                        },
                        "test.vcf.gz.stats:md5,d41d8cd98f00b204e9800998ecf8427e"
                    ]
                ],
                "2": [
                    "compatible_versions.yml:md5,bc78013dd7ddcbbdbabdb947e846e04e"
                ],
                "3": [
                    [
                        "PARABRICKS_MUTECTCALLER",
                        "parabricks",
                        "4.6.0-1"
                    ]
                ],
                "compatible_versions": [
                    "compatible_versions.yml:md5,bc78013dd7ddcbbdbabdb947e846e04e"
                ],
                "stats": [
                    [
                        {
                            "id": "test",
                            "tumor_id": "tumour"
                        },
                        "test.vcf.gz.stats:md5,d41d8cd98f00b204e9800998ecf8427e"
                    ]
                ],
                "vcf": [
                    [
                        {
                            "id": "test",
                            "tumor_id": "tumour"
                        },
                        [
                            "test.vcf.gz:md5,68b329da9893e34099c7d8ad5cb9c940",
                            "test_annotated.vcf.gz:md5,68b329da9893e34099c7d8ad5cb9c940"
                        ]
                    ]
                ],
                "versions_parabricks": [
                    [
                        "PARABRICKS_MUTECTCALLER",
                        "parabricks",
                        "4.6.0-1"
                    ]
                ]
            }
        ],
        "meta": {
            "nf-test": "0.9.3",
            "nextflow": "25.10.2"
        },
        "timestamp": "2026-01-21T13:36:25.252321993"
    },
    "human - bam - stub": {
        "content": [
            {
                "0": [
                    [
                        {
                            "id": "test",
                            "tumor_id": "tumour"
                        },
                        "test.vcf.gz:md5,68b329da9893e34099c7d8ad5cb9c940"
                    ]
                ],
                "1": [
                    [
                        {
                            "id": "test",
                            "tumor_id": "tumour"
                        },
                        "test.vcf.gz.stats:md5,d41d8cd98f00b204e9800998ecf8427e"
                    ]
                ],
                "2": [
                    "compatible_versions.yml:md5,bc78013dd7ddcbbdbabdb947e846e04e"
                ],
                "3": [
                    [
                        "PARABRICKS_MUTECTCALLER",
                        "parabricks",
                        "4.6.0-1"
                    ]
                ],
                "compatible_versions": [
                    "compatible_versions.yml:md5,bc78013dd7ddcbbdbabdb947e846e04e"
                ],
                "stats": [
                    [
                        {
                            "id": "test",
                            "tumor_id": "tumour"
                        },
                        "test.vcf.gz.stats:md5,d41d8cd98f00b204e9800998ecf8427e"
                    ]
                ],
                "vcf": [
                    [
                        {
                            "id": "test",
                            "tumor_id": "tumour"
                        },
                        "test.vcf.gz:md5,68b329da9893e34099c7d8ad5cb9c940"
                    ]
                ],
                "versions_parabricks": [
                    [
                        "PARABRICKS_MUTECTCALLER",
                        "parabricks",
                        "4.6.0-1"
                    ]
                ]
            },
            {
                "PARABRICKS_MUTECTCALLER": {
                    "pbrun_version": "4.6.0-1",
                    "compatible_with": {
                        "GATK:": "4.3.0.0"
                    }
                }
            }
        ],
        "meta": {
            "nf-test": "0.9.3",
            "nextflow": "25.10.2"
        },
        "timestamp": "2026-01-21T13:36:12.711463045"
    },
    "human - bam": {
        "content": [
            "e9e77b557c40e868547a34dfca4fbd45",
            [
                [
                    {
                        "id": "test",
                        "tumor_id": "tumour"
                    },
                    "test.vcf.gz.stats:md5,c58bc062c6f18d38df3892d15548d8c8"
                ]
            ],
            {
                "versions_parabricks": [
                    [
                        "PARABRICKS_MUTECTCALLER",
                        "parabricks",
                        "4.6.0-1"
                    ]
                ]
            }
        ],
        "meta": {
            "nf-test": "0.9.3",
            "nextflow": "25.10.2"
        },
        "timestamp": "2026-01-21T13:36:01.219569643"
    }
}