{
    "test_cooler_cload_pairs": {
        "content": [
            {
                "0": [
                    [
                        {
                            "id": "test_pairs",
                            "single_end": false
                        },
                        "test_pairs.cool:md5,dffbfa7d9c4b4543360331fb1f226385",
                        2000000
                    ]
                ],
                "1": [
                    "versions.yml:md5,61b119ec9715b7c2829538fccf3c369e"
                ],
                "cool": [
                    [
                        {
                            "id": "test_pairs",
                            "single_end": false
                        },
                        "test_pairs.cool:md5,dffbfa7d9c4b4543360331fb1f226385",
                        2000000
                    ]
                ],
                "versions": [
                    "versions.yml:md5,61b119ec9715b7c2829538fccf3c369e"
                ]
            }
        ],
        "meta": {
            "nf-test": "0.9.2",
            "nextflow": "24.10.5"
        },
        "timestamp": "2025-03-25T12:34:22.877554411"
    },
    "test_cooler_cload_tabix": {
        "content": [
            {
                "0": [
                    [
                        {
                            "id": "test_tabix",
                            "single_end": false
                        },
                        "test_tabix.cool:md5,bd9b8c972cb51e40d9ee539c527ec459",
                        2000000
                    ]
                ],
                "1": [
                    "versions.yml:md5,61b119ec9715b7c2829538fccf3c369e"
                ],
                "cool": [
                    [
                        {
                            "id": "test_tabix",
                            "single_end": false
                        },
                        "test_tabix.cool:md5,bd9b8c972cb51e40d9ee539c527ec459",
                        2000000
                    ]
                ],
                "versions": [
                    "versions.yml:md5,61b119ec9715b7c2829538fccf3c369e"
                ]
            }
        ],
        "meta": {
            "nf-test": "0.9.2",
            "nextflow": "24.10.5"
        },
        "timestamp": "2025-03-25T12:34:36.82631901"
    },
    "test_cooler_cload_pairix -- stub": {
        "content": [
            {
                "0": [
                    [
                        {
                            "id": "test_pairix",
                            "single_end": false
                        },
                        "test_pairix.cool:md5,d41d8cd98f00b204e9800998ecf8427e",
                        2000000
                    ]
                ],
                "1": [
                    "versions.yml:md5,61b119ec9715b7c2829538fccf3c369e"
                ],
                "cool": [
                    [
                        {
                            "id": "test_pairix",
                            "single_end": false
                        },
                        "test_pairix.cool:md5,d41d8cd98f00b204e9800998ecf8427e",
                        2000000
                    ]
                ],
                "versions": [
                    "versions.yml:md5,61b119ec9715b7c2829538fccf3c369e"
                ]
            }
        ],
        "meta": {
            "nf-test": "0.9.2",
            "nextflow": "24.10.5"
        },
        "timestamp": "2025-03-25T12:34:46.321570007"
    },
    "test_cooler_cload_pairs -- stub": {
        "content": [
            {
                "0": [
                    [
                        {
                            "id": "test_pairs",
                            "single_end": false
                        },
                        "test_pairs.cool:md5,d41d8cd98f00b204e9800998ecf8427e",
                        2000000
                    ]
                ],
                "1": [
                    "versions.yml:md5,61b119ec9715b7c2829538fccf3c369e"
                ],
                "cool": [
                    [
                        {
                            "id": "test_pairs",
                            "single_end": false
                        },
                        "test_pairs.cool:md5,d41d8cd98f00b204e9800998ecf8427e",
                        2000000
                    ]
                ],
                "versions": [
                    "versions.yml:md5,61b119ec9715b7c2829538fccf3c369e"
                ]
            }
        ],
        "meta": {
            "nf-test": "0.9.2",
            "nextflow": "24.10.5"
        },
        "timestamp": "2025-03-25T12:34:55.467233878"
    },
    "test_cooler_cload_pairix": {
        "content": [
            {
                "0": [
                    [
                        {
                            "id": "test_pairix",
                            "single_end": false
                        },
                        "test_pairix.cool:md5,b746e504b2d4cc9f43d85233201ba404",
                        2000000
                    ]
                ],
                "1": [
                    "versions.yml:md5,61b119ec9715b7c2829538fccf3c369e"
                ],
                "cool": [
                    [
                        {
                            "id": "test_pairix",
                            "single_end": false
                        },
                        "test_pairix.cool:md5,b746e504b2d4cc9f43d85233201ba404",
                        2000000
                    ]
                ],
                "versions": [
                    "versions.yml:md5,61b119ec9715b7c2829538fccf3c369e"
                ]
            }
        ],
        "meta": {
            "nf-test": "0.9.2",
            "nextflow": "24.10.5"
        },
        "timestamp": "2025-03-25T12:34:10.516692474"
    },
    "test_cooler_cload_tabix -- stub": {
        "content": [
            {
                "0": [
                    [
                        {
                            "id": "test_tabix",
                            "single_end": false
                        },
                        "test_tabix.cool:md5,d41d8cd98f00b204e9800998ecf8427e",
                        2000000
                    ]
                ],
                "1": [
                    "versions.yml:md5,61b119ec9715b7c2829538fccf3c369e"
                ],
                "cool": [
                    [
                        {
                            "id": "test_tabix",
                            "single_end": false
                        },
                        "test_tabix.cool:md5,d41d8cd98f00b204e9800998ecf8427e",
                        2000000
                    ]
                ],
                "versions": [
                    "versions.yml:md5,61b119ec9715b7c2829538fccf3c369e"
                ]
            }
        ],
        "meta": {
            "nf-test": "0.9.2",
            "nextflow": "24.10.5"
        },
        "timestamp": "2025-03-25T12:35:05.653732617"
    }
}