{
    "shovill - stub": {
        "content": [
            {
                "contigs": [
                    [
                        {
                            "id": "test",
                            "single_end": false
                        },
                        "contigs.fa:md5,d41d8cd98f00b204e9800998ecf8427e"
                    ]
                ],
                "corrections": [
                    [
                        {
                            "id": "test",
                            "single_end": false
                        },
                        "shovill.corrections:md5,d41d8cd98f00b204e9800998ecf8427e"
                    ]
                ],
                "gfa": [
                    
                ],
                "log": [
                    [
                        {
                            "id": "test",
                            "single_end": false
                        },
                        "shovill.log:md5,d41d8cd98f00b204e9800998ecf8427e"
                    ]
                ],
                "raw_contigs": [
                    [
                        {
                            "id": "test",
                            "single_end": false
                        },
                        "spades.fasta:md5,d41d8cd98f00b204e9800998ecf8427e"
                    ]
                ],
                "versions_shovill": [
                    [
                        "SHOVILL",
                        "shovill",
                        "1.1.0"
                    ]
                ]
            }
        ],
        "timestamp": "2026-04-29T15:24:15.540469",
        "meta": {
            "nf-test": "0.9.5",
            "nextflow": "25.10.4"
        }
    },
    "shovill with velvet": {
        "content": [
            {
                "versions_shovill": [
                    [
                        "SHOVILL",
                        "shovill",
                        "1.1.0"
                    ]
                ]
            }
        ],
        "timestamp": "2026-01-30T14:21:23.359106945",
        "meta": {
            "nf-test": "0.9.3",
            "nextflow": "25.10.2"
        }
    },
    "shovill with spades": {
        "content": [
            {
                "versions_shovill": [
                    [
                        "SHOVILL",
                        "shovill",
                        "1.1.0"
                    ]
                ]
            }
        ],
        "timestamp": "2026-01-30T14:20:53.648407714",
        "meta": {
            "nf-test": "0.9.3",
            "nextflow": "25.10.2"
        }
    },
    "shovill with skesa": {
        "content": [
            {
                "versions_shovill": [
                    [
                        "SHOVILL",
                        "shovill",
                        "1.1.0"
                    ]
                ]
            }
        ],
        "timestamp": "2026-01-30T14:21:03.478997783",
        "meta": {
            "nf-test": "0.9.3",
            "nextflow": "25.10.2"
        }
    },
    "shovill with megahit": {
        "content": [
            {
                "versions_shovill": [
                    [
                        "SHOVILL",
                        "shovill",
                        "1.1.0"
                    ]
                ]
            }
        ],
        "timestamp": "2026-01-30T14:21:13.799742064",
        "meta": {
            "nf-test": "0.9.3",
            "nextflow": "25.10.2"
        }
    }
}