{
    "homo_sapiens - bam - with rejects": {
        "content": [
            {
                "bam": [
                    [
                        {
                            "id": "test"
                        },
                        "test_simplex_unmapped.bam"
                    ]
                ],
                "rejects": [
                    [
                        {
                            "id": "test"
                        },
                        "test_simplex_unmapped.rejects.bam"
                    ]
                ],
                "stats": [
                    [
                        {
                            "id": "test"
                        },
                        "test_simplex_unmapped.stats.txt:md5,5753bae1c7b9fa64e758ad4958a67468"
                    ]
                ],
                "versions_fgumi": [
                    [
                        "FGUMI_SIMPLEX",
                        "fgumi",
                        "0.5.0"
                    ]
                ]
            }
        ],
        "timestamp": "2026-07-29T17:58:45.662617",
        "meta": {
            "nf-test": "0.9.5",
            "nextflow": "26.04.3"
        }
    },
    "homo_sapiens - bam": {
        "content": [
            {
                "bam": [
                    [
                        {
                            "id": "test"
                        },
                        "test_simplex_unmapped.bam"
                    ]
                ],
                "rejects": [
                    
                ],
                "stats": [
                    [
                        {
                            "id": "test"
                        },
                        "test_simplex_unmapped.stats.txt:md5,5753bae1c7b9fa64e758ad4958a67468"
                    ]
                ],
                "versions_fgumi": [
                    [
                        "FGUMI_SIMPLEX",
                        "fgumi",
                        "0.5.0"
                    ]
                ]
            }
        ],
        "timestamp": "2026-07-29T17:58:27.423596",
        "meta": {
            "nf-test": "0.9.5",
            "nextflow": "26.04.3"
        }
    },
    "homo_sapiens - bam - stub": {
        "content": [
            {
                "0": [
                    [
                        {
                            "id": "test"
                        },
                        "test_simplex_unmapped.bam:md5,d41d8cd98f00b204e9800998ecf8427e"
                    ]
                ],
                "1": [
                    [
                        {
                            "id": "test"
                        },
                        "test_simplex_unmapped.rejects.bam:md5,d41d8cd98f00b204e9800998ecf8427e"
                    ]
                ],
                "2": [
                    [
                        {
                            "id": "test"
                        },
                        "test_simplex_unmapped.stats.txt:md5,d41d8cd98f00b204e9800998ecf8427e"
                    ]
                ],
                "3": [
                    [
                        "FGUMI_SIMPLEX",
                        "fgumi",
                        "0.5.0"
                    ]
                ],
                "bam": [
                    [
                        {
                            "id": "test"
                        },
                        "test_simplex_unmapped.bam:md5,d41d8cd98f00b204e9800998ecf8427e"
                    ]
                ],
                "rejects": [
                    [
                        {
                            "id": "test"
                        },
                        "test_simplex_unmapped.rejects.bam:md5,d41d8cd98f00b204e9800998ecf8427e"
                    ]
                ],
                "stats": [
                    [
                        {
                            "id": "test"
                        },
                        "test_simplex_unmapped.stats.txt:md5,d41d8cd98f00b204e9800998ecf8427e"
                    ]
                ],
                "versions_fgumi": [
                    [
                        "FGUMI_SIMPLEX",
                        "fgumi",
                        "0.5.0"
                    ]
                ]
            }
        ],
        "timestamp": "2026-07-29T17:59:04.02044",
        "meta": {
            "nf-test": "0.9.5",
            "nextflow": "26.04.3"
        }
    }
}