{
    "stub": {
        "content": [
            "test.bed"
        ],
        "timestamp": "2023-12-05T17:37:27.785556"
    },
    "sarscov2 - bam": {
        "content": [
            {
                "0": [
                    [
                        {
                            "id": "test"
                        },
                        "test.bed:md5,a6a299bd39dc56225f8029c05ea97dcb"
                    ]
                ],
                "1": [
                    "versions.yml:md5,90a53b0acd234b4f7d125dadd0dbbdfb"
                ],
                "bed": [
                    [
                        {
                            "id": "test"
                        },
                        "test.bed:md5,a6a299bd39dc56225f8029c05ea97dcb"
                    ]
                ],
                "versions": [
                    "versions.yml:md5,90a53b0acd234b4f7d125dadd0dbbdfb"
                ]
            }
        ],
        "timestamp": "2023-12-05T17:37:20.997988"
    }
}