{
    "sarscov2 - genome fasta - stub": {
        "content": [
            {
                "0": [
                    [
                        {
                            "id": "test",
                            "single_end": false,
                            "assembler": "SPADES"
                        },
                        "gtdbtk.test.stub.summary.tsv:md5,d41d8cd98f00b204e9800998ecf8427e"
                    ]
                ],
                "1": [
                    [
                        {
                            "id": "test",
                            "single_end": false,
                            "assembler": "SPADES"
                        },
                        "gtdbtk.test.stub.classify.tree.gz:md5,68b329da9893e34099c7d8ad5cb9c940"
                    ]
                ],
                "2": [
                    [
                        {
                            "id": "test",
                            "single_end": false,
                            "assembler": "SPADES"
                        },
                        "gtdbtk.test.stub.markers_summary.tsv:md5,d41d8cd98f00b204e9800998ecf8427e"
                    ]
                ],
                "3": [
                    [
                        {
                            "id": "test",
                            "single_end": false,
                            "assembler": "SPADES"
                        },
                        "gtdbtk.test.stub.msa.fasta.gz:md5,68b329da9893e34099c7d8ad5cb9c940"
                    ]
                ],
                "4": [
                    [
                        {
                            "id": "test",
                            "single_end": false,
                            "assembler": "SPADES"
                        },
                        "gtdbtk.test.stub.user_msa.fasta.gz:md5,68b329da9893e34099c7d8ad5cb9c940"
                    ]
                ],
                "5": [
                    [
                        {
                            "id": "test",
                            "single_end": false,
                            "assembler": "SPADES"
                        },
                        "gtdbtk.test.stub.filtered.tsv:md5,d41d8cd98f00b204e9800998ecf8427e"
                    ]
                ],
                "6": [
                    [
                        {
                            "id": "test",
                            "single_end": false,
                            "assembler": "SPADES"
                        },
                        "gtdbtk.test.failed_genomes.tsv:md5,d41d8cd98f00b204e9800998ecf8427e"
                    ]
                ],
                "7": [
                    [
                        {
                            "id": "test",
                            "single_end": false,
                            "assembler": "SPADES"
                        },
                        "gtdbtk.test.log:md5,d41d8cd98f00b204e9800998ecf8427e"
                    ]
                ],
                "8": [
                    [
                        {
                            "id": "test",
                            "single_end": false,
                            "assembler": "SPADES"
                        },
                        "gtdbtk.test.warnings.log:md5,d41d8cd98f00b204e9800998ecf8427e"
                    ]
                ],
                "9": [
                    "versions.yml:md5,2c94de2b8633b99e11881ab0193835d7"
                ],
                "failed": [
                    [
                        {
                            "id": "test",
                            "single_end": false,
                            "assembler": "SPADES"
                        },
                        "gtdbtk.test.failed_genomes.tsv:md5,d41d8cd98f00b204e9800998ecf8427e"
                    ]
                ],
                "filtered": [
                    [
                        {
                            "id": "test",
                            "single_end": false,
                            "assembler": "SPADES"
                        },
                        "gtdbtk.test.stub.filtered.tsv:md5,d41d8cd98f00b204e9800998ecf8427e"
                    ]
                ],
                "log": [
                    [
                        {
                            "id": "test",
                            "single_end": false,
                            "assembler": "SPADES"
                        },
                        "gtdbtk.test.log:md5,d41d8cd98f00b204e9800998ecf8427e"
                    ]
                ],
                "markers": [
                    [
                        {
                            "id": "test",
                            "single_end": false,
                            "assembler": "SPADES"
                        },
                        "gtdbtk.test.stub.markers_summary.tsv:md5,d41d8cd98f00b204e9800998ecf8427e"
                    ]
                ],
                "msa": [
                    [
                        {
                            "id": "test",
                            "single_end": false,
                            "assembler": "SPADES"
                        },
                        "gtdbtk.test.stub.msa.fasta.gz:md5,68b329da9893e34099c7d8ad5cb9c940"
                    ]
                ],
                "summary": [
                    [
                        {
                            "id": "test",
                            "single_end": false,
                            "assembler": "SPADES"
                        },
                        "gtdbtk.test.stub.summary.tsv:md5,d41d8cd98f00b204e9800998ecf8427e"
                    ]
                ],
                "tree": [
                    [
                        {
                            "id": "test",
                            "single_end": false,
                            "assembler": "SPADES"
                        },
                        "gtdbtk.test.stub.classify.tree.gz:md5,68b329da9893e34099c7d8ad5cb9c940"
                    ]
                ],
                "user_msa": [
                    [
                        {
                            "id": "test",
                            "single_end": false,
                            "assembler": "SPADES"
                        },
                        "gtdbtk.test.stub.user_msa.fasta.gz:md5,68b329da9893e34099c7d8ad5cb9c940"
                    ]
                ],
                "versions": [
                    "versions.yml:md5,2c94de2b8633b99e11881ab0193835d7"
                ],
                "warnings": [
                    [
                        {
                            "id": "test",
                            "single_end": false,
                            "assembler": "SPADES"
                        },
                        "gtdbtk.test.warnings.log:md5,d41d8cd98f00b204e9800998ecf8427e"
                    ]
                ]
            }
        ],
        "meta": {
            "nf-test": "0.8.4",
            "nextflow": "24.04.4"
        },
        "timestamp": "2024-09-16T11:46:32.337929018"
    }
}