{
    "actinidia_chinensis-genome-stub": {
        "content": [
            {
                "0": [
                    [
                        {
                            "id": "test"
                        },
                        "test.gtf:md5,d41d8cd98f00b204e9800998ecf8427e"
                    ]
                ],
                "1": [
                    [
                        {
                            "id": "test"
                        },
                        "test.tsv:md5,d41d8cd98f00b204e9800998ecf8427e"
                    ]
                ],
                "2": [
                    "versions.yml:md5,4e3a44cee65282ac56b08e2bbc4f1d46"
                ],
                "tsebra_gtf": [
                    [
                        {
                            "id": "test"
                        },
                        "test.gtf:md5,d41d8cd98f00b204e9800998ecf8427e"
                    ]
                ],
                "tsebra_scores": [
                    [
                        {
                            "id": "test"
                        },
                        "test.tsv:md5,d41d8cd98f00b204e9800998ecf8427e"
                    ]
                ],
                "versions": [
                    "versions.yml:md5,4e3a44cee65282ac56b08e2bbc4f1d46"
                ]
            }
        ],
        "meta": {
            "nf-test": "0.8.4",
            "nextflow": "24.04.1"
        },
        "timestamp": "2024-05-28T16:27:56.639849"
    },
    "actinidia_chinensis-genome": {
        "content": [
            [
                [
                    {
                        "id": "test"
                    },
                    "test.gtf:md5,7c781c919e6aa20561f72dea09474f74"
                ]
            ],
            "bcde1ebf4d77d00a1388faa12ec0d7e6",
            [
                "versions.yml:md5,4e3a44cee65282ac56b08e2bbc4f1d46"
            ],
            {
                "TSEBRA": {
                    "tsebra": "1.1.2.5"
                }
            }
        ],
        "meta": {
            "nf-test": "0.9.3",
            "nextflow": "25.10.3"
        },
        "timestamp": "2026-02-17T18:12:46.4379108"
    }
}