{
    "sarscov2 - fastq - stub": {
        "content": [
            "test.txt"
        ],
        "timestamp": "2024-01-20T16:10:49.521322767"
    },
    "sarscov2 - fastq - single-end": {
        "content": [
            {
                "0": [
                    [
                        {
                            "id": "test",
                            "single_end": true
                        },
                        "test.txt:md5,0d9f8fd36fcf2888296ae12632c5f0a8"
                    ]
                ],
                "1": [
                    "versions.yml:md5,2b2b98cb635a611e5eb964e5a77f6248"
                ],
                "summary": [
                    [
                        {
                            "id": "test",
                            "single_end": true
                        },
                        "test.txt:md5,0d9f8fd36fcf2888296ae12632c5f0a8"
                    ]
                ],
                "versions": [
                    "versions.yml:md5,2b2b98cb635a611e5eb964e5a77f6248"
                ]
            }
        ],
        "timestamp": "2024-01-20T16:08:47.644443775"
    }
}
