{
    "homo_sapiens - [fastq1, fastq2]": {
        "content": [
            {
                "bam": [
                    [
                        {
                            "id": "test"
                        },
                        "test.bam:md5,9c2476e5c354f57bed109e582b8953be"
                    ]
                ],
                "versions_fgumi": [
                    [
                        "FGUMI_EXTRACT",
                        "fgumi",
                        "0.2.0"
                    ]
                ]
            }
        ],
        "timestamp": "2026-05-07T12:48:51.477812468",
        "meta": {
            "nf-test": "0.9.5",
            "nextflow": "26.04.0"
        }
    },
    "homo_sapiens - [fastq1, fastq2] - stub": {
        "content": [
            {
                "bam": [
                    [
                        {
                            "id": "test"
                        },
                        "test.bam:md5,d41d8cd98f00b204e9800998ecf8427e"
                    ]
                ],
                "versions_fgumi": [
                    [
                        "FGUMI_EXTRACT",
                        "fgumi",
                        "0.2.0"
                    ]
                ]
            }
        ],
        "timestamp": "2026-05-07T12:49:21.767581495",
        "meta": {
            "nf-test": "0.9.5",
            "nextflow": "26.04.0"
        }
    }
}