{
    "Should run without failures": {
        "content": [
            true,
            [
                [
                    {
                        "id": "test",
                        "single_end": false
                    },
                    "test.tsv:md5,d5559764f563c4b55223e4e4a3dc1ec9"
                ]
            ],
            [
                "versions.yml:md5,fd7a8db316717ab0695e47d7d0a645ff"
            ]
        ],
        "meta": {
            "nf-test": "0.8.4",
            "nextflow": "23.04.2"
        },
        "timestamp": "2024-05-22T19:13:13.504227996"
    }
}