{
    "versions": {
        "content": [
            [
                "versions.yml:md5,b8567ba5a134b4d315242f72dacb7309"
            ]
        ],
        "meta": {
            "nf-test": "0.9.2",
            "nextflow": "24.10.5"
        },
        "timestamp": "2025-03-25T15:32:48.353384333"
    }
}