{
    "test-bwameth-index": {
        "content": [
            {
                "0": [
                    [
                        "genome.fasta:md5,6e9fe4042a72f2345f644f239272b7e6",
                        "genome.fasta.bwameth.c2t:md5,98039984526a41d04d6bd92fcc040c62",
                        "genome.fasta.bwameth.c2t.amb:md5,249a4195069071ce47cd0bae68abe376",
                        "genome.fasta.bwameth.c2t.ann:md5,46524d4359dcdfb203a235ab3b930dbb",
                        "genome.fasta.bwameth.c2t.bwt:md5,84f65df7d42dbe84c9ccfaddfdd5ea6b",
                        "genome.fasta.bwameth.c2t.pac:md5,4d8e51cb0bbdeaf24576bdf0264d8653",
                        "genome.fasta.bwameth.c2t.sa:md5,d25f6486f5134f57ed5b258f6fbb8673"
                    ]
                ],
                "1": [
                    "versions.yml:md5,0827d461c1a0b41bd533aea470843c2c"
                ],
                "index": [
                    [
                        "genome.fasta:md5,6e9fe4042a72f2345f644f239272b7e6",
                        "genome.fasta.bwameth.c2t:md5,98039984526a41d04d6bd92fcc040c62",
                        "genome.fasta.bwameth.c2t.amb:md5,249a4195069071ce47cd0bae68abe376",
                        "genome.fasta.bwameth.c2t.ann:md5,46524d4359dcdfb203a235ab3b930dbb",
                        "genome.fasta.bwameth.c2t.bwt:md5,84f65df7d42dbe84c9ccfaddfdd5ea6b",
                        "genome.fasta.bwameth.c2t.pac:md5,4d8e51cb0bbdeaf24576bdf0264d8653",
                        "genome.fasta.bwameth.c2t.sa:md5,d25f6486f5134f57ed5b258f6fbb8673"
                    ]
                ],
                "versions": [
                    "versions.yml:md5,0827d461c1a0b41bd533aea470843c2c"
                ]
            }
        ],
        "meta": {
            "nf-test": "0.8.4",
            "nextflow": "24.04.4"
        },
        "timestamp": "2024-08-28T13:57:11.602104"
    }
}