{
    "metagenome - nocleanup - withbracken - fasta - custom seqid2taxid": {
        "content": [
            "hash.k2d:md5,86bd4b8571139660fb27b02cf5817c71",
            "taxo.k2d:md5,493639ea082fa05498c3544ef28a7b57",
            "opts.k2d",
            "unmapped.txt",
            "database100mers.kmer_distrib",
            "database100mers.kraken",
            "database.kraken"
        ],
        "meta": {
            "nf-test": "0.9.2",
            "nextflow": "25.10.4"
        },
        "timestamp": "2026-04-19T21:57:00.36560986"
    },
    "metagenome - nocleanup - nobracken - fasta": {
        "content": [
            "hash.k2d:md5,4717689f8ba88d4cae51ecc7c9d9b372",
            "taxo.k2d:md5,24338e2d78f803f48bcc5653c6e51816",
            "opts.k2d"
        ],
        "meta": {
            "nf-test": "0.9.2",
            "nextflow": "25.10.4"
        },
        "timestamp": "2026-04-19T21:56:33.024509041"
    },
    "metagenome - withcleanup - nobracken - fasta": {
        "content": [
            "hash.k2d:md5,4717689f8ba88d4cae51ecc7c9d9b372",
            "taxo.k2d:md5,24338e2d78f803f48bcc5653c6e51816",
            "opts.k2d",
            "unmapped.txt"
        ],
        "meta": {
            "nf-test": "0.9.2",
            "nextflow": "25.10.4"
        },
        "timestamp": "2026-04-19T21:56:41.882217062"
    },
    "metagenome - nocleanup - withbracken - fasta": {
        "content": [
            "hash.k2d:md5,4717689f8ba88d4cae51ecc7c9d9b372",
            "taxo.k2d:md5,24338e2d78f803f48bcc5653c6e51816",
            "opts.k2d",
            "unmapped.txt",
            "database100mers.kmer_distrib",
            "database100mers.kraken",
            "database.kraken"
        ],
        "meta": {
            "nf-test": "0.9.2",
            "nextflow": "25.10.4"
        },
        "timestamp": "2026-04-19T21:56:50.95080232"
    }
}