{
    "tsv": {
        "content": [
            [
                [
                    {
                        "id": "test",
                        "single_end": false
                    },
                    "test.tsv:md5,1951084ce1d410028be86754997e5852"
                ]
            ]
        ],
        "timestamp": "2023-11-28T13:37:50.416170147"
    },
    "versions": {
        "content": [
            [
                "versions.yml:md5,5fccbfe34bc2894950abea0d409911b4"
            ]
        ],
        "timestamp": "2023-11-28T13:37:50.40824807"
    }
}