{
    "homo_sapiens [chr20] - ribotricer": {
        "content": [
            {
                "0": [
                    [
                        {
                            "id": "sample1",
                            "caller": "ribotricer"
                        },
                        "sample1.normalised.bed12:md5,39b1af4cfc3aa937103c9e8b3241045e"
                    ]
                ],
                "1": [
                    [
                        {
                            "id": "sample1",
                            "caller": "ribotricer"
                        },
                        "sample1.normalised.tsv:md5,100b121e11b720647cce835a501bfd64"
                    ]
                ],
                "2": [
                    "versions.yml:md5,169d97b7a0f6449e74013cdf065c9ed2"
                ],
                "bed12": [
                    [
                        {
                            "id": "sample1",
                            "caller": "ribotricer"
                        },
                        "sample1.normalised.bed12:md5,39b1af4cfc3aa937103c9e8b3241045e"
                    ]
                ],
                "tsv": [
                    [
                        {
                            "id": "sample1",
                            "caller": "ribotricer"
                        },
                        "sample1.normalised.tsv:md5,100b121e11b720647cce835a501bfd64"
                    ]
                ],
                "versions": [
                    "versions.yml:md5,169d97b7a0f6449e74013cdf065c9ed2"
                ]
            }
        ],
        "timestamp": "2026-05-21T17:09:30.859944699",
        "meta": {
            "nf-test": "0.9.5",
            "nextflow": "26.04.1"
        }
    },
    "homo_sapiens [chr20] - rpbp": {
        "content": [
            {
                "0": [
                    [
                        {
                            "id": "sample1",
                            "caller": "rpbp"
                        },
                        "sample1.normalised.bed12:md5,4d07a9e2989dd3681411aec1646f6da4"
                    ]
                ],
                "1": [
                    [
                        {
                            "id": "sample1",
                            "caller": "rpbp"
                        },
                        "sample1.normalised.tsv:md5,d483a44cf2638f2febf8f7cf51feef64"
                    ]
                ],
                "2": [
                    "versions.yml:md5,169d97b7a0f6449e74013cdf065c9ed2"
                ],
                "bed12": [
                    [
                        {
                            "id": "sample1",
                            "caller": "rpbp"
                        },
                        "sample1.normalised.bed12:md5,4d07a9e2989dd3681411aec1646f6da4"
                    ]
                ],
                "tsv": [
                    [
                        {
                            "id": "sample1",
                            "caller": "rpbp"
                        },
                        "sample1.normalised.tsv:md5,d483a44cf2638f2febf8f7cf51feef64"
                    ]
                ],
                "versions": [
                    "versions.yml:md5,169d97b7a0f6449e74013cdf065c9ed2"
                ]
            }
        ],
        "timestamp": "2026-05-21T17:09:36.754637472",
        "meta": {
            "nf-test": "0.9.5",
            "nextflow": "26.04.1"
        }
    },
    "homo_sapiens [chr20] - ribocode": {
        "content": [
            {
                "0": [
                    [
                        {
                            "id": "sample1",
                            "caller": "ribocode"
                        },
                        "sample1.normalised.bed12:md5,dbbe009aac309e669b1c14627c93b81f"
                    ]
                ],
                "1": [
                    [
                        {
                            "id": "sample1",
                            "caller": "ribocode"
                        },
                        "sample1.normalised.tsv:md5,237a3d9f268b1cf8f04da2a8919f862a"
                    ]
                ],
                "2": [
                    "versions.yml:md5,169d97b7a0f6449e74013cdf065c9ed2"
                ],
                "bed12": [
                    [
                        {
                            "id": "sample1",
                            "caller": "ribocode"
                        },
                        "sample1.normalised.bed12:md5,dbbe009aac309e669b1c14627c93b81f"
                    ]
                ],
                "tsv": [
                    [
                        {
                            "id": "sample1",
                            "caller": "ribocode"
                        },
                        "sample1.normalised.tsv:md5,237a3d9f268b1cf8f04da2a8919f862a"
                    ]
                ],
                "versions": [
                    "versions.yml:md5,169d97b7a0f6449e74013cdf065c9ed2"
                ]
            }
        ],
        "timestamp": "2026-05-21T17:09:19.145245145",
        "meta": {
            "nf-test": "0.9.5",
            "nextflow": "26.04.1"
        }
    },
    "homo_sapiens [chr20] - ribotish": {
        "content": [
            {
                "0": [
                    [
                        {
                            "id": "sample1",
                            "caller": "ribotish"
                        },
                        "sample1.normalised.bed12:md5,83e35410ce60f5289a4956016ea81534"
                    ]
                ],
                "1": [
                    [
                        {
                            "id": "sample1",
                            "caller": "ribotish"
                        },
                        "sample1.normalised.tsv:md5,680dbb398d60f2921be2cbab101774d7"
                    ]
                ],
                "2": [
                    "versions.yml:md5,169d97b7a0f6449e74013cdf065c9ed2"
                ],
                "bed12": [
                    [
                        {
                            "id": "sample1",
                            "caller": "ribotish"
                        },
                        "sample1.normalised.bed12:md5,83e35410ce60f5289a4956016ea81534"
                    ]
                ],
                "tsv": [
                    [
                        {
                            "id": "sample1",
                            "caller": "ribotish"
                        },
                        "sample1.normalised.tsv:md5,680dbb398d60f2921be2cbab101774d7"
                    ]
                ],
                "versions": [
                    "versions.yml:md5,169d97b7a0f6449e74013cdf065c9ed2"
                ]
            }
        ],
        "timestamp": "2026-05-21T17:09:24.921525947",
        "meta": {
            "nf-test": "0.9.5",
            "nextflow": "26.04.1"
        }
    },
    "homo_sapiens [chr19+chr22] - price": {
        "content": [
            {
                "0": [
                    [
                        {
                            "id": "cohort",
                            "caller": "price"
                        },
                        "cohort.normalised.bed12:md5,4df0b4c47a3ecd611b1d47f32e206d35"
                    ]
                ],
                "1": [
                    [
                        {
                            "id": "cohort",
                            "caller": "price"
                        },
                        "cohort.normalised.tsv:md5,a23a83cb7e4f011a158c2fa3c4d0a308"
                    ]
                ],
                "2": [
                    "versions.yml:md5,169d97b7a0f6449e74013cdf065c9ed2"
                ],
                "bed12": [
                    [
                        {
                            "id": "cohort",
                            "caller": "price"
                        },
                        "cohort.normalised.bed12:md5,4df0b4c47a3ecd611b1d47f32e206d35"
                    ]
                ],
                "tsv": [
                    [
                        {
                            "id": "cohort",
                            "caller": "price"
                        },
                        "cohort.normalised.tsv:md5,a23a83cb7e4f011a158c2fa3c4d0a308"
                    ]
                ],
                "versions": [
                    "versions.yml:md5,169d97b7a0f6449e74013cdf065c9ed2"
                ]
            }
        ],
        "timestamp": "2026-05-21T17:09:41.850195123",
        "meta": {
            "nf-test": "0.9.5",
            "nextflow": "26.04.1"
        }
    }
}