{
    "test_openms_decoydatabase": {
        "content": [
            {
                "0": [
                    [
                        {
                            "id": "test"
                        },
                        "yeast_UPS_decoy.fasta:md5,96c0295f69e0cb92b705ca4c33e6f047"
                    ]
                ],
                "1": [
                    "versions.yml:md5,29955625bab2d7680a741faab680f3a6"
                ],
                "decoy_fasta": [
                    [
                        {
                            "id": "test"
                        },
                        "yeast_UPS_decoy.fasta:md5,96c0295f69e0cb92b705ca4c33e6f047"
                    ]
                ],
                "versions": [
                    "versions.yml:md5,29955625bab2d7680a741faab680f3a6"
                ]
            }
        ],
        "meta": {
            "nf-test": "0.8.4",
            "nextflow": "23.10.1"
        },
        "timestamp": "2024-05-12T16:26:35.886966049"
    }
}