{
    "homo sapiens - gff3": {
        "content": [
            [
                [
                    "gene:ENSG00000198445.pickle:md5,6f2b19f22d2265ab16a54d50916b5902"
                ],
                "genes.gff:md5,6885b9a0b5bb2427a88805168b456d59"
            ],
            [
                "compressed_ids_to_genes.shelve.bak",
                "compressed_ids_to_genes.shelve.dat",
                "compressed_ids_to_genes.shelve.dir"
            ],
            {
                "versions_misopy": [
                    [
                        "MISOPY_INDEX",
                        "misopy",
                        "0.5.4"
                    ]
                ],
                "versions_python": [
                    [
                        "MISOPY_INDEX",
                        "python",
                        "2.7.15"
                    ]
                ]
            }
        ],
        "timestamp": "2026-06-27T17:07:47.925529228",
        "meta": {
            "nf-test": "0.9.5",
            "nextflow": "25.10.2"
        }
    },
    "homo sapiens - gff3 - stub": {
        "content": [
            {
                "miso_index": [
                    [
                        {
                            "id": "homo_sapiens"
                        },
                        [
                            "homo_sapiens.shelve:md5,d41d8cd98f00b204e9800998ecf8427e"
                        ]
                    ]
                ],
                "versions_misopy": [
                    [
                        "MISOPY_INDEX",
                        "misopy",
                        "0.5.4"
                    ]
                ],
                "versions_python": [
                    [
                        "MISOPY_INDEX",
                        "python",
                        "2.7.15"
                    ]
                ]
            }
        ],
        "timestamp": "2026-06-27T17:08:01.948063914",
        "meta": {
            "nf-test": "0.9.5",
            "nextflow": "25.10.2"
        }
    }
}