{
    "paired-end - sarscov2 - [fastq] - stub": {
        "content": [
            {
                "0": [
                    
                ],
                "1": [
                    
                ],
                "fixed_fastq": [
                    
                ],
                "versions": [
                    
                ]
            }
        ],
        "meta": {
            "nf-test": "0.9.3",
            "nextflow": "25.10.2"
        },
        "timestamp": "2026-01-26T12:40:15.266173289"
    },
    "paired-end - sarscov2 - [fastq]": {
        "content": [
            {
                "0": [
                    [
                        {
                            "id": "test",
                            "single_end": false
                        },
                        "test.fq.gz:md5,369452751050a7f1e31b839702d61417"
                    ]
                ],
                "1": [
                    "versions.yml:md5,76647a727690a8fbafa77a4b77cbe64c"
                ],
                "fixed_fastq": [
                    [
                        {
                            "id": "test",
                            "single_end": false
                        },
                        "test.fq.gz:md5,369452751050a7f1e31b839702d61417"
                    ]
                ],
                "versions": [
                    "versions.yml:md5,76647a727690a8fbafa77a4b77cbe64c"
                ]
            },
            {
                "ADAPTERREMOVALFIXPREFIX": {
                    "adapterremovalfixprefix": "0.0.5"
                }
            }
        ],
        "meta": {
            "nf-test": "0.9.2",
            "nextflow": "25.04.2"
        },
        "timestamp": "2025-06-01T15:09:19.323218602"
    }
}