{
    "td2.longorfs - transcriptome.fasta": {
        "content": [
            {
                "0": [
                    [
                        {
                            "id": "test_td2_longorfs"
                        },
                        [
                            "longest_orfs.cds:md5,4226fe196a4527f938e25061ffe7eaf6",
                            "longest_orfs.gff3:md5,864ae9147b65d07eb9d79c0e42968e12",
                            "longest_orfs.pep:md5,0151dac6998be924139a4f5a5a0c590b"
                        ]
                    ]
                ],
                "1": [
                    "versions.yml:md5,0856a2e8d28b454f9c3a768cd3451f1a"
                ],
                "orfs": [
                    [
                        {
                            "id": "test_td2_longorfs"
                        },
                        [
                            "longest_orfs.cds:md5,4226fe196a4527f938e25061ffe7eaf6",
                            "longest_orfs.gff3:md5,864ae9147b65d07eb9d79c0e42968e12",
                            "longest_orfs.pep:md5,0151dac6998be924139a4f5a5a0c590b"
                        ]
                    ]
                ],
                "versions": [
                    "versions.yml:md5,0856a2e8d28b454f9c3a768cd3451f1a"
                ]
            },
            {
                "TD2_LONGORFS": {
                    "td2": null
                }
            }
        ],
        "meta": {
            "nf-test": "0.9.3",
            "nextflow": "25.10.0"
        },
        "timestamp": "2025-11-27T09:33:10.428948889"
    },
    "td2.longorfs - transcriptome.fasta -stub": {
        "content": [
            {
                "0": [
                    [
                        {
                            "id": "test_td2_longorfs"
                        },
                        [
                            "longest_orfs.cds:md5,d41d8cd98f00b204e9800998ecf8427e",
                            "longest_orfs.gff3:md5,d41d8cd98f00b204e9800998ecf8427e",
                            "longest_orfs.pep:md5,d41d8cd98f00b204e9800998ecf8427e"
                        ]
                    ]
                ],
                "1": [
                    "versions.yml:md5,0856a2e8d28b454f9c3a768cd3451f1a"
                ],
                "orfs": [
                    [
                        {
                            "id": "test_td2_longorfs"
                        },
                        [
                            "longest_orfs.cds:md5,d41d8cd98f00b204e9800998ecf8427e",
                            "longest_orfs.gff3:md5,d41d8cd98f00b204e9800998ecf8427e",
                            "longest_orfs.pep:md5,d41d8cd98f00b204e9800998ecf8427e"
                        ]
                    ]
                ],
                "versions": [
                    "versions.yml:md5,0856a2e8d28b454f9c3a768cd3451f1a"
                ]
            },
            {
                "TD2_LONGORFS": {
                    "td2": null
                }
            }
        ],
        "meta": {
            "nf-test": "0.9.3",
            "nextflow": "25.10.0"
        },
        "timestamp": "2025-11-27T09:35:15.301277063"
    }
}