{
    "td2.longorfs - minigenome.fa - gene-transcript mapping - stub": {
        "content": [
            {
                "orfs": [
                    [
                        {
                            "id": "test"
                        },
                        [
                            "longest_orfs.cds:md5,d41d8cd98f00b204e9800998ecf8427e",
                            "longest_orfs.gff3:md5,d41d8cd98f00b204e9800998ecf8427e",
                            "longest_orfs.pep:md5,d41d8cd98f00b204e9800998ecf8427e"
                        ]
                    ]
                ],
                "versions_td2": [
                    [
                        "TD2_LONGORFS",
                        "TD2.LongOrfs",
                        "1.1.0"
                    ]
                ]
            }
        ],
        "timestamp": "2026-08-13T14:08:53.39173649",
        "meta": {
            "nf-test": "0.9.5",
            "nextflow": "26.04.3"
        }
    },
    "td2.longorfs - minigenome.fa - gene-transcript mapping": {
        "content": [
            {
                "orfs": [
                    [
                        {
                            "id": "test"
                        },
                        [
                            "longest_orfs.cds:md5,fa0dc3e710108bc46bd277d288715782",
                            "longest_orfs.gff3:md5,402d1b25d299b8a20079497e85f018fe",
                            "longest_orfs.pep:md5,0f6a40f2824bdad8c0aa0507d982f4b8"
                        ]
                    ]
                ],
                "versions_td2": [
                    [
                        "TD2_LONGORFS",
                        "TD2.LongOrfs",
                        "1.1.0"
                    ]
                ]
            }
        ],
        "timestamp": "2026-08-13T14:04:25.833991182",
        "meta": {
            "nf-test": "0.9.5",
            "nextflow": "26.04.3"
        }
    },
    "td2.longorfs - minigenome.fa -stub": {
        "content": [
            {
                "orfs": [
                    [
                        {
                            "id": "test"
                        },
                        [
                            "longest_orfs.cds:md5,d41d8cd98f00b204e9800998ecf8427e",
                            "longest_orfs.gff3:md5,d41d8cd98f00b204e9800998ecf8427e",
                            "longest_orfs.pep:md5,d41d8cd98f00b204e9800998ecf8427e"
                        ]
                    ]
                ],
                "versions_td2": [
                    [
                        "TD2_LONGORFS",
                        "TD2.LongOrfs",
                        "1.1.0"
                    ]
                ]
            }
        ],
        "timestamp": "2026-08-13T14:03:22.792357638",
        "meta": {
            "nf-test": "0.9.5",
            "nextflow": "26.04.3"
        }
    },
    "td2.longorfs - minigenome.fa": {
        "content": [
            {
                "orfs": [
                    [
                        {
                            "id": "test"
                        },
                        [
                            "longest_orfs.cds:md5,fa0dc3e710108bc46bd277d288715782",
                            "longest_orfs.gff3:md5,402d1b25d299b8a20079497e85f018fe",
                            "longest_orfs.pep:md5,0f6a40f2824bdad8c0aa0507d982f4b8"
                        ]
                    ]
                ],
                "versions_td2": [
                    [
                        "TD2_LONGORFS",
                        "TD2.LongOrfs",
                        "1.1.0"
                    ]
                ]
            }
        ],
        "timestamp": "2026-08-13T14:03:17.065688654",
        "meta": {
            "nf-test": "0.9.5",
            "nextflow": "26.04.3"
        }
    }
}