{
    "merge bam": {
        "content": [
            "2f11e4fe3390b8ad0a1852616fd1da04",
            "test.bam.bai",
            {
                "versions_sentieon": [
                    [
                        "SENTIEON_READWRITER",
                        "sentieon",
                        "202503.02"
                    ]
                ]
            }
        ],
        "meta": {
            "nf-test": "0.9.3",
            "nextflow": "25.10.2"
        },
        "timestamp": "2026-01-22T06:50:06.653644023"
    },
    "cram": {
        "content": [
            "2f11e4fe3390b8ad0a1852616fd1da04",
            "test.cram.crai",
            {
                "versions_sentieon": [
                    [
                        "SENTIEON_READWRITER",
                        "sentieon",
                        "202503.02"
                    ]
                ]
            }
        ],
        "meta": {
            "nf-test": "0.9.3",
            "nextflow": "25.10.2"
        },
        "timestamp": "2026-01-22T06:50:15.682983539"
    },
    "merging - output bam": {
        "content": [
            "ed89d81d2d6adafdbb819a1a4ec86493",
            "test.bam.bai",
            {
                "versions_sentieon": [
                    [
                        "SENTIEON_READWRITER",
                        "sentieon",
                        "202503.02"
                    ]
                ]
            }
        ],
        "meta": {
            "nf-test": "0.9.3",
            "nextflow": "25.10.2"
        },
        "timestamp": "2026-01-22T06:50:24.255987992"
    },
    "merging - output bam to cram": {
        "content": [
            "ed89d81d2d6adafdbb819a1a4ec86493",
            "test.cram.crai",
            {
                "versions_sentieon": [
                    [
                        "SENTIEON_READWRITER",
                        "sentieon",
                        "202503.02"
                    ]
                ]
            }
        ],
        "meta": {
            "nf-test": "0.9.3",
            "nextflow": "25.10.2"
        },
        "timestamp": "2026-01-22T06:50:34.625552047"
    },
    "sentieon readwriter - stub": {
        "content": [
            {
                "0": [
                    [
                        {
                            "id": "test"
                        },
                        "test.cram:md5,d41d8cd98f00b204e9800998ecf8427e"
                    ]
                ],
                "1": [
                    [
                        {
                            "id": "test"
                        },
                        "test.cram.crai:md5,d41d8cd98f00b204e9800998ecf8427e"
                    ]
                ],
                "2": [
                    [
                        {
                            "id": "test"
                        },
                        "test.cram:md5,d41d8cd98f00b204e9800998ecf8427e",
                        "test.cram.crai:md5,d41d8cd98f00b204e9800998ecf8427e"
                    ]
                ],
                "3": [
                    [
                        "SENTIEON_READWRITER",
                        "sentieon",
                        "202503.02"
                    ]
                ],
                "index": [
                    [
                        {
                            "id": "test"
                        },
                        "test.cram.crai:md5,d41d8cd98f00b204e9800998ecf8427e"
                    ]
                ],
                "output": [
                    [
                        {
                            "id": "test"
                        },
                        "test.cram:md5,d41d8cd98f00b204e9800998ecf8427e"
                    ]
                ],
                "output_index": [
                    [
                        {
                            "id": "test"
                        },
                        "test.cram:md5,d41d8cd98f00b204e9800998ecf8427e",
                        "test.cram.crai:md5,d41d8cd98f00b204e9800998ecf8427e"
                    ]
                ],
                "versions_sentieon": [
                    [
                        "SENTIEON_READWRITER",
                        "sentieon",
                        "202503.02"
                    ]
                ]
            }
        ],
        "meta": {
            "nf-test": "0.9.3",
            "nextflow": "25.10.2"
        },
        "timestamp": "2026-01-22T06:50:41.960295919"
    }
}