{
    "homo_sapiens - svcf list - stub": {
        "content": [
            {
                "svcf": [
                    [
                        {
                            "id": "test"
                        },
                        "test.svcf:md5,d41d8cd98f00b204e9800998ecf8427e"
                    ]
                ],
                "upset_plot": [
                    
                ],
                "versions_octopusv": [
                    [
                        "OCTOPUSV_MERGE",
                        "octopusv",
                        "0.4.1"
                    ]
                ]
            }
        ],
        "timestamp": "2026-08-03T10:33:18.209917286",
        "meta": {
            "nf-test": "0.9.5",
            "nextflow": "25.10.4"
        }
    },
    "homo_sapiens - svcf list - intersect": {
        "content": [
            "VcfFile [chromosomes=[chr17], sampleCount=1, variantCount=1, phased=false, phasedAutodetect=false]",
            "26f6b1df09bdedc00a9bc1e27347e43",
            {
                "versions_octopusv": [
                    [
                        "OCTOPUSV_MERGE",
                        "octopusv",
                        "0.4.1"
                    ]
                ]
            }
        ],
        "timestamp": "2026-08-03T10:33:01.460558427",
        "meta": {
            "nf-test": "0.9.5",
            "nextflow": "25.10.4"
        }
    },
    "homo_sapiens - svcf list - default": {
        "content": [
            "VcfFile [chromosomes=[chr9, chr16_KI270728v1_random, chr7, chr8, chr8_KI270816v1_alt, chrUn_KI270757v1, chr6, chr3, chr21, chr11, chr22, chr4, chr2_KI270772v1_alt, chr1, chr12, chr15_ML143371v1_fix, chr14, chr8_KI270901v1_alt, chr16, chr17], sampleCount=1, variantCount=53, phased=false, phasedAutodetect=false]",
            "2723397129f8c4cfcb209d853d859c32",
            {
                "versions_octopusv": [
                    [
                        "OCTOPUSV_MERGE",
                        "octopusv",
                        "0.4.1"
                    ]
                ]
            }
        ],
        "timestamp": "2026-08-03T10:33:11.167410054",
        "meta": {
            "nf-test": "0.9.5",
            "nextflow": "25.10.4"
        }
    }
}