{
    "homo_sapiens - bam region - panel": {
        "content": [
            [
                [
                    {
                        "id": "input"
                    },
                    "input_chr22_16650000-16750000.vcf",
                    "VcfFile [chromosomes=[chr22], sampleCount=1, variantCount=266, phased=true, phasedAutodetect=false]",
                    "23026b2111d5b93194ebbb5de09d654d"
                ]
            ],
            [
                [
                    {
                        "id": "input"
                    },
                    "input_chr22_16650000-16750000_stats_coverage.txt.gz:md5,39bf5e7c67e377207656104f64fea657"
                ]
            ],
            {
                "versions_glimpse2": [
                    [
                        "GLIMPSE2_PHASE",
                        "glimpse2",
                        "2.0.0"
                    ]
                ]
            }
        ],
        "meta": {
            "nf-test": "0.9.3",
            "nextflow": "25.10.3"
        },
        "timestamp": "2026-02-06T09:42:28.90271162"
    },
    "homo_sapiens - [bam, bam] region - panel": {
        "content": [
            [
                [
                    {
                        "id": "input"
                    },
                    "input_chr22_16650000-16750000.vcf",
                    "VcfFile [chromosomes=[chr22], sampleCount=2, variantCount=266, phased=true, phasedAutodetect=false]",
                    "f06d12e3c16a8edc313ad564836008"
                ]
            ],
            [
                [
                    {
                        "id": "input"
                    },
                    "input_chr22_16650000-16750000_stats_coverage.txt.gz:md5,fa1b295b071c1b8670c013577a982139"
                ]
            ],
            {
                "versions_glimpse2": [
                    [
                        "GLIMPSE2_PHASE",
                        "glimpse2",
                        "2.0.0"
                    ]
                ]
            }
        ],
        "meta": {
            "nf-test": "0.9.3",
            "nextflow": "25.10.3"
        },
        "timestamp": "2026-02-06T09:42:59.347904428"
    },
    "homo_sapiens - vcf region - panel": {
        "content": [
            [
                [
                    {
                        "id": "input"
                    },
                    "input_chr22_16650000-16750000.vcf",
                    "VcfFile [chromosomes=[chr22], sampleCount=1, variantCount=266, phased=true, phasedAutodetect=false]",
                    "d8e9e1ec4d9d229536a23f2f69a469de"
                ]
            ],
            [
                
            ],
            {
                "versions_glimpse2": [
                    [
                        "GLIMPSE2_PHASE",
                        "glimpse2",
                        "2.0.0"
                    ]
                ]
            }
        ],
        "meta": {
            "nf-test": "0.9.3",
            "nextflow": "25.10.3"
        },
        "timestamp": "2026-02-06T09:42:18.740875746"
    },
    "homo_sapiens - cram region - panel - fasta": {
        "content": [
            [
                [
                    {
                        "id": "input"
                    },
                    "input_chr22_16650000-16750000.vcf",
                    "VcfFile [chromosomes=[chr22], sampleCount=1, variantCount=266, phased=true, phasedAutodetect=false]",
                    "d8e9e1ec4d9d229536a23f2f69a469de"
                ]
            ],
            [
                [
                    {
                        "id": "input"
                    },
                    "input_chr22_16650000-16750000_stats_coverage.txt.gz:md5,c9558dd66680731d5a360818480c1998"
                ]
            ],
            {
                "versions_glimpse2": [
                    [
                        "GLIMPSE2_PHASE",
                        "glimpse2",
                        "2.0.0"
                    ]
                ]
            }
        ],
        "meta": {
            "nf-test": "0.9.3",
            "nextflow": "25.10.3"
        },
        "timestamp": "2026-02-06T09:42:49.709342087"
    },
    "homo_sapiens - [bam, bam] region sample rename - panel": {
        "content": [
            [
                [
                    {
                        "id": "input"
                    },
                    "input_chr22_16650000-16750000.vcf",
                    "VcfFile [chromosomes=[chr22], sampleCount=2, variantCount=266, phased=true, phasedAutodetect=false]",
                    "f2aff70c52df2f69d9bc1f4bf63fcb5c"
                ]
            ],
            [
                [
                    {
                        "id": "input"
                    },
                    "input_chr22_16650000-16750000_stats_coverage.txt.gz:md5,b21fbf77322b281c5cf4822edadd844c"
                ]
            ],
            {
                "versions_glimpse2": [
                    [
                        "GLIMPSE2_PHASE",
                        "glimpse2",
                        "2.0.0"
                    ]
                ]
            }
        ],
        "meta": {
            "nf-test": "0.9.3",
            "nextflow": "25.10.3"
        },
        "timestamp": "2026-02-06T09:43:18.729861703"
    },
    "homo_sapiens - vcf region - panel -- stub": {
        "content": [
            {
                "phased_variants": [
                    [
                        {
                            "id": "input"
                        },
                        "input_chr22_16650000-16750000.vcf:md5,d41d8cd98f00b204e9800998ecf8427e"
                    ]
                ],
                "stats_coverage": [
                    
                ],
                "versions_glimpse2": [
                    [
                        "GLIMPSE2_PHASE",
                        "glimpse2",
                        "2.0.0"
                    ]
                ]
            }
        ],
        "meta": {
            "nf-test": "0.9.3",
            "nextflow": "25.10.3"
        },
        "timestamp": "2026-02-06T09:38:25.145788121"
    }
}