{
    "test_fastq_align_bwaaln_singleend": {
        "content": [
            {
                "0": [
                    [
                        {
                            "id": "test",
                            "single_end": true,
                            "id_index": "test"
                        },
                        "test_test.bam:md5,169ce4d1ad3525538388227e22ec3ed8"
                    ]
                ],
                "1": [
                    [
                        {
                            "id": "test",
                            "single_end": true,
                            "id_index": "test"
                        },
                        "test_test.bam.bai:md5,13f68406c2cbdebcdeb021e0cdaddf4c"
                    ]
                ],
                "2": [
                    
                ],
                "3": [
                    "versions.yml:md5,124d2e1b093b21476256e044e8fec253",
                    "versions.yml:md5,209ff956f71d43636ac762b53ef365a3",
                    "versions.yml:md5,c4a34b84580bad80c046fa62848974cc"
                ],
                "bai": [
                    [
                        {
                            "id": "test",
                            "single_end": true,
                            "id_index": "test"
                        },
                        "test_test.bam.bai:md5,13f68406c2cbdebcdeb021e0cdaddf4c"
                    ]
                ],
                "bam": [
                    [
                        {
                            "id": "test",
                            "single_end": true,
                            "id_index": "test"
                        },
                        "test_test.bam:md5,169ce4d1ad3525538388227e22ec3ed8"
                    ]
                ],
                "csi": [
                    
                ],
                "versions": [
                    "versions.yml:md5,124d2e1b093b21476256e044e8fec253",
                    "versions.yml:md5,209ff956f71d43636ac762b53ef365a3",
                    "versions.yml:md5,c4a34b84580bad80c046fa62848974cc"
                ]
            }
        ],
        "meta": {
            "nf-test": "0.9.2",
            "nextflow": "24.10.5"
        },
        "timestamp": "2025-05-19T09:48:01.225136343"
    },
    "test_fastq_align_bwaaln_paired_end": {
        "content": [
            {
                "0": [
                    [
                        {
                            "id": "test",
                            "single_end": false,
                            "id_index": "test"
                        },
                        "test_test.bam:md5,ccfb0b82a51f50272293eacfbc75bc0f"
                    ]
                ],
                "1": [
                    [
                        {
                            "id": "test",
                            "single_end": false,
                            "id_index": "test"
                        },
                        "test_test.bam.bai:md5,1bc804bedab4ed128dedce32cf932056"
                    ]
                ],
                "2": [
                    
                ],
                "3": [
                    "versions.yml:md5,124d2e1b093b21476256e044e8fec253",
                    "versions.yml:md5,5e28c40fe8be1ae52352e59f8a67470d",
                    "versions.yml:md5,c4a34b84580bad80c046fa62848974cc"
                ],
                "bai": [
                    [
                        {
                            "id": "test",
                            "single_end": false,
                            "id_index": "test"
                        },
                        "test_test.bam.bai:md5,1bc804bedab4ed128dedce32cf932056"
                    ]
                ],
                "bam": [
                    [
                        {
                            "id": "test",
                            "single_end": false,
                            "id_index": "test"
                        },
                        "test_test.bam:md5,ccfb0b82a51f50272293eacfbc75bc0f"
                    ]
                ],
                "csi": [
                    
                ],
                "versions": [
                    "versions.yml:md5,124d2e1b093b21476256e044e8fec253",
                    "versions.yml:md5,5e28c40fe8be1ae52352e59f8a67470d",
                    "versions.yml:md5,c4a34b84580bad80c046fa62848974cc"
                ]
            }
        ],
        "meta": {
            "nf-test": "0.9.2",
            "nextflow": "24.10.5"
        },
        "timestamp": "2025-05-19T09:48:10.494400183"
    },
    "test_fastq_align_bwa_multiref": {
        "content": [
            {
                "0": [
                    [
                        {
                            "id": "test",
                            "single_end": false,
                            "id_index": "reftest2"
                        },
                        "test_reftest2.bam:md5,6e8e8f959d9783a774edf6e8cfa09624"
                    ],
                    [
                        {
                            "id": "test",
                            "single_end": false,
                            "id_index": "reftest"
                        },
                        "test_reftest.bam:md5,638678801f50130c61890c86a9fede7c"
                    ],
                    [
                        {
                            "id": "test2",
                            "single_end": true,
                            "id_index": "reftest2"
                        },
                        "test2_reftest2.bam:md5,5c7311ad5f6dbaaa04c82e927e0af946"
                    ],
                    [
                        {
                            "id": "test2",
                            "single_end": true,
                            "id_index": "reftest"
                        },
                        "test2_reftest.bam:md5,92772a6dbba3a12170c5b85182281400"
                    ]
                ],
                "1": [
                    [
                        {
                            "id": "test",
                            "single_end": false,
                            "id_index": "reftest2"
                        },
                        "test_reftest2.bam.bai:md5,16615e11435236323497a687daee78bc"
                    ],
                    [
                        {
                            "id": "test",
                            "single_end": false,
                            "id_index": "reftest"
                        },
                        "test_reftest.bam.bai:md5,e2ac9d2bff1a241be80d59651dc00408"
                    ],
                    [
                        {
                            "id": "test2",
                            "single_end": true,
                            "id_index": "reftest2"
                        },
                        "test2_reftest2.bam.bai:md5,3b99d4c5af1dfc3b19d938ac5e9a5b77"
                    ],
                    [
                        {
                            "id": "test2",
                            "single_end": true,
                            "id_index": "reftest"
                        },
                        "test2_reftest.bam.bai:md5,4729198907e33378110108646972fa36"
                    ]
                ],
                "2": [
                    
                ],
                "3": [
                    "versions.yml:md5,124d2e1b093b21476256e044e8fec253",
                    "versions.yml:md5,209ff956f71d43636ac762b53ef365a3",
                    "versions.yml:md5,5e28c40fe8be1ae52352e59f8a67470d",
                    "versions.yml:md5,c4a34b84580bad80c046fa62848974cc"
                ],
                "bai": [
                    [
                        {
                            "id": "test",
                            "single_end": false,
                            "id_index": "reftest2"
                        },
                        "test_reftest2.bam.bai:md5,16615e11435236323497a687daee78bc"
                    ],
                    [
                        {
                            "id": "test",
                            "single_end": false,
                            "id_index": "reftest"
                        },
                        "test_reftest.bam.bai:md5,e2ac9d2bff1a241be80d59651dc00408"
                    ],
                    [
                        {
                            "id": "test2",
                            "single_end": true,
                            "id_index": "reftest2"
                        },
                        "test2_reftest2.bam.bai:md5,3b99d4c5af1dfc3b19d938ac5e9a5b77"
                    ],
                    [
                        {
                            "id": "test2",
                            "single_end": true,
                            "id_index": "reftest"
                        },
                        "test2_reftest.bam.bai:md5,4729198907e33378110108646972fa36"
                    ]
                ],
                "bam": [
                    [
                        {
                            "id": "test",
                            "single_end": false,
                            "id_index": "reftest2"
                        },
                        "test_reftest2.bam:md5,6e8e8f959d9783a774edf6e8cfa09624"
                    ],
                    [
                        {
                            "id": "test",
                            "single_end": false,
                            "id_index": "reftest"
                        },
                        "test_reftest.bam:md5,638678801f50130c61890c86a9fede7c"
                    ],
                    [
                        {
                            "id": "test2",
                            "single_end": true,
                            "id_index": "reftest2"
                        },
                        "test2_reftest2.bam:md5,5c7311ad5f6dbaaa04c82e927e0af946"
                    ],
                    [
                        {
                            "id": "test2",
                            "single_end": true,
                            "id_index": "reftest"
                        },
                        "test2_reftest.bam:md5,92772a6dbba3a12170c5b85182281400"
                    ]
                ],
                "csi": [
                    
                ],
                "versions": [
                    "versions.yml:md5,124d2e1b093b21476256e044e8fec253",
                    "versions.yml:md5,209ff956f71d43636ac762b53ef365a3",
                    "versions.yml:md5,5e28c40fe8be1ae52352e59f8a67470d",
                    "versions.yml:md5,c4a34b84580bad80c046fa62848974cc"
                ]
            }
        ],
        "meta": {
            "nf-test": "0.9.2",
            "nextflow": "24.10.5"
        },
        "timestamp": "2025-05-19T09:48:28.180953505"
    },
    "test_fastq_align_bwaaln_both": {
        "content": [
            {
                "0": [
                    [
                        {
                            "id": "test",
                            "single_end": false,
                            "id_index": "test"
                        },
                        "test_test.bam:md5,ccfb0b82a51f50272293eacfbc75bc0f"
                    ],
                    [
                        {
                            "id": "test2",
                            "single_end": true,
                            "id_index": "test"
                        },
                        "test2_test.bam:md5,e795fd9f2506365b7118c385608f42a8"
                    ]
                ],
                "1": [
                    [
                        {
                            "id": "test",
                            "single_end": false,
                            "id_index": "test"
                        },
                        "test_test.bam.bai:md5,1bc804bedab4ed128dedce32cf932056"
                    ],
                    [
                        {
                            "id": "test2",
                            "single_end": true,
                            "id_index": "test"
                        },
                        "test2_test.bam.bai:md5,64766c11423c37d08582194a1b248650"
                    ]
                ],
                "2": [
                    
                ],
                "3": [
                    "versions.yml:md5,124d2e1b093b21476256e044e8fec253",
                    "versions.yml:md5,209ff956f71d43636ac762b53ef365a3",
                    "versions.yml:md5,5e28c40fe8be1ae52352e59f8a67470d",
                    "versions.yml:md5,c4a34b84580bad80c046fa62848974cc"
                ],
                "bai": [
                    [
                        {
                            "id": "test",
                            "single_end": false,
                            "id_index": "test"
                        },
                        "test_test.bam.bai:md5,1bc804bedab4ed128dedce32cf932056"
                    ],
                    [
                        {
                            "id": "test2",
                            "single_end": true,
                            "id_index": "test"
                        },
                        "test2_test.bam.bai:md5,64766c11423c37d08582194a1b248650"
                    ]
                ],
                "bam": [
                    [
                        {
                            "id": "test",
                            "single_end": false,
                            "id_index": "test"
                        },
                        "test_test.bam:md5,ccfb0b82a51f50272293eacfbc75bc0f"
                    ],
                    [
                        {
                            "id": "test2",
                            "single_end": true,
                            "id_index": "test"
                        },
                        "test2_test.bam:md5,e795fd9f2506365b7118c385608f42a8"
                    ]
                ],
                "csi": [
                    
                ],
                "versions": [
                    "versions.yml:md5,124d2e1b093b21476256e044e8fec253",
                    "versions.yml:md5,209ff956f71d43636ac762b53ef365a3",
                    "versions.yml:md5,5e28c40fe8be1ae52352e59f8a67470d",
                    "versions.yml:md5,c4a34b84580bad80c046fa62848974cc"
                ]
            }
        ],
        "meta": {
            "nf-test": "0.9.2",
            "nextflow": "24.10.5"
        },
        "timestamp": "2025-05-19T09:48:19.875673437"
    },
    "test_fastq_align_bwa_multiref -- stub": {
        "content": [
            {
                "0": [
                    [
                        {
                            "id": "test",
                            "single_end": false,
                            "id_index": "reftest2"
                        },
                        "test_reftest2.bam:md5,d41d8cd98f00b204e9800998ecf8427e"
                    ],
                    [
                        {
                            "id": "test",
                            "single_end": false,
                            "id_index": "reftest"
                        },
                        "test_reftest.bam:md5,d41d8cd98f00b204e9800998ecf8427e"
                    ],
                    [
                        {
                            "id": "test2",
                            "single_end": true,
                            "id_index": "reftest2"
                        },
                        "test2_reftest2.bam:md5,d41d8cd98f00b204e9800998ecf8427e"
                    ],
                    [
                        {
                            "id": "test2",
                            "single_end": true,
                            "id_index": "reftest"
                        },
                        "test2_reftest.bam:md5,d41d8cd98f00b204e9800998ecf8427e"
                    ]
                ],
                "1": [
                    [
                        {
                            "id": "test",
                            "single_end": false,
                            "id_index": "reftest2"
                        },
                        "test_reftest2.bam.bai:md5,d41d8cd98f00b204e9800998ecf8427e"
                    ],
                    [
                        {
                            "id": "test",
                            "single_end": false,
                            "id_index": "reftest"
                        },
                        "test_reftest.bam.bai:md5,d41d8cd98f00b204e9800998ecf8427e"
                    ],
                    [
                        {
                            "id": "test2",
                            "single_end": true,
                            "id_index": "reftest2"
                        },
                        "test2_reftest2.bam.bai:md5,d41d8cd98f00b204e9800998ecf8427e"
                    ],
                    [
                        {
                            "id": "test2",
                            "single_end": true,
                            "id_index": "reftest"
                        },
                        "test2_reftest.bam.bai:md5,d41d8cd98f00b204e9800998ecf8427e"
                    ]
                ],
                "2": [
                    
                ],
                "3": [
                    "versions.yml:md5,124d2e1b093b21476256e044e8fec253",
                    "versions.yml:md5,209ff956f71d43636ac762b53ef365a3",
                    "versions.yml:md5,5e28c40fe8be1ae52352e59f8a67470d",
                    "versions.yml:md5,c4a34b84580bad80c046fa62848974cc"
                ],
                "bai": [
                    [
                        {
                            "id": "test",
                            "single_end": false,
                            "id_index": "reftest2"
                        },
                        "test_reftest2.bam.bai:md5,d41d8cd98f00b204e9800998ecf8427e"
                    ],
                    [
                        {
                            "id": "test",
                            "single_end": false,
                            "id_index": "reftest"
                        },
                        "test_reftest.bam.bai:md5,d41d8cd98f00b204e9800998ecf8427e"
                    ],
                    [
                        {
                            "id": "test2",
                            "single_end": true,
                            "id_index": "reftest2"
                        },
                        "test2_reftest2.bam.bai:md5,d41d8cd98f00b204e9800998ecf8427e"
                    ],
                    [
                        {
                            "id": "test2",
                            "single_end": true,
                            "id_index": "reftest"
                        },
                        "test2_reftest.bam.bai:md5,d41d8cd98f00b204e9800998ecf8427e"
                    ]
                ],
                "bam": [
                    [
                        {
                            "id": "test",
                            "single_end": false,
                            "id_index": "reftest2"
                        },
                        "test_reftest2.bam:md5,d41d8cd98f00b204e9800998ecf8427e"
                    ],
                    [
                        {
                            "id": "test",
                            "single_end": false,
                            "id_index": "reftest"
                        },
                        "test_reftest.bam:md5,d41d8cd98f00b204e9800998ecf8427e"
                    ],
                    [
                        {
                            "id": "test2",
                            "single_end": true,
                            "id_index": "reftest2"
                        },
                        "test2_reftest2.bam:md5,d41d8cd98f00b204e9800998ecf8427e"
                    ],
                    [
                        {
                            "id": "test2",
                            "single_end": true,
                            "id_index": "reftest"
                        },
                        "test2_reftest.bam:md5,d41d8cd98f00b204e9800998ecf8427e"
                    ]
                ],
                "csi": [
                    
                ],
                "versions": [
                    "versions.yml:md5,124d2e1b093b21476256e044e8fec253",
                    "versions.yml:md5,209ff956f71d43636ac762b53ef365a3",
                    "versions.yml:md5,5e28c40fe8be1ae52352e59f8a67470d",
                    "versions.yml:md5,c4a34b84580bad80c046fa62848974cc"
                ]
            },
            [
                {
                    "FASTQ_ALIGN_BWAALN:SAMTOOLS_INDEX": {
                        "samtools": 1.21
                    }
                },
                {
                    "FASTQ_ALIGN_BWAALN:BWA_SAMSE": {
                        "bwa": "0.7.18-r1243-dirty",
                        "samtools": 1.21
                    }
                },
                {
                    "FASTQ_ALIGN_BWAALN:BWA_SAMPE": {
                        "bwa": "0.7.18-r1243-dirty",
                        "samtools": 1.21
                    }
                },
                {
                    "FASTQ_ALIGN_BWAALN:BWA_ALN": {
                        "bwa": "0.7.18-r1243-dirty"
                    }
                }
            ]
        ],
        "meta": {
            "nf-test": "0.9.2",
            "nextflow": "24.10.5"
        },
        "timestamp": "2025-05-19T10:06:46.865101798"
    }
}