{
    "human_pe_bam": {
        "content": [
            "versions.yml:md5,bad529c7a165615b9641e7780cc13160"
        ],
        "timestamp": "2023-04-06T02:02:46+0000"
    },
    "human_se_bam": {
        "content": [
            "versions.yml:md5,bad529c7a165615b9641e7780cc13160"
        ],
        "timestamp": "2023-04-06T02:02:46+0000"
    }
}