{
    "sarscov2 - bigwig - stub": {
        "content": [
            {
                "0": [
                    [
                        {
                            "id": "test"
                        },
                        "all_bigwig.bigwigSummary.npz:md5,d41d8cd98f00b204e9800998ecf8427e"
                    ]
                ],
                "1": [
                    [
                        "DEEPTOOLS_MULTIBIGWIGSUMMARY",
                        "deeptools",
                        "3.5.6"
                    ]
                ],
                "matrix": [
                    [
                        {
                            "id": "test"
                        },
                        "all_bigwig.bigwigSummary.npz:md5,d41d8cd98f00b204e9800998ecf8427e"
                    ]
                ],
                "versions_deeptools": [
                    [
                        "DEEPTOOLS_MULTIBIGWIGSUMMARY",
                        "deeptools",
                        "3.5.6"
                    ]
                ]
            }
        ],
        "timestamp": "2026-02-17T09:34:16.64996",
        "meta": {
            "nf-test": "0.9.4",
            "nextflow": "25.10.4"
        }
    },
    "sarscov2 - bigwig": {
        "content": [
            {
                "0": [
                    [
                        {
                            "id": "test"
                        },
                        "all_bigwig.bigwigSummary.npz:md5,0f980c1cd4b688875636beb330bfdb42"
                    ]
                ],
                "1": [
                    [
                        "DEEPTOOLS_MULTIBIGWIGSUMMARY",
                        "deeptools",
                        "3.5.6"
                    ]
                ],
                "matrix": [
                    [
                        {
                            "id": "test"
                        },
                        "all_bigwig.bigwigSummary.npz:md5,0f980c1cd4b688875636beb330bfdb42"
                    ]
                ],
                "versions_deeptools": [
                    [
                        "DEEPTOOLS_MULTIBIGWIGSUMMARY",
                        "deeptools",
                        "3.5.6"
                    ]
                ]
            }
        ],
        "timestamp": "2026-02-17T09:34:08.437658",
        "meta": {
            "nf-test": "0.9.4",
            "nextflow": "25.10.4"
        }
    }
}