{
    "SARS-CoV-2 scaffolds fasta": {
        "content": [
            {
                "0": [
                    [
                        {
                            "id": "test",
                            "single_end": false
                        },
                        "test.fas.gz:md5,d1f6be5d8ab412f582ee090256670fca"
                    ]
                ],
                "1": [
                    "versions.yml:md5,6e930f6a5acc19ff3a7849536a9fd0ee"
                ],
                "fas": [
                    [
                        {
                            "id": "test",
                            "single_end": false
                        },
                        "test.fas.gz:md5,d1f6be5d8ab412f582ee090256670fca"
                    ]
                ],
                "versions": [
                    "versions.yml:md5,6e930f6a5acc19ff3a7849536a9fd0ee"
                ]
            }
        ],
        "timestamp": "2024-01-16T14:28:01.433708229"
    },
    "SARS-CoV-2 scaffolds fasta - add informative sites fasta multiple": {
        "content": [
            {
                "0": [
                    [
                        {
                            "id": "test",
                            "single_end": false
                        },
                        "test.fas.gz:md5,33ed0bb9ebd994797774012877558d52"
                    ]
                ],
                "1": [
                    "versions.yml:md5,6e930f6a5acc19ff3a7849536a9fd0ee"
                ],
                "fas": [
                    [
                        {
                            "id": "test",
                            "single_end": false
                        },
                        "test.fas.gz:md5,33ed0bb9ebd994797774012877558d52"
                    ]
                ],
                "versions": [
                    "versions.yml:md5,6e930f6a5acc19ff3a7849536a9fd0ee"
                ]
            }
        ],
        "timestamp": "2024-01-16T14:45:14.79664521"
    },
    "SARS-CoV-2 scaffolds fasta - add informative sites fasta normal": {
        "content": [
            {
                "0": [
                    [
                        {
                            "id": "test",
                            "single_end": false
                        },
                        "test.fas.gz:md5,0e940fa705333ea38b3c0354aa053bff"
                    ]
                ],
                "1": [
                    "versions.yml:md5,6e930f6a5acc19ff3a7849536a9fd0ee"
                ],
                "fas": [
                    [
                        {
                            "id": "test",
                            "single_end": false
                        },
                        "test.fas.gz:md5,0e940fa705333ea38b3c0354aa053bff"
                    ]
                ],
                "versions": [
                    "versions.yml:md5,6e930f6a5acc19ff3a7849536a9fd0ee"
                ]
            }
        ],
        "timestamp": "2024-01-16T14:30:54.033549017"
    },
    "SARS-CoV-2 scaffolds fasta - add informative sites fasta long": {
        "content": [
            {
                "0": [
                    [
                        {
                            "id": "test",
                            "single_end": false
                        },
                        "test.fas.gz:md5,ffe1f669f170833bd2cbb1d2f9fbcc48"
                    ]
                ],
                "1": [
                    "versions.yml:md5,6e930f6a5acc19ff3a7849536a9fd0ee"
                ],
                "fas": [
                    [
                        {
                            "id": "test",
                            "single_end": false
                        },
                        "test.fas.gz:md5,ffe1f669f170833bd2cbb1d2f9fbcc48"
                    ]
                ],
                "versions": [
                    "versions.yml:md5,6e930f6a5acc19ff3a7849536a9fd0ee"
                ]
            }
        ],
        "timestamp": "2024-01-16T14:42:21.276116074"
    },
    "SARS-CoV-2 scaffolds fasta - add informative sites fasta profile": {
        "content": [
            {
                "0": [
                    [
                        {
                            "id": "test",
                            "single_end": false
                        },
                        "test.fas.gz:md5,c6a7794437c55e9e5ec3fe62c036b77b"
                    ]
                ],
                "1": [
                    "versions.yml:md5,6e930f6a5acc19ff3a7849536a9fd0ee"
                ],
                "fas": [
                    [
                        {
                            "id": "test",
                            "single_end": false
                        },
                        "test.fas.gz:md5,c6a7794437c55e9e5ec3fe62c036b77b"
                    ]
                ],
                "versions": [
                    "versions.yml:md5,6e930f6a5acc19ff3a7849536a9fd0ee"
                ]
            }
        ],
        "timestamp": "2024-01-16T14:39:28.070017656"
    },
    "SARS-CoV-2 scaffolds fasta - add informative sites fasta fragments": {
        "content": [
            {
                "0": [
                    [
                        {
                            "id": "test",
                            "single_end": false
                        },
                        "test.fas.gz:md5,33ed0bb9ebd994797774012877558d52"
                    ]
                ],
                "1": [
                    "versions.yml:md5,6e930f6a5acc19ff3a7849536a9fd0ee"
                ],
                "fas": [
                    [
                        {
                            "id": "test",
                            "single_end": false
                        },
                        "test.fas.gz:md5,33ed0bb9ebd994797774012877558d52"
                    ]
                ],
                "versions": [
                    "versions.yml:md5,6e930f6a5acc19ff3a7849536a9fd0ee"
                ]
            }
        ],
        "timestamp": "2024-01-16T14:33:44.579206218"
    },
    "SARS-CoV-2 scaffolds fasta - add informative sites fasta full": {
        "content": [
            {
                "0": [
                    [
                        {
                            "id": "test",
                            "single_end": false
                        },
                        "test.fas.gz:md5,bc0e5750801ceb7466174f0ea943f590"
                    ]
                ],
                "1": [
                    "versions.yml:md5,6e930f6a5acc19ff3a7849536a9fd0ee"
                ],
                "fas": [
                    [
                        {
                            "id": "test",
                            "single_end": false
                        },
                        "test.fas.gz:md5,bc0e5750801ceb7466174f0ea943f590"
                    ]
                ],
                "versions": [
                    "versions.yml:md5,6e930f6a5acc19ff3a7849536a9fd0ee"
                ]
            }
        ],
        "timestamp": "2024-01-16T14:36:37.15084246"
    }
}