{
    "Homo sapiens - transcriptome index - direct - transcriptome fasta": {
        "content": [
            "piscem_idx_cfish.json:md5,8fb486e6228a3b7399c94204572daf2a",
            "piscem_idx.ectab:md5,e8bf4860e5863c55b26b0f24d195a080",
            "piscem_idx.sshash:md5,445a7cdda4c45a826ba144fd13efd98f",
            [
                "versions.yml:md5,145009739736e406daf7301695e811fb"
            ]
        ],
        "meta": {
            "nf-test": "0.9.0",
            "nextflow": "24.04.4"
        },
        "timestamp": "2024-09-06T19:32:34.981162507"
    },
    "Homo sapiens - transcriptome index - direct - transcriptome fasta - stub": {
        "content": [
            {
                "0": [
                    [
                        [
                            
                        ],
                        [
                            [
                                "piscem_idx.ectab:md5,d41d8cd98f00b204e9800998ecf8427e",
                                "piscem_idx.sshash:md5,d41d8cd98f00b204e9800998ecf8427e",
                                "piscem_idx_cfish.json:md5,d41d8cd98f00b204e9800998ecf8427e"
                            ],
                            [
                                "roers_ref.fa:md5,d41d8cd98f00b204e9800998ecf8427e",
                                "t2g_3col.tsv:md5,d41d8cd98f00b204e9800998ecf8427e"
                            ]
                        ]
                    ]
                ],
                "1": [
                    [
                        [
                            
                        ],
                        [
                            "piscem_idx.ectab:md5,d41d8cd98f00b204e9800998ecf8427e",
                            "piscem_idx.sshash:md5,d41d8cd98f00b204e9800998ecf8427e",
                            "piscem_idx_cfish.json:md5,d41d8cd98f00b204e9800998ecf8427e"
                        ]
                    ]
                ],
                "2": [
                    [
                        [
                            
                        ],
                        "t2g_3col.tsv:md5,d41d8cd98f00b204e9800998ecf8427e"
                    ]
                ],
                "3": [
                    "versions.yml:md5,0c7aae2917472d1bf10212fa222a3478"
                ],
                "index": [
                    [
                        [
                            
                        ],
                        [
                            "piscem_idx.ectab:md5,d41d8cd98f00b204e9800998ecf8427e",
                            "piscem_idx.sshash:md5,d41d8cd98f00b204e9800998ecf8427e",
                            "piscem_idx_cfish.json:md5,d41d8cd98f00b204e9800998ecf8427e"
                        ]
                    ]
                ],
                "simpleaf": [
                    [
                        [
                            
                        ],
                        [
                            [
                                "piscem_idx.ectab:md5,d41d8cd98f00b204e9800998ecf8427e",
                                "piscem_idx.sshash:md5,d41d8cd98f00b204e9800998ecf8427e",
                                "piscem_idx_cfish.json:md5,d41d8cd98f00b204e9800998ecf8427e"
                            ],
                            [
                                "roers_ref.fa:md5,d41d8cd98f00b204e9800998ecf8427e",
                                "t2g_3col.tsv:md5,d41d8cd98f00b204e9800998ecf8427e"
                            ]
                        ]
                    ]
                ],
                "transcript_tsv": [
                    [
                        [
                            
                        ],
                        "t2g_3col.tsv:md5,d41d8cd98f00b204e9800998ecf8427e"
                    ]
                ],
                "versions": [
                    "versions.yml:md5,0c7aae2917472d1bf10212fa222a3478"
                ]
            }
        ],
        "meta": {
            "nf-test": "0.9.0",
            "nextflow": "24.04.4"
        },
        "timestamp": "2024-09-06T20:53:52.218928935"
    },
    "Homo sapiens - genome index - expanded - fasta + gtf": {
        "content": [
            "piscem_idx_cfish.json:md5,3e71c4c809277897de1efac0cfaaa50b",
            "piscem_idx.ectab:md5,a5ea0ccd884e5eaef81cc1154926e08f",
            "piscem_idx.sshash:md5,f849ef7856214dcfd7aa0ba18398efb7",
            [
                "versions.yml:md5,145009739736e406daf7301695e811fb"
            ]
        ],
        "meta": {
            "nf-test": "0.9.0",
            "nextflow": "24.04.4"
        },
        "timestamp": "2024-09-06T19:32:01.581709639"
    }
}