{
    "species-tag-stub": {
        "content": [
            {
                "0": [
                    [
                        "CHANGELOG.md:md5,d41d8cd98f00b204e9800998ecf8427e",
                        "README.md:md5,d41d8cd98f00b204e9800998ecf8427e",
                        "genome_annotation.gff3:md5,d41d8cd98f00b204e9800998ecf8427e",
                        "pathogen.json:md5,59aebe25d51df248944d6780b11a190d",
                        "reference.fasta:md5,d41d8cd98f00b204e9800998ecf8427e",
                        "sequences.fasta:md5,d41d8cd98f00b204e9800998ecf8427e",
                        "tree.json:md5,d41d8cd98f00b204e9800998ecf8427e"
                    ]
                ],
                "1": [
                    [
                        "NEXTCLADE_DATASETGET",
                        "nextclade",
                        "3.21.2"
                    ]
                ],
                "2": [
                    [
                        "NEXTCLADE_DATASETGET",
                        "nextclade-dataset",
                        "2026-06-16--14-30-45Z"
                    ]
                ],
                "dataset": [
                    [
                        "CHANGELOG.md:md5,d41d8cd98f00b204e9800998ecf8427e",
                        "README.md:md5,d41d8cd98f00b204e9800998ecf8427e",
                        "genome_annotation.gff3:md5,d41d8cd98f00b204e9800998ecf8427e",
                        "pathogen.json:md5,59aebe25d51df248944d6780b11a190d",
                        "reference.fasta:md5,d41d8cd98f00b204e9800998ecf8427e",
                        "sequences.fasta:md5,d41d8cd98f00b204e9800998ecf8427e",
                        "tree.json:md5,d41d8cd98f00b204e9800998ecf8427e"
                    ]
                ],
                "versions_nextclade": [
                    [
                        "NEXTCLADE_DATASETGET",
                        "nextclade",
                        "3.21.2"
                    ]
                ],
                "versions_nextclade_dataset": [
                    [
                        "NEXTCLADE_DATASETGET",
                        "nextclade-dataset",
                        "2026-06-16--14-30-45Z"
                    ]
                ]
            }
        ],
        "timestamp": "2026-06-30T11:27:59.603937707",
        "meta": {
            "nf-test": "0.9.5",
            "nextflow": "25.10.2"
        }
    },
    "species-tag": {
        "content": [
            {
                "0": [
                    [
                        "CHANGELOG.md:md5,ebbe8be5a3c378ed903c1afb4d8c441d",
                        "README.md:md5,c69387d632361334f0d7c9b66065f947",
                        "genome_annotation.gff3:md5,4dff84d2d6ada820e0e3a8bc6798d402",
                        "pathogen.json:md5,db5bbec52359c1e168ffc5e6dc0ea32a",
                        "reference.fasta:md5,c7ce05f28e4ec0322c96f24e064ef55c",
                        "sequences.fasta:md5,c2a4d6cbb837dce22d81f9c36dd0629e",
                        "tree.json:md5,e180607cd34a6cb6bab101d295f6cedf"
                    ]
                ],
                "1": [
                    [
                        "NEXTCLADE_DATASETGET",
                        "nextclade",
                        "3.21.2"
                    ]
                ],
                "2": [
                    [
                        "NEXTCLADE_DATASETGET",
                        "nextclade-dataset",
                        "2024-01-16--20-31-02Z"
                    ]
                ],
                "dataset": [
                    [
                        "CHANGELOG.md:md5,ebbe8be5a3c378ed903c1afb4d8c441d",
                        "README.md:md5,c69387d632361334f0d7c9b66065f947",
                        "genome_annotation.gff3:md5,4dff84d2d6ada820e0e3a8bc6798d402",
                        "pathogen.json:md5,db5bbec52359c1e168ffc5e6dc0ea32a",
                        "reference.fasta:md5,c7ce05f28e4ec0322c96f24e064ef55c",
                        "sequences.fasta:md5,c2a4d6cbb837dce22d81f9c36dd0629e",
                        "tree.json:md5,e180607cd34a6cb6bab101d295f6cedf"
                    ]
                ],
                "versions_nextclade": [
                    [
                        "NEXTCLADE_DATASETGET",
                        "nextclade",
                        "3.21.2"
                    ]
                ],
                "versions_nextclade_dataset": [
                    [
                        "NEXTCLADE_DATASETGET",
                        "nextclade-dataset",
                        "2024-01-16--20-31-02Z"
                    ]
                ]
            }
        ],
        "timestamp": "2026-06-30T11:27:55.254806921",
        "meta": {
            "nf-test": "0.9.5",
            "nextflow": "25.10.2"
        }
    }
}