{
    "FUSIONINSPECTOR - test": {
        "content": [
            "test.FusionInspector.fusions.tsv",
            [
                [
                    {
                        "id": "test",
                        "single_end": false
                    },
                    "test.gtf:md5,d523061bd8b443a014d4cca9406ec772"
                ]
            ],
            "test.FusionInspector.fusions.abridged.tsv",
            "FusionInspector.log",
            {
                "versions_fusioninspector": [
                    [
                        "FUSIONINSPECTOR",
                        "fusion-inspector",
                        "2.10.0"
                    ]
                ]
            }
        ],
        "timestamp": "2026-05-05T16:23:55.92176369",
        "meta": {
            "nf-test": "0.9.5",
            "nextflow": "26.04.0"
        }
    },
    "FUSIONINSPECTOR - test - stub": {
        "content": [
            {
                "abridged_tsv": [
                    [
                        {
                            "id": "test",
                            "single_end": false
                        },
                        "test.FusionInspector.fusions.abridged.tsv:md5,d41d8cd98f00b204e9800998ecf8427e"
                    ]
                ],
                "chckpts_dir": [
                    [
                        {
                            "id": "test",
                            "single_end": false
                        },
                        [
                            
                        ]
                    ]
                ],
                "fi_workdir": [
                    [
                        {
                            "id": "test",
                            "single_end": false
                        },
                        [
                            "test.gtf:md5,d41d8cd98f00b204e9800998ecf8427e"
                        ]
                    ]
                ],
                "html": [
                    [
                        {
                            "id": "test",
                            "single_end": false
                        },
                        "test.fusion_inspector_web.html:md5,d41d8cd98f00b204e9800998ecf8427e"
                    ]
                ],
                "igv_inputs": [
                    [
                        {
                            "id": "test",
                            "single_end": false
                        },
                        [
                            
                        ]
                    ]
                ],
                "log": [
                    [
                        {
                            "id": "test",
                            "single_end": false
                        },
                        "FusionInspector.log:md5,d41d8cd98f00b204e9800998ecf8427e"
                    ]
                ],
                "out_gtf": [
                    [
                        {
                            "id": "test",
                            "single_end": false
                        },
                        "test.gtf:md5,d41d8cd98f00b204e9800998ecf8427e"
                    ]
                ],
                "tsv": [
                    [
                        {
                            "id": "test",
                            "single_end": false
                        },
                        "test.FusionInspector.fusions.tsv:md5,d41d8cd98f00b204e9800998ecf8427e"
                    ]
                ],
                "versions_fusioninspector": [
                    [
                        "FUSIONINSPECTOR",
                        "fusion-inspector",
                        "2.10.0"
                    ]
                ]
            }
        ],
        "timestamp": "2026-05-05T15:52:35.126800409",
        "meta": {
            "nf-test": "0.9.5",
            "nextflow": "26.04.0"
        }
    }
}