{
    "genome_cut": {
        "content": [
            "test.bed"
        ],
        "meta": {
            "nf-test": "0.9.2",
            "nextflow": "25.10.2"
        },
        "timestamp": "2024-02-22T16:02:14.744148"
    },
    "homo_21_cut_stub": {
        "content": [
            {
                "0": [
                    [
                        {
                            "id": "test",
                            "single_end": true
                        },
                        "test.bed:md5,d41d8cd98f00b204e9800998ecf8427e"
                    ]
                ],
                "1": [
                    [
                        "SEQTK_CUTN",
                        "seqtk",
                        "1.4-r122"
                    ]
                ],
                "bed": [
                    [
                        {
                            "id": "test",
                            "single_end": true
                        },
                        "test.bed:md5,d41d8cd98f00b204e9800998ecf8427e"
                    ]
                ],
                "versions_seqtk": [
                    [
                        "SEQTK_CUTN",
                        "seqtk",
                        "1.4-r122"
                    ]
                ]
            }
        ],
        "meta": {
            "nf-test": "0.9.2",
            "nextflow": "25.10.2"
        },
        "timestamp": "2026-01-14T13:16:52.871002273"
    },
    "homo_21_cut": {
        "content": [
            {
                "0": [
                    [
                        {
                            "id": "test",
                            "single_end": true
                        },
                        "test.bed:md5,16cbba84e3a4bdbb52217afb5051f948"
                    ]
                ],
                "1": [
                    [
                        "SEQTK_CUTN",
                        "seqtk",
                        "1.4-r122"
                    ]
                ],
                "bed": [
                    [
                        {
                            "id": "test",
                            "single_end": true
                        },
                        "test.bed:md5,16cbba84e3a4bdbb52217afb5051f948"
                    ]
                ],
                "versions_seqtk": [
                    [
                        "SEQTK_CUTN",
                        "seqtk",
                        "1.4-r122"
                    ]
                ]
            }
        ],
        "meta": {
            "nf-test": "0.9.2",
            "nextflow": "25.10.2"
        },
        "timestamp": "2026-01-14T13:16:38.948952544"
    }
}