{
    "sarscov2 - bam - stub": {
        "content": [
            {
                "0": [
                    [
                        {
                            "id": "test"
                        },
                        "test.tsv:md5,d41d8cd98f00b204e9800998ecf8427e"
                    ]
                ],
                "1": [
                    [
                        "CONCOCT_CONCOCTCOVERAGETABLE",
                        "concoct",
                        "1.1.0"
                    ]
                ],
                "tsv": [
                    [
                        {
                            "id": "test"
                        },
                        "test.tsv:md5,d41d8cd98f00b204e9800998ecf8427e"
                    ]
                ],
                "versions_concoct": [
                    [
                        "CONCOCT_CONCOCTCOVERAGETABLE",
                        "concoct",
                        "1.1.0"
                    ]
                ]
            },
            {
                "versions_concoct": [
                    [
                        "CONCOCT_CONCOCTCOVERAGETABLE",
                        "concoct",
                        "1.1.0"
                    ]
                ]
            }
        ],
        "timestamp": "2026-03-12T15:57:54.360446486",
        "meta": {
            "nf-test": "0.9.4",
            "nextflow": "25.10.4"
        }
    },
    "sarscov2 - bam": {
        "content": [
            {
                "0": [
                    [
                        {
                            "id": "test",
                            "single_end": false
                        },
                        "test.tsv:md5,0183c95ec03d2a6c83a4ca82935308a4"
                    ]
                ],
                "1": [
                    [
                        "CONCOCT_CONCOCTCOVERAGETABLE",
                        "concoct",
                        "1.1.0"
                    ]
                ],
                "tsv": [
                    [
                        {
                            "id": "test",
                            "single_end": false
                        },
                        "test.tsv:md5,0183c95ec03d2a6c83a4ca82935308a4"
                    ]
                ],
                "versions_concoct": [
                    [
                        "CONCOCT_CONCOCTCOVERAGETABLE",
                        "concoct",
                        "1.1.0"
                    ]
                ]
            },
            {
                "versions_concoct": [
                    [
                        "CONCOCT_CONCOCTCOVERAGETABLE",
                        "concoct",
                        "1.1.0"
                    ]
                ]
            }
        ],
        "timestamp": "2026-03-12T15:57:43.779331482",
        "meta": {
            "nf-test": "0.9.4",
            "nextflow": "25.10.4"
        }
    }
}