{
    "sarscov2 - cram, crai, fasta, fai": {
        "content": [
            "test.npz",
            [
                "versions.yml:md5,dc34a4dc3f7c98e236b54d2b58c81e92"
            ]
        ],
        "meta": {
            "nf-test": "0.8.4",
            "nextflow": "24.04.4"
        },
        "timestamp": "2024-08-14T13:16:37.860063"
    },
    "sarscov2 - bam, bai, [], []": {
        "content": [
            "test.npz",
            [
                "versions.yml:md5,dc34a4dc3f7c98e236b54d2b58c81e92"
            ]
        ],
        "meta": {
            "nf-test": "0.8.4",
            "nextflow": "24.04.4"
        },
        "timestamp": "2024-08-14T13:16:29.20136"
    },
    "sarscov2 - bam, bai - stub": {
        "content": [
            "test.npz",
            [
                "versions.yml:md5,dc34a4dc3f7c98e236b54d2b58c81e92"
            ]
        ],
        "meta": {
            "nf-test": "0.8.4",
            "nextflow": "24.04.4"
        },
        "timestamp": "2024-08-14T13:16:42.678843"
    }
}