{
    "test-arriba-download": {
        "content": [
            {
                "0": [
                    "blacklist_hg38_GRCh38_v2.4.0.tsv.gz:md5,e3098a4be51aece78aede64b55c39318"
                ],
                "1": [
                    "cytobands_hg38_GRCh38_v2.4.0.tsv:md5,7bd504feefb33fcfc9be0517439a423c"
                ],
                "2": [
                    "protein_domains_hg38_GRCh38_v2.4.0.gff3:md5,43c387a784ebeed71b4147076cebf978"
                ],
                "3": [
                    "known_fusions_hg38_GRCh38_v2.4.0.tsv.gz:md5,4f00f81ccb5f4db283f1a22b8b0da67c"
                ],
                "4": [
                    "versions.yml:md5,2eceb869dbe2f3e15b9e0fa0ece360ac"
                ],
                "blacklist": [
                    "blacklist_hg38_GRCh38_v2.4.0.tsv.gz:md5,e3098a4be51aece78aede64b55c39318"
                ],
                "cytobands": [
                    "cytobands_hg38_GRCh38_v2.4.0.tsv:md5,7bd504feefb33fcfc9be0517439a423c"
                ],
                "known_fusions": [
                    "known_fusions_hg38_GRCh38_v2.4.0.tsv.gz:md5,4f00f81ccb5f4db283f1a22b8b0da67c"
                ],
                "protein_domains": [
                    "protein_domains_hg38_GRCh38_v2.4.0.gff3:md5,43c387a784ebeed71b4147076cebf978"
                ],
                "versions": [
                    "versions.yml:md5,2eceb869dbe2f3e15b9e0fa0ece360ac"
                ]
            }
        ],
        "meta": {
            "nf-test": "0.9.2",
            "nextflow": "24.10.5"
        },
        "timestamp": "2025-03-25T15:49:57.052243833"
    }
}